<!doctype html public "-//w3c//dtd html 4.0 transitional//en">
<html><head>
<title>Static Call Graph - [.\Objects\Project.axf]</title></head>
<body><HR>
<H1>Static Call Graph for image .\Objects\Project.axf</H1><HR>
<BR><P>#&#060CALLGRAPH&#062# ARM Linker, 5060528: Last Updated: Mon May 11 16:44:48 2026
<BR><P>
<H3>Maximum Stack Usage =        156 bytes + Unknown(Functions without stacksize, Cycles, Untraceable Function Pointers)</H3><H3>
Call chain for Maximum Stack Depth:</H3>
__rt_entry_main &rArr; main &rArr; USART3_Init &rArr; USART_Init &rArr; RCC_GetClocksFreqValue
<P>
<H3>
Functions with no stack information
</H3><UL>
 <LI><a href="#[77]">__user_initial_stackheap</a>
</UL>
</UL>
<P>
<H3>
Mutually Recursive functions
</H3> <LI><a href="#[a]">PendSV_Handler</a>&nbsp;&nbsp;&nbsp;&rArr;&nbsp;&nbsp;&nbsp;<a href="#[a]">PendSV_Handler</a><BR>
 <LI><a href="#[1e]">ADC1_2_IRQHandler</a>&nbsp;&nbsp;&nbsp;&rArr;&nbsp;&nbsp;&nbsp;<a href="#[1e]">ADC1_2_IRQHandler</a><BR>
</UL>
<P>
<H3>
Function Pointers
</H3><UL>
 <LI><a href="#[1e]">ADC1_2_IRQHandler</a> from startup_n32g4fr.o(.text) referenced from startup_n32g4fr.o(RESET)
 <LI><a href="#[6]">BusFault_Handler</a> from n32g4fr_it.o(i.BusFault_Handler) referenced from startup_n32g4fr.o(RESET)
 <LI><a href="#[21]">CAN1_RX1_IRQHandler</a> from startup_n32g4fr.o(.text) referenced from startup_n32g4fr.o(RESET)
 <LI><a href="#[22]">CAN1_SCE_IRQHandler</a> from startup_n32g4fr.o(.text) referenced from startup_n32g4fr.o(RESET)
 <LI><a href="#[4c]">CAN2_RX0_IRQHandler</a> from startup_n32g4fr.o(.text) referenced from startup_n32g4fr.o(RESET)
 <LI><a href="#[4d]">CAN2_RX1_IRQHandler</a> from startup_n32g4fr.o(.text) referenced from startup_n32g4fr.o(RESET)
 <LI><a href="#[4e]">CAN2_SCE_IRQHandler</a> from startup_n32g4fr.o(.text) referenced from startup_n32g4fr.o(RESET)
 <LI><a href="#[4b]">CAN2_TX_IRQHandler</a> from startup_n32g4fr.o(.text) referenced from startup_n32g4fr.o(RESET)
 <LI><a href="#[17]">DMA1_Channel1_IRQHandler</a> from startup_n32g4fr.o(.text) referenced from startup_n32g4fr.o(RESET)
 <LI><a href="#[18]">DMA1_Channel2_IRQHandler</a> from main.o(i.DMA1_Channel2_IRQHandler) referenced from startup_n32g4fr.o(RESET)
 <LI><a href="#[19]">DMA1_Channel3_IRQHandler</a> from startup_n32g4fr.o(.text) referenced from startup_n32g4fr.o(RESET)
 <LI><a href="#[1a]">DMA1_Channel4_IRQHandler</a> from startup_n32g4fr.o(.text) referenced from startup_n32g4fr.o(RESET)
 <LI><a href="#[1b]">DMA1_Channel5_IRQHandler</a> from startup_n32g4fr.o(.text) referenced from startup_n32g4fr.o(RESET)
 <LI><a href="#[1c]">DMA1_Channel6_IRQHandler</a> from startup_n32g4fr.o(.text) referenced from startup_n32g4fr.o(RESET)
 <LI><a href="#[1d]">DMA1_Channel7_IRQHandler</a> from startup_n32g4fr.o(.text) referenced from startup_n32g4fr.o(RESET)
 <LI><a href="#[58]">DMA1_Channel8_IRQHandler</a> from startup_n32g4fr.o(.text) referenced from startup_n32g4fr.o(RESET)
 <LI><a href="#[44]">DMA2_Channel1_IRQHandler</a> from startup_n32g4fr.o(.text) referenced from startup_n32g4fr.o(RESET)
 <LI><a href="#[45]">DMA2_Channel2_IRQHandler</a> from startup_n32g4fr.o(.text) referenced from startup_n32g4fr.o(RESET)
 <LI><a href="#[46]">DMA2_Channel3_IRQHandler</a> from startup_n32g4fr.o(.text) referenced from startup_n32g4fr.o(RESET)
 <LI><a href="#[47]">DMA2_Channel4_IRQHandler</a> from startup_n32g4fr.o(.text) referenced from startup_n32g4fr.o(RESET)
 <LI><a href="#[48]">DMA2_Channel5_IRQHandler</a> from startup_n32g4fr.o(.text) referenced from startup_n32g4fr.o(RESET)
 <LI><a href="#[50]">DMA2_Channel6_IRQHandler</a> from startup_n32g4fr.o(.text) referenced from startup_n32g4fr.o(RESET)
 <LI><a href="#[51]">DMA2_Channel7_IRQHandler</a> from startup_n32g4fr.o(.text) referenced from startup_n32g4fr.o(RESET)
 <LI><a href="#[59]">DMA2_Channel8_IRQHandler</a> from startup_n32g4fr.o(.text) referenced from startup_n32g4fr.o(RESET)
 <LI><a href="#[5a]">DVP_IRQHandler</a> from startup_n32g4fr.o(.text) referenced from startup_n32g4fr.o(RESET)
 <LI><a href="#[9]">DebugMon_Handler</a> from n32g4fr_it.o(i.DebugMon_Handler) referenced from startup_n32g4fr.o(RESET)
 <LI><a href="#[12]">EXTI0_IRQHandler</a> from startup_n32g4fr.o(.text) referenced from startup_n32g4fr.o(RESET)
 <LI><a href="#[34]">EXTI15_10_IRQHandler</a> from startup_n32g4fr.o(.text) referenced from startup_n32g4fr.o(RESET)
 <LI><a href="#[13]">EXTI1_IRQHandler</a> from startup_n32g4fr.o(.text) referenced from startup_n32g4fr.o(RESET)
 <LI><a href="#[14]">EXTI2_IRQHandler</a> from startup_n32g4fr.o(.text) referenced from startup_n32g4fr.o(RESET)
 <LI><a href="#[15]">EXTI3_IRQHandler</a> from startup_n32g4fr.o(.text) referenced from startup_n32g4fr.o(RESET)
 <LI><a href="#[16]">EXTI4_IRQHandler</a> from startup_n32g4fr.o(.text) referenced from startup_n32g4fr.o(RESET)
 <LI><a href="#[23]">EXTI9_5_IRQHandler</a> from startup_n32g4fr.o(.text) referenced from startup_n32g4fr.o(RESET)
 <LI><a href="#[10]">FLASH_IRQHandler</a> from startup_n32g4fr.o(.text) referenced from startup_n32g4fr.o(RESET)
 <LI><a href="#[4]">HardFault_Handler</a> from n32g4fr_it.o(i.HardFault_Handler) referenced from startup_n32g4fr.o(RESET)
 <LI><a href="#[2c]">I2C1_ER_IRQHandler</a> from startup_n32g4fr.o(.text) referenced from startup_n32g4fr.o(RESET)
 <LI><a href="#[2b]">I2C1_EV_IRQHandler</a> from startup_n32g4fr.o(.text) referenced from startup_n32g4fr.o(RESET)
 <LI><a href="#[2e]">I2C2_ER_IRQHandler</a> from startup_n32g4fr.o(.text) referenced from startup_n32g4fr.o(RESET)
 <LI><a href="#[2d]">I2C2_EV_IRQHandler</a> from startup_n32g4fr.o(.text) referenced from startup_n32g4fr.o(RESET)
 <LI><a href="#[53]">I2C3_ER_IRQHandler</a> from startup_n32g4fr.o(.text) referenced from startup_n32g4fr.o(RESET)
 <LI><a href="#[52]">I2C3_EV_IRQHandler</a> from startup_n32g4fr.o(.text) referenced from startup_n32g4fr.o(RESET)
 <LI><a href="#[55]">I2C4_ER_IRQHandler</a> from startup_n32g4fr.o(.text) referenced from startup_n32g4fr.o(RESET)
 <LI><a href="#[54]">I2C4_EV_IRQHandler</a> from startup_n32g4fr.o(.text) referenced from startup_n32g4fr.o(RESET)
 <LI><a href="#[5c]">MMU_IRQHandler</a> from startup_n32g4fr.o(.text) referenced from startup_n32g4fr.o(RESET)
 <LI><a href="#[5]">MemManage_Handler</a> from n32g4fr_it.o(i.MemManage_Handler) referenced from startup_n32g4fr.o(RESET)
 <LI><a href="#[3]">NMI_Handler</a> from n32g4fr_it.o(i.NMI_Handler) referenced from startup_n32g4fr.o(RESET)
 <LI><a href="#[d]">PVD_IRQHandler</a> from startup_n32g4fr.o(.text) referenced from startup_n32g4fr.o(RESET)
 <LI><a href="#[a]">PendSV_Handler</a> from startup_n32g4fr.o(.text) referenced from startup_n32g4fr.o(RESET)
 <LI><a href="#[4f]">QSPI_IRQHandler</a> from startup_n32g4fr.o(.text) referenced from startup_n32g4fr.o(RESET)
 <LI><a href="#[11]">RCC_IRQHandler</a> from startup_n32g4fr.o(.text) referenced from startup_n32g4fr.o(RESET)
 <LI><a href="#[3b]">RESERVE47_IRQHandler</a> from startup_n32g4fr.o(.text) referenced from startup_n32g4fr.o(RESET)
 <LI><a href="#[3c]">RESERVE48_IRQHandler</a> from startup_n32g4fr.o(.text) referenced from startup_n32g4fr.o(RESET)
 <LI><a href="#[49]">RESERVE61_IRQHandler</a> from startup_n32g4fr.o(.text) referenced from startup_n32g4fr.o(RESET)
 <LI><a href="#[4a]">RESERVE62_IRQHandler</a> from startup_n32g4fr.o(.text) referenced from startup_n32g4fr.o(RESET)
 <LI><a href="#[5e]">RESERVE82_IRQHandler</a> from startup_n32g4fr.o(.text) referenced from startup_n32g4fr.o(RESET)
 <LI><a href="#[5f]">RESERVE83_IRQHandler</a> from startup_n32g4fr.o(.text) referenced from startup_n32g4fr.o(RESET)
 <LI><a href="#[60]">RESERVE84_IRQHandler</a> from startup_n32g4fr.o(.text) referenced from startup_n32g4fr.o(RESET)
 <LI><a href="#[61]">RSRAM_IRQHandler</a> from startup_n32g4fr.o(.text) referenced from startup_n32g4fr.o(RESET)
 <LI><a href="#[35]">RTCAlarm_IRQHandler</a> from startup_n32g4fr.o(.text) referenced from startup_n32g4fr.o(RESET)
 <LI><a href="#[f]">RTC_WKUP_IRQHandler</a> from startup_n32g4fr.o(.text) referenced from startup_n32g4fr.o(RESET)
 <LI><a href="#[2]">Reset_Handler</a> from startup_n32g4fr.o(.text) referenced from startup_n32g4fr.o(RESET)
 <LI><a href="#[5b]">SAC_IRQHandler</a> from startup_n32g4fr.o(.text) referenced from startup_n32g4fr.o(RESET)
 <LI><a href="#[3d]">SDIO_IRQHandler</a> from startup_n32g4fr.o(.text) referenced from startup_n32g4fr.o(RESET)
 <LI><a href="#[2f]">SPI1_IRQHandler</a> from startup_n32g4fr.o(.text) referenced from startup_n32g4fr.o(RESET)
 <LI><a href="#[30]">SPI2_IRQHandler</a> from startup_n32g4fr.o(.text) referenced from startup_n32g4fr.o(RESET)
 <LI><a href="#[3f]">SPI3_IRQHandler</a> from startup_n32g4fr.o(.text) referenced from startup_n32g4fr.o(RESET)
 <LI><a href="#[8]">SVC_Handler</a> from n32g4fr_it.o(i.SVC_Handler) referenced from startup_n32g4fr.o(RESET)
 <LI><a href="#[b]">SysTick_Handler</a> from n32g4fr_it.o(i.SysTick_Handler) referenced from startup_n32g4fr.o(RESET)
 <LI><a href="#[62]">SystemInit</a> from system_n32g4fr.o(i.SystemInit) referenced from startup_n32g4fr.o(.text)
 <LI><a href="#[e]">TAMPER_IRQHandler</a> from startup_n32g4fr.o(.text) referenced from startup_n32g4fr.o(RESET)
 <LI><a href="#[24]">TIM1_BRK_IRQHandler</a> from startup_n32g4fr.o(.text) referenced from startup_n32g4fr.o(RESET)
 <LI><a href="#[27]">TIM1_CC_IRQHandler</a> from startup_n32g4fr.o(.text) referenced from startup_n32g4fr.o(RESET)
 <LI><a href="#[26]">TIM1_TRG_COM_IRQHandler</a> from startup_n32g4fr.o(.text) referenced from startup_n32g4fr.o(RESET)
 <LI><a href="#[25]">TIM1_UP_IRQHandler</a> from startup_n32g4fr.o(.text) referenced from startup_n32g4fr.o(RESET)
 <LI><a href="#[28]">TIM2_IRQHandler</a> from startup_n32g4fr.o(.text) referenced from startup_n32g4fr.o(RESET)
 <LI><a href="#[29]">TIM3_IRQHandler</a> from startup_n32g4fr.o(.text) referenced from startup_n32g4fr.o(RESET)
 <LI><a href="#[2a]">TIM4_IRQHandler</a> from startup_n32g4fr.o(.text) referenced from startup_n32g4fr.o(RESET)
 <LI><a href="#[3e]">TIM5_IRQHandler</a> from main.o(i.TIM5_IRQHandler) referenced from startup_n32g4fr.o(RESET)
 <LI><a href="#[42]">TIM6_IRQHandler</a> from startup_n32g4fr.o(.text) referenced from startup_n32g4fr.o(RESET)
 <LI><a href="#[43]">TIM7_IRQHandler</a> from startup_n32g4fr.o(.text) referenced from startup_n32g4fr.o(RESET)
 <LI><a href="#[37]">TIM8_BRK_IRQHandler</a> from startup_n32g4fr.o(.text) referenced from startup_n32g4fr.o(RESET)
 <LI><a href="#[3a]">TIM8_CC_IRQHandler</a> from startup_n32g4fr.o(.text) referenced from startup_n32g4fr.o(RESET)
 <LI><a href="#[39]">TIM8_TRG_COM_IRQHandler</a> from startup_n32g4fr.o(.text) referenced from startup_n32g4fr.o(RESET)
 <LI><a href="#[38]">TIM8_UP_IRQHandler</a> from startup_n32g4fr.o(.text) referenced from startup_n32g4fr.o(RESET)
 <LI><a href="#[5d]">TSC_IRQHandler</a> from startup_n32g4fr.o(.text) referenced from startup_n32g4fr.o(RESET)
 <LI><a href="#[40]">UART4_IRQHandler</a> from startup_n32g4fr.o(.text) referenced from startup_n32g4fr.o(RESET)
 <LI><a href="#[41]">UART5_IRQHandler</a> from startup_n32g4fr.o(.text) referenced from startup_n32g4fr.o(RESET)
 <LI><a href="#[56]">UART6_IRQHandler</a> from startup_n32g4fr.o(.text) referenced from startup_n32g4fr.o(RESET)
 <LI><a href="#[57]">UART7_IRQHandler</a> from startup_n32g4fr.o(.text) referenced from startup_n32g4fr.o(RESET)
 <LI><a href="#[31]">USART1_IRQHandler</a> from startup_n32g4fr.o(.text) referenced from startup_n32g4fr.o(RESET)
 <LI><a href="#[32]">USART2_IRQHandler</a> from startup_n32g4fr.o(.text) referenced from startup_n32g4fr.o(RESET)
 <LI><a href="#[33]">USART3_IRQHandler</a> from startup_n32g4fr.o(.text) referenced from startup_n32g4fr.o(RESET)
 <LI><a href="#[36]">USBWakeUp_IRQHandler</a> from startup_n32g4fr.o(.text) referenced from startup_n32g4fr.o(RESET)
 <LI><a href="#[1f]">USB_HP_CAN1_TX_IRQHandler</a> from startup_n32g4fr.o(.text) referenced from startup_n32g4fr.o(RESET)
 <LI><a href="#[20]">USB_LP_CAN1_RX0_IRQHandler</a> from startup_n32g4fr.o(.text) referenced from startup_n32g4fr.o(RESET)
 <LI><a href="#[7]">UsageFault_Handler</a> from n32g4fr_it.o(i.UsageFault_Handler) referenced from startup_n32g4fr.o(RESET)
 <LI><a href="#[c]">WWDG_IRQHandler</a> from startup_n32g4fr.o(.text) referenced from startup_n32g4fr.o(RESET)
 <LI><a href="#[64]">__main</a> from __main.o(!!!main) referenced from startup_n32g4fr.o(.text)
</UL>
<P>
<H3>
Global Symbols
</H3>
<P><STRONG><a name="[64]"></a>__main</STRONG> (Thumb, 8 bytes, Stack size 0 bytes, __main.o(!!!main))
<BR><BR>[Calls]<UL><LI><a href="#[65]">&gt;&gt;</a>&nbsp;&nbsp;&nbsp;__scatterload
<LI><a href="#[66]">&gt;&gt;</a>&nbsp;&nbsp;&nbsp;__rt_entry
</UL>

<P><STRONG><a name="[65]"></a>__scatterload</STRONG> (Thumb, 0 bytes, Stack size unknown bytes, __scatter.o(!!!scatter))
<BR><BR>[Called By]<UL><LI><a href="#[64]">&gt;&gt;</a>&nbsp;&nbsp;&nbsp;__main
</UL>

<P><STRONG><a name="[67]"></a>__scatterload_rt2</STRONG> (Thumb, 44 bytes, Stack size unknown bytes, __scatter.o(!!!scatter), UNUSED)
<BR><BR>[Calls]<UL><LI><a href="#[66]">&gt;&gt;</a>&nbsp;&nbsp;&nbsp;__rt_entry
</UL>

<P><STRONG><a name="[b5]"></a>__scatterload_rt2_thumb_only</STRONG> (Thumb, 0 bytes, Stack size unknown bytes, __scatter.o(!!!scatter), UNUSED)

<P><STRONG><a name="[b6]"></a>__scatterload_null</STRONG> (Thumb, 0 bytes, Stack size unknown bytes, __scatter.o(!!!scatter), UNUSED)

<P><STRONG><a name="[68]"></a>__scatterload_copy</STRONG> (Thumb, 26 bytes, Stack size unknown bytes, __scatter_copy.o(!!handler_copy), UNUSED)
<BR><BR>[Calls]<UL><LI><a href="#[68]">&gt;&gt;</a>&nbsp;&nbsp;&nbsp;__scatterload_copy
</UL>
<BR>[Called By]<UL><LI><a href="#[68]">&gt;&gt;</a>&nbsp;&nbsp;&nbsp;__scatterload_copy
</UL>

<P><STRONG><a name="[b7]"></a>__scatterload_zeroinit</STRONG> (Thumb, 28 bytes, Stack size unknown bytes, __scatter_zi.o(!!handler_zi), UNUSED)

<P><STRONG><a name="[6e]"></a>__rt_lib_init</STRONG> (Thumb, 0 bytes, Stack size unknown bytes, libinit.o(.ARM.Collect$$libinit$$00000000))
<BR><BR>[Called By]<UL><LI><a href="#[6d]">&gt;&gt;</a>&nbsp;&nbsp;&nbsp;__rt_entry_li
</UL>

<P><STRONG><a name="[69]"></a>__rt_lib_init_fp_1</STRONG> (Thumb, 0 bytes, Stack size unknown bytes, libinit2.o(.ARM.Collect$$libinit$$00000001))
<BR><BR>[Calls]<UL><LI><a href="#[6a]">&gt;&gt;</a>&nbsp;&nbsp;&nbsp;_fp_init
</UL>

<P><STRONG><a name="[b8]"></a>__rt_lib_init_alloca_1</STRONG> (Thumb, 0 bytes, Stack size unknown bytes, libinit2.o(.ARM.Collect$$libinit$$0000002E))

<P><STRONG><a name="[b9]"></a>__rt_lib_init_argv_1</STRONG> (Thumb, 0 bytes, Stack size unknown bytes, libinit2.o(.ARM.Collect$$libinit$$0000002C))

<P><STRONG><a name="[ba]"></a>__rt_lib_init_atexit_1</STRONG> (Thumb, 0 bytes, Stack size unknown bytes, libinit2.o(.ARM.Collect$$libinit$$0000001B))

<P><STRONG><a name="[bb]"></a>__rt_lib_init_clock_1</STRONG> (Thumb, 0 bytes, Stack size unknown bytes, libinit2.o(.ARM.Collect$$libinit$$00000021))

<P><STRONG><a name="[bc]"></a>__rt_lib_init_cpp_1</STRONG> (Thumb, 0 bytes, Stack size unknown bytes, libinit2.o(.ARM.Collect$$libinit$$00000032))

<P><STRONG><a name="[bd]"></a>__rt_lib_init_exceptions_1</STRONG> (Thumb, 0 bytes, Stack size unknown bytes, libinit2.o(.ARM.Collect$$libinit$$00000030))

<P><STRONG><a name="[be]"></a>__rt_lib_init_fp_trap_1</STRONG> (Thumb, 0 bytes, Stack size unknown bytes, libinit2.o(.ARM.Collect$$libinit$$0000001F))

<P><STRONG><a name="[bf]"></a>__rt_lib_init_getenv_1</STRONG> (Thumb, 0 bytes, Stack size unknown bytes, libinit2.o(.ARM.Collect$$libinit$$00000023))

<P><STRONG><a name="[c0]"></a>__rt_lib_init_heap_1</STRONG> (Thumb, 0 bytes, Stack size unknown bytes, libinit2.o(.ARM.Collect$$libinit$$0000000A))

<P><STRONG><a name="[c1]"></a>__rt_lib_init_lc_collate_1</STRONG> (Thumb, 0 bytes, Stack size unknown bytes, libinit2.o(.ARM.Collect$$libinit$$00000011))

<P><STRONG><a name="[c2]"></a>__rt_lib_init_lc_ctype_1</STRONG> (Thumb, 0 bytes, Stack size unknown bytes, libinit2.o(.ARM.Collect$$libinit$$00000013))

<P><STRONG><a name="[c3]"></a>__rt_lib_init_lc_monetary_1</STRONG> (Thumb, 0 bytes, Stack size unknown bytes, libinit2.o(.ARM.Collect$$libinit$$00000015))

<P><STRONG><a name="[c4]"></a>__rt_lib_init_lc_numeric_1</STRONG> (Thumb, 0 bytes, Stack size unknown bytes, libinit2.o(.ARM.Collect$$libinit$$00000017))

<P><STRONG><a name="[c5]"></a>__rt_lib_init_lc_time_1</STRONG> (Thumb, 0 bytes, Stack size unknown bytes, libinit2.o(.ARM.Collect$$libinit$$00000019))

<P><STRONG><a name="[c6]"></a>__rt_lib_init_preinit_1</STRONG> (Thumb, 0 bytes, Stack size unknown bytes, libinit2.o(.ARM.Collect$$libinit$$00000004))

<P><STRONG><a name="[c7]"></a>__rt_lib_init_rand_1</STRONG> (Thumb, 0 bytes, Stack size unknown bytes, libinit2.o(.ARM.Collect$$libinit$$0000000E))

<P><STRONG><a name="[c8]"></a>__rt_lib_init_return</STRONG> (Thumb, 0 bytes, Stack size unknown bytes, libinit2.o(.ARM.Collect$$libinit$$00000033))

<P><STRONG><a name="[c9]"></a>__rt_lib_init_signal_1</STRONG> (Thumb, 0 bytes, Stack size unknown bytes, libinit2.o(.ARM.Collect$$libinit$$0000001D))

<P><STRONG><a name="[ca]"></a>__rt_lib_init_stdio_1</STRONG> (Thumb, 0 bytes, Stack size unknown bytes, libinit2.o(.ARM.Collect$$libinit$$00000025))

<P><STRONG><a name="[cb]"></a>__rt_lib_init_user_alloc_1</STRONG> (Thumb, 0 bytes, Stack size unknown bytes, libinit2.o(.ARM.Collect$$libinit$$0000000C))

<P><STRONG><a name="[73]"></a>__rt_lib_shutdown</STRONG> (Thumb, 0 bytes, Stack size unknown bytes, libshutdown.o(.ARM.Collect$$libshutdown$$00000000))
<BR><BR>[Called By]<UL><LI><a href="#[72]">&gt;&gt;</a>&nbsp;&nbsp;&nbsp;__rt_exit_ls
</UL>

<P><STRONG><a name="[cc]"></a>__rt_lib_shutdown_cpp_1</STRONG> (Thumb, 0 bytes, Stack size unknown bytes, libshutdown2.o(.ARM.Collect$$libshutdown$$00000002))

<P><STRONG><a name="[cd]"></a>__rt_lib_shutdown_fp_trap_1</STRONG> (Thumb, 0 bytes, Stack size unknown bytes, libshutdown2.o(.ARM.Collect$$libshutdown$$00000007))

<P><STRONG><a name="[ce]"></a>__rt_lib_shutdown_heap_1</STRONG> (Thumb, 0 bytes, Stack size unknown bytes, libshutdown2.o(.ARM.Collect$$libshutdown$$0000000F))

<P><STRONG><a name="[cf]"></a>__rt_lib_shutdown_return</STRONG> (Thumb, 0 bytes, Stack size unknown bytes, libshutdown2.o(.ARM.Collect$$libshutdown$$00000010))

<P><STRONG><a name="[d0]"></a>__rt_lib_shutdown_signal_1</STRONG> (Thumb, 0 bytes, Stack size unknown bytes, libshutdown2.o(.ARM.Collect$$libshutdown$$0000000A))

<P><STRONG><a name="[d1]"></a>__rt_lib_shutdown_stdio_1</STRONG> (Thumb, 0 bytes, Stack size unknown bytes, libshutdown2.o(.ARM.Collect$$libshutdown$$00000004))

<P><STRONG><a name="[d2]"></a>__rt_lib_shutdown_user_alloc_1</STRONG> (Thumb, 0 bytes, Stack size unknown bytes, libshutdown2.o(.ARM.Collect$$libshutdown$$0000000C))

<P><STRONG><a name="[66]"></a>__rt_entry</STRONG> (Thumb, 0 bytes, Stack size unknown bytes, __rtentry.o(.ARM.Collect$$rtentry$$00000000))
<BR><BR>[Called By]<UL><LI><a href="#[67]">&gt;&gt;</a>&nbsp;&nbsp;&nbsp;__scatterload_rt2
<LI><a href="#[64]">&gt;&gt;</a>&nbsp;&nbsp;&nbsp;__main
</UL>

<P><STRONG><a name="[d3]"></a>__rt_entry_presh_1</STRONG> (Thumb, 0 bytes, Stack size unknown bytes, __rtentry2.o(.ARM.Collect$$rtentry$$00000002))

<P><STRONG><a name="[6b]"></a>__rt_entry_sh</STRONG> (Thumb, 0 bytes, Stack size unknown bytes, __rtentry4.o(.ARM.Collect$$rtentry$$00000004))
<BR><BR>[Stack]<UL><LI>Max Depth = 8 + Unknown Stack Size
<LI>Call Chain = __rt_entry_sh &rArr; __user_setup_stackheap
</UL>
<BR>[Calls]<UL><LI><a href="#[6c]">&gt;&gt;</a>&nbsp;&nbsp;&nbsp;__user_setup_stackheap
</UL>

<P><STRONG><a name="[6d]"></a>__rt_entry_li</STRONG> (Thumb, 0 bytes, Stack size unknown bytes, __rtentry2.o(.ARM.Collect$$rtentry$$0000000A))
<BR><BR>[Calls]<UL><LI><a href="#[6e]">&gt;&gt;</a>&nbsp;&nbsp;&nbsp;__rt_lib_init
</UL>

<P><STRONG><a name="[d4]"></a>__rt_entry_postsh_1</STRONG> (Thumb, 0 bytes, Stack size unknown bytes, __rtentry2.o(.ARM.Collect$$rtentry$$00000009))

<P><STRONG><a name="[6f]"></a>__rt_entry_main</STRONG> (Thumb, 0 bytes, Stack size unknown bytes, __rtentry2.o(.ARM.Collect$$rtentry$$0000000D))
<BR><BR>[Stack]<UL><LI>Max Depth = 156 + Unknown Stack Size
<LI>Call Chain = __rt_entry_main &rArr; main &rArr; USART3_Init &rArr; USART_Init &rArr; RCC_GetClocksFreqValue
</UL>
<BR>[Calls]<UL><LI><a href="#[71]">&gt;&gt;</a>&nbsp;&nbsp;&nbsp;exit
<LI><a href="#[70]">&gt;&gt;</a>&nbsp;&nbsp;&nbsp;main
</UL>

<P><STRONG><a name="[d5]"></a>__rt_entry_postli_1</STRONG> (Thumb, 0 bytes, Stack size unknown bytes, __rtentry2.o(.ARM.Collect$$rtentry$$0000000C))

<P><STRONG><a name="[78]"></a>__rt_exit</STRONG> (Thumb, 0 bytes, Stack size unknown bytes, rtexit.o(.ARM.Collect$$rtexit$$00000000))
<BR><BR>[Called By]<UL><LI><a href="#[71]">&gt;&gt;</a>&nbsp;&nbsp;&nbsp;exit
</UL>

<P><STRONG><a name="[72]"></a>__rt_exit_ls</STRONG> (Thumb, 0 bytes, Stack size unknown bytes, rtexit2.o(.ARM.Collect$$rtexit$$00000003))
<BR><BR>[Calls]<UL><LI><a href="#[73]">&gt;&gt;</a>&nbsp;&nbsp;&nbsp;__rt_lib_shutdown
</UL>

<P><STRONG><a name="[d6]"></a>__rt_exit_prels_1</STRONG> (Thumb, 0 bytes, Stack size unknown bytes, rtexit2.o(.ARM.Collect$$rtexit$$00000002))

<P><STRONG><a name="[74]"></a>__rt_exit_exit</STRONG> (Thumb, 0 bytes, Stack size unknown bytes, rtexit2.o(.ARM.Collect$$rtexit$$00000004))
<BR><BR>[Calls]<UL><LI><a href="#[75]">&gt;&gt;</a>&nbsp;&nbsp;&nbsp;_sys_exit
</UL>

<P><STRONG><a name="[2]"></a>Reset_Handler</STRONG> (Thumb, 8 bytes, Stack size 0 bytes, startup_n32g4fr.o(.text))
<BR>[Address Reference Count : 1]<UL><LI> startup_n32g4fr.o(RESET)
</UL>
<P><STRONG><a name="[a]"></a>PendSV_Handler</STRONG> (Thumb, 2 bytes, Stack size 0 bytes, startup_n32g4fr.o(.text))
<BR><BR>[Calls]<UL><LI><a href="#[a]">&gt;&gt;</a>&nbsp;&nbsp;&nbsp;PendSV_Handler
</UL>
<BR>[Called By]<UL><LI><a href="#[a]">&gt;&gt;</a>&nbsp;&nbsp;&nbsp;PendSV_Handler
</UL>
<BR>[Address Reference Count : 1]<UL><LI> startup_n32g4fr.o(RESET)
</UL>
<P><STRONG><a name="[1e]"></a>ADC1_2_IRQHandler</STRONG> (Thumb, 0 bytes, Stack size 0 bytes, startup_n32g4fr.o(.text))
<BR><BR>[Calls]<UL><LI><a href="#[1e]">&gt;&gt;</a>&nbsp;&nbsp;&nbsp;ADC1_2_IRQHandler
</UL>
<BR>[Called By]<UL><LI><a href="#[1e]">&gt;&gt;</a>&nbsp;&nbsp;&nbsp;ADC1_2_IRQHandler
</UL>
<BR>[Address Reference Count : 1]<UL><LI> startup_n32g4fr.o(RESET)
</UL>
<P><STRONG><a name="[21]"></a>CAN1_RX1_IRQHandler</STRONG> (Thumb, 0 bytes, Stack size 0 bytes, startup_n32g4fr.o(.text))
<BR>[Address Reference Count : 1]<UL><LI> startup_n32g4fr.o(RESET)
</UL>
<P><STRONG><a name="[22]"></a>CAN1_SCE_IRQHandler</STRONG> (Thumb, 0 bytes, Stack size 0 bytes, startup_n32g4fr.o(.text))
<BR>[Address Reference Count : 1]<UL><LI> startup_n32g4fr.o(RESET)
</UL>
<P><STRONG><a name="[4c]"></a>CAN2_RX0_IRQHandler</STRONG> (Thumb, 0 bytes, Stack size 0 bytes, startup_n32g4fr.o(.text))
<BR>[Address Reference Count : 1]<UL><LI> startup_n32g4fr.o(RESET)
</UL>
<P><STRONG><a name="[4d]"></a>CAN2_RX1_IRQHandler</STRONG> (Thumb, 0 bytes, Stack size 0 bytes, startup_n32g4fr.o(.text))
<BR>[Address Reference Count : 1]<UL><LI> startup_n32g4fr.o(RESET)
</UL>
<P><STRONG><a name="[4e]"></a>CAN2_SCE_IRQHandler</STRONG> (Thumb, 0 bytes, Stack size 0 bytes, startup_n32g4fr.o(.text))
<BR>[Address Reference Count : 1]<UL><LI> startup_n32g4fr.o(RESET)
</UL>
<P><STRONG><a name="[4b]"></a>CAN2_TX_IRQHandler</STRONG> (Thumb, 0 bytes, Stack size 0 bytes, startup_n32g4fr.o(.text))
<BR>[Address Reference Count : 1]<UL><LI> startup_n32g4fr.o(RESET)
</UL>
<P><STRONG><a name="[17]"></a>DMA1_Channel1_IRQHandler</STRONG> (Thumb, 0 bytes, Stack size 0 bytes, startup_n32g4fr.o(.text))
<BR>[Address Reference Count : 1]<UL><LI> startup_n32g4fr.o(RESET)
</UL>
<P><STRONG><a name="[19]"></a>DMA1_Channel3_IRQHandler</STRONG> (Thumb, 0 bytes, Stack size 0 bytes, startup_n32g4fr.o(.text))
<BR>[Address Reference Count : 1]<UL><LI> startup_n32g4fr.o(RESET)
</UL>
<P><STRONG><a name="[1a]"></a>DMA1_Channel4_IRQHandler</STRONG> (Thumb, 0 bytes, Stack size 0 bytes, startup_n32g4fr.o(.text))
<BR>[Address Reference Count : 1]<UL><LI> startup_n32g4fr.o(RESET)
</UL>
<P><STRONG><a name="[1b]"></a>DMA1_Channel5_IRQHandler</STRONG> (Thumb, 0 bytes, Stack size 0 bytes, startup_n32g4fr.o(.text))
<BR>[Address Reference Count : 1]<UL><LI> startup_n32g4fr.o(RESET)
</UL>
<P><STRONG><a name="[1c]"></a>DMA1_Channel6_IRQHandler</STRONG> (Thumb, 0 bytes, Stack size 0 bytes, startup_n32g4fr.o(.text))
<BR>[Address Reference Count : 1]<UL><LI> startup_n32g4fr.o(RESET)
</UL>
<P><STRONG><a name="[1d]"></a>DMA1_Channel7_IRQHandler</STRONG> (Thumb, 0 bytes, Stack size 0 bytes, startup_n32g4fr.o(.text))
<BR>[Address Reference Count : 1]<UL><LI> startup_n32g4fr.o(RESET)
</UL>
<P><STRONG><a name="[58]"></a>DMA1_Channel8_IRQHandler</STRONG> (Thumb, 0 bytes, Stack size 0 bytes, startup_n32g4fr.o(.text))
<BR>[Address Reference Count : 1]<UL><LI> startup_n32g4fr.o(RESET)
</UL>
<P><STRONG><a name="[44]"></a>DMA2_Channel1_IRQHandler</STRONG> (Thumb, 0 bytes, Stack size 0 bytes, startup_n32g4fr.o(.text))
<BR>[Address Reference Count : 1]<UL><LI> startup_n32g4fr.o(RESET)
</UL>
<P><STRONG><a name="[45]"></a>DMA2_Channel2_IRQHandler</STRONG> (Thumb, 0 bytes, Stack size 0 bytes, startup_n32g4fr.o(.text))
<BR>[Address Reference Count : 1]<UL><LI> startup_n32g4fr.o(RESET)
</UL>
<P><STRONG><a name="[46]"></a>DMA2_Channel3_IRQHandler</STRONG> (Thumb, 0 bytes, Stack size 0 bytes, startup_n32g4fr.o(.text))
<BR>[Address Reference Count : 1]<UL><LI> startup_n32g4fr.o(RESET)
</UL>
<P><STRONG><a name="[47]"></a>DMA2_Channel4_IRQHandler</STRONG> (Thumb, 0 bytes, Stack size 0 bytes, startup_n32g4fr.o(.text))
<BR>[Address Reference Count : 1]<UL><LI> startup_n32g4fr.o(RESET)
</UL>
<P><STRONG><a name="[48]"></a>DMA2_Channel5_IRQHandler</STRONG> (Thumb, 0 bytes, Stack size 0 bytes, startup_n32g4fr.o(.text))
<BR>[Address Reference Count : 1]<UL><LI> startup_n32g4fr.o(RESET)
</UL>
<P><STRONG><a name="[50]"></a>DMA2_Channel6_IRQHandler</STRONG> (Thumb, 0 bytes, Stack size 0 bytes, startup_n32g4fr.o(.text))
<BR>[Address Reference Count : 1]<UL><LI> startup_n32g4fr.o(RESET)
</UL>
<P><STRONG><a name="[51]"></a>DMA2_Channel7_IRQHandler</STRONG> (Thumb, 0 bytes, Stack size 0 bytes, startup_n32g4fr.o(.text))
<BR>[Address Reference Count : 1]<UL><LI> startup_n32g4fr.o(RESET)
</UL>
<P><STRONG><a name="[59]"></a>DMA2_Channel8_IRQHandler</STRONG> (Thumb, 0 bytes, Stack size 0 bytes, startup_n32g4fr.o(.text))
<BR>[Address Reference Count : 1]<UL><LI> startup_n32g4fr.o(RESET)
</UL>
<P><STRONG><a name="[5a]"></a>DVP_IRQHandler</STRONG> (Thumb, 0 bytes, Stack size 0 bytes, startup_n32g4fr.o(.text))
<BR>[Address Reference Count : 1]<UL><LI> startup_n32g4fr.o(RESET)
</UL>
<P><STRONG><a name="[12]"></a>EXTI0_IRQHandler</STRONG> (Thumb, 0 bytes, Stack size 0 bytes, startup_n32g4fr.o(.text))
<BR>[Address Reference Count : 1]<UL><LI> startup_n32g4fr.o(RESET)
</UL>
<P><STRONG><a name="[34]"></a>EXTI15_10_IRQHandler</STRONG> (Thumb, 0 bytes, Stack size 0 bytes, startup_n32g4fr.o(.text))
<BR>[Address Reference Count : 1]<UL><LI> startup_n32g4fr.o(RESET)
</UL>
<P><STRONG><a name="[13]"></a>EXTI1_IRQHandler</STRONG> (Thumb, 0 bytes, Stack size 0 bytes, startup_n32g4fr.o(.text))
<BR>[Address Reference Count : 1]<UL><LI> startup_n32g4fr.o(RESET)
</UL>
<P><STRONG><a name="[14]"></a>EXTI2_IRQHandler</STRONG> (Thumb, 0 bytes, Stack size 0 bytes, startup_n32g4fr.o(.text))
<BR>[Address Reference Count : 1]<UL><LI> startup_n32g4fr.o(RESET)
</UL>
<P><STRONG><a name="[15]"></a>EXTI3_IRQHandler</STRONG> (Thumb, 0 bytes, Stack size 0 bytes, startup_n32g4fr.o(.text))
<BR>[Address Reference Count : 1]<UL><LI> startup_n32g4fr.o(RESET)
</UL>
<P><STRONG><a name="[16]"></a>EXTI4_IRQHandler</STRONG> (Thumb, 0 bytes, Stack size 0 bytes, startup_n32g4fr.o(.text))
<BR>[Address Reference Count : 1]<UL><LI> startup_n32g4fr.o(RESET)
</UL>
<P><STRONG><a name="[23]"></a>EXTI9_5_IRQHandler</STRONG> (Thumb, 0 bytes, Stack size 0 bytes, startup_n32g4fr.o(.text))
<BR>[Address Reference Count : 1]<UL><LI> startup_n32g4fr.o(RESET)
</UL>
<P><STRONG><a name="[10]"></a>FLASH_IRQHandler</STRONG> (Thumb, 0 bytes, Stack size 0 bytes, startup_n32g4fr.o(.text))
<BR>[Address Reference Count : 1]<UL><LI> startup_n32g4fr.o(RESET)
</UL>
<P><STRONG><a name="[2c]"></a>I2C1_ER_IRQHandler</STRONG> (Thumb, 0 bytes, Stack size 0 bytes, startup_n32g4fr.o(.text))
<BR>[Address Reference Count : 1]<UL><LI> startup_n32g4fr.o(RESET)
</UL>
<P><STRONG><a name="[2b]"></a>I2C1_EV_IRQHandler</STRONG> (Thumb, 0 bytes, Stack size 0 bytes, startup_n32g4fr.o(.text))
<BR>[Address Reference Count : 1]<UL><LI> startup_n32g4fr.o(RESET)
</UL>
<P><STRONG><a name="[2e]"></a>I2C2_ER_IRQHandler</STRONG> (Thumb, 0 bytes, Stack size 0 bytes, startup_n32g4fr.o(.text))
<BR>[Address Reference Count : 1]<UL><LI> startup_n32g4fr.o(RESET)
</UL>
<P><STRONG><a name="[2d]"></a>I2C2_EV_IRQHandler</STRONG> (Thumb, 0 bytes, Stack size 0 bytes, startup_n32g4fr.o(.text))
<BR>[Address Reference Count : 1]<UL><LI> startup_n32g4fr.o(RESET)
</UL>
<P><STRONG><a name="[53]"></a>I2C3_ER_IRQHandler</STRONG> (Thumb, 0 bytes, Stack size 0 bytes, startup_n32g4fr.o(.text))
<BR>[Address Reference Count : 1]<UL><LI> startup_n32g4fr.o(RESET)
</UL>
<P><STRONG><a name="[52]"></a>I2C3_EV_IRQHandler</STRONG> (Thumb, 0 bytes, Stack size 0 bytes, startup_n32g4fr.o(.text))
<BR>[Address Reference Count : 1]<UL><LI> startup_n32g4fr.o(RESET)
</UL>
<P><STRONG><a name="[55]"></a>I2C4_ER_IRQHandler</STRONG> (Thumb, 0 bytes, Stack size 0 bytes, startup_n32g4fr.o(.text))
<BR>[Address Reference Count : 1]<UL><LI> startup_n32g4fr.o(RESET)
</UL>
<P><STRONG><a name="[54]"></a>I2C4_EV_IRQHandler</STRONG> (Thumb, 0 bytes, Stack size 0 bytes, startup_n32g4fr.o(.text))
<BR>[Address Reference Count : 1]<UL><LI> startup_n32g4fr.o(RESET)
</UL>
<P><STRONG><a name="[5c]"></a>MMU_IRQHandler</STRONG> (Thumb, 0 bytes, Stack size 0 bytes, startup_n32g4fr.o(.text))
<BR>[Address Reference Count : 1]<UL><LI> startup_n32g4fr.o(RESET)
</UL>
<P><STRONG><a name="[d]"></a>PVD_IRQHandler</STRONG> (Thumb, 0 bytes, Stack size 0 bytes, startup_n32g4fr.o(.text))
<BR>[Address Reference Count : 1]<UL><LI> startup_n32g4fr.o(RESET)
</UL>
<P><STRONG><a name="[4f]"></a>QSPI_IRQHandler</STRONG> (Thumb, 0 bytes, Stack size 0 bytes, startup_n32g4fr.o(.text))
<BR>[Address Reference Count : 1]<UL><LI> startup_n32g4fr.o(RESET)
</UL>
<P><STRONG><a name="[11]"></a>RCC_IRQHandler</STRONG> (Thumb, 0 bytes, Stack size 0 bytes, startup_n32g4fr.o(.text))
<BR>[Address Reference Count : 1]<UL><LI> startup_n32g4fr.o(RESET)
</UL>
<P><STRONG><a name="[61]"></a>RSRAM_IRQHandler</STRONG> (Thumb, 0 bytes, Stack size 0 bytes, startup_n32g4fr.o(.text))
<BR>[Address Reference Count : 1]<UL><LI> startup_n32g4fr.o(RESET)
</UL>
<P><STRONG><a name="[35]"></a>RTCAlarm_IRQHandler</STRONG> (Thumb, 0 bytes, Stack size 0 bytes, startup_n32g4fr.o(.text))
<BR>[Address Reference Count : 1]<UL><LI> startup_n32g4fr.o(RESET)
</UL>
<P><STRONG><a name="[f]"></a>RTC_WKUP_IRQHandler</STRONG> (Thumb, 0 bytes, Stack size 0 bytes, startup_n32g4fr.o(.text))
<BR>[Address Reference Count : 1]<UL><LI> startup_n32g4fr.o(RESET)
</UL>
<P><STRONG><a name="[5b]"></a>SAC_IRQHandler</STRONG> (Thumb, 0 bytes, Stack size 0 bytes, startup_n32g4fr.o(.text))
<BR>[Address Reference Count : 1]<UL><LI> startup_n32g4fr.o(RESET)
</UL>
<P><STRONG><a name="[3d]"></a>SDIO_IRQHandler</STRONG> (Thumb, 0 bytes, Stack size 0 bytes, startup_n32g4fr.o(.text))
<BR>[Address Reference Count : 1]<UL><LI> startup_n32g4fr.o(RESET)
</UL>
<P><STRONG><a name="[2f]"></a>SPI1_IRQHandler</STRONG> (Thumb, 0 bytes, Stack size 0 bytes, startup_n32g4fr.o(.text))
<BR>[Address Reference Count : 1]<UL><LI> startup_n32g4fr.o(RESET)
</UL>
<P><STRONG><a name="[30]"></a>SPI2_IRQHandler</STRONG> (Thumb, 0 bytes, Stack size 0 bytes, startup_n32g4fr.o(.text))
<BR>[Address Reference Count : 1]<UL><LI> startup_n32g4fr.o(RESET)
</UL>
<P><STRONG><a name="[3f]"></a>SPI3_IRQHandler</STRONG> (Thumb, 0 bytes, Stack size 0 bytes, startup_n32g4fr.o(.text))
<BR>[Address Reference Count : 1]<UL><LI> startup_n32g4fr.o(RESET)
</UL>
<P><STRONG><a name="[e]"></a>TAMPER_IRQHandler</STRONG> (Thumb, 0 bytes, Stack size 0 bytes, startup_n32g4fr.o(.text))
<BR>[Address Reference Count : 1]<UL><LI> startup_n32g4fr.o(RESET)
</UL>
<P><STRONG><a name="[24]"></a>TIM1_BRK_IRQHandler</STRONG> (Thumb, 0 bytes, Stack size 0 bytes, startup_n32g4fr.o(.text))
<BR>[Address Reference Count : 1]<UL><LI> startup_n32g4fr.o(RESET)
</UL>
<P><STRONG><a name="[27]"></a>TIM1_CC_IRQHandler</STRONG> (Thumb, 0 bytes, Stack size 0 bytes, startup_n32g4fr.o(.text))
<BR>[Address Reference Count : 1]<UL><LI> startup_n32g4fr.o(RESET)
</UL>
<P><STRONG><a name="[26]"></a>TIM1_TRG_COM_IRQHandler</STRONG> (Thumb, 0 bytes, Stack size 0 bytes, startup_n32g4fr.o(.text))
<BR>[Address Reference Count : 1]<UL><LI> startup_n32g4fr.o(RESET)
</UL>
<P><STRONG><a name="[25]"></a>TIM1_UP_IRQHandler</STRONG> (Thumb, 0 bytes, Stack size 0 bytes, startup_n32g4fr.o(.text))
<BR>[Address Reference Count : 1]<UL><LI> startup_n32g4fr.o(RESET)
</UL>
<P><STRONG><a name="[28]"></a>TIM2_IRQHandler</STRONG> (Thumb, 0 bytes, Stack size 0 bytes, startup_n32g4fr.o(.text))
<BR>[Address Reference Count : 1]<UL><LI> startup_n32g4fr.o(RESET)
</UL>
<P><STRONG><a name="[29]"></a>TIM3_IRQHandler</STRONG> (Thumb, 0 bytes, Stack size 0 bytes, startup_n32g4fr.o(.text))
<BR>[Address Reference Count : 1]<UL><LI> startup_n32g4fr.o(RESET)
</UL>
<P><STRONG><a name="[2a]"></a>TIM4_IRQHandler</STRONG> (Thumb, 0 bytes, Stack size 0 bytes, startup_n32g4fr.o(.text))
<BR>[Address Reference Count : 1]<UL><LI> startup_n32g4fr.o(RESET)
</UL>
<P><STRONG><a name="[42]"></a>TIM6_IRQHandler</STRONG> (Thumb, 0 bytes, Stack size 0 bytes, startup_n32g4fr.o(.text))
<BR>[Address Reference Count : 1]<UL><LI> startup_n32g4fr.o(RESET)
</UL>
<P><STRONG><a name="[43]"></a>TIM7_IRQHandler</STRONG> (Thumb, 0 bytes, Stack size 0 bytes, startup_n32g4fr.o(.text))
<BR>[Address Reference Count : 1]<UL><LI> startup_n32g4fr.o(RESET)
</UL>
<P><STRONG><a name="[37]"></a>TIM8_BRK_IRQHandler</STRONG> (Thumb, 0 bytes, Stack size 0 bytes, startup_n32g4fr.o(.text))
<BR>[Address Reference Count : 1]<UL><LI> startup_n32g4fr.o(RESET)
</UL>
<P><STRONG><a name="[3a]"></a>TIM8_CC_IRQHandler</STRONG> (Thumb, 0 bytes, Stack size 0 bytes, startup_n32g4fr.o(.text))
<BR>[Address Reference Count : 1]<UL><LI> startup_n32g4fr.o(RESET)
</UL>
<P><STRONG><a name="[39]"></a>TIM8_TRG_COM_IRQHandler</STRONG> (Thumb, 0 bytes, Stack size 0 bytes, startup_n32g4fr.o(.text))
<BR>[Address Reference Count : 1]<UL><LI> startup_n32g4fr.o(RESET)
</UL>
<P><STRONG><a name="[38]"></a>TIM8_UP_IRQHandler</STRONG> (Thumb, 0 bytes, Stack size 0 bytes, startup_n32g4fr.o(.text))
<BR>[Address Reference Count : 1]<UL><LI> startup_n32g4fr.o(RESET)
</UL>
<P><STRONG><a name="[5d]"></a>TSC_IRQHandler</STRONG> (Thumb, 0 bytes, Stack size 0 bytes, startup_n32g4fr.o(.text))
<BR>[Address Reference Count : 1]<UL><LI> startup_n32g4fr.o(RESET)
</UL>
<P><STRONG><a name="[40]"></a>UART4_IRQHandler</STRONG> (Thumb, 0 bytes, Stack size 0 bytes, startup_n32g4fr.o(.text))
<BR>[Address Reference Count : 1]<UL><LI> startup_n32g4fr.o(RESET)
</UL>
<P><STRONG><a name="[41]"></a>UART5_IRQHandler</STRONG> (Thumb, 0 bytes, Stack size 0 bytes, startup_n32g4fr.o(.text))
<BR>[Address Reference Count : 1]<UL><LI> startup_n32g4fr.o(RESET)
</UL>
<P><STRONG><a name="[56]"></a>UART6_IRQHandler</STRONG> (Thumb, 0 bytes, Stack size 0 bytes, startup_n32g4fr.o(.text))
<BR>[Address Reference Count : 1]<UL><LI> startup_n32g4fr.o(RESET)
</UL>
<P><STRONG><a name="[57]"></a>UART7_IRQHandler</STRONG> (Thumb, 0 bytes, Stack size 0 bytes, startup_n32g4fr.o(.text))
<BR>[Address Reference Count : 1]<UL><LI> startup_n32g4fr.o(RESET)
</UL>
<P><STRONG><a name="[31]"></a>USART1_IRQHandler</STRONG> (Thumb, 0 bytes, Stack size 0 bytes, startup_n32g4fr.o(.text))
<BR>[Address Reference Count : 1]<UL><LI> startup_n32g4fr.o(RESET)
</UL>
<P><STRONG><a name="[32]"></a>USART2_IRQHandler</STRONG> (Thumb, 0 bytes, Stack size 0 bytes, startup_n32g4fr.o(.text))
<BR>[Address Reference Count : 1]<UL><LI> startup_n32g4fr.o(RESET)
</UL>
<P><STRONG><a name="[33]"></a>USART3_IRQHandler</STRONG> (Thumb, 0 bytes, Stack size 0 bytes, startup_n32g4fr.o(.text))
<BR>[Address Reference Count : 1]<UL><LI> startup_n32g4fr.o(RESET)
</UL>
<P><STRONG><a name="[36]"></a>USBWakeUp_IRQHandler</STRONG> (Thumb, 0 bytes, Stack size 0 bytes, startup_n32g4fr.o(.text))
<BR>[Address Reference Count : 1]<UL><LI> startup_n32g4fr.o(RESET)
</UL>
<P><STRONG><a name="[1f]"></a>USB_HP_CAN1_TX_IRQHandler</STRONG> (Thumb, 0 bytes, Stack size 0 bytes, startup_n32g4fr.o(.text))
<BR>[Address Reference Count : 1]<UL><LI> startup_n32g4fr.o(RESET)
</UL>
<P><STRONG><a name="[20]"></a>USB_LP_CAN1_RX0_IRQHandler</STRONG> (Thumb, 0 bytes, Stack size 0 bytes, startup_n32g4fr.o(.text))
<BR>[Address Reference Count : 1]<UL><LI> startup_n32g4fr.o(RESET)
</UL>
<P><STRONG><a name="[c]"></a>WWDG_IRQHandler</STRONG> (Thumb, 0 bytes, Stack size 0 bytes, startup_n32g4fr.o(.text))
<BR>[Address Reference Count : 1]<UL><LI> startup_n32g4fr.o(RESET)
</UL>
<P><STRONG><a name="[77]"></a>__user_initial_stackheap</STRONG> (Thumb, 0 bytes, Stack size unknown bytes, startup_n32g4fr.o(.text))
<BR><BR>[Called By]<UL><LI><a href="#[6c]">&gt;&gt;</a>&nbsp;&nbsp;&nbsp;__user_setup_stackheap
</UL>

<P><STRONG><a name="[d7]"></a>__use_two_region_memory</STRONG> (Thumb, 2 bytes, Stack size 0 bytes, heapauxi.o(.text), UNUSED)

<P><STRONG><a name="[d8]"></a>__rt_heap_escrow$2region</STRONG> (Thumb, 2 bytes, Stack size 0 bytes, heapauxi.o(.text), UNUSED)

<P><STRONG><a name="[d9]"></a>__rt_heap_expand$2region</STRONG> (Thumb, 2 bytes, Stack size 0 bytes, heapauxi.o(.text), UNUSED)

<P><STRONG><a name="[6c]"></a>__user_setup_stackheap</STRONG> (Thumb, 74 bytes, Stack size 8 bytes, sys_stackheap_outer.o(.text))
<BR><BR>[Stack]<UL><LI>Max Depth = 8 + Unknown Stack Size
<LI>Call Chain = __user_setup_stackheap
</UL>
<BR>[Calls]<UL><LI><a href="#[77]">&gt;&gt;</a>&nbsp;&nbsp;&nbsp;__user_initial_stackheap
<LI><a href="#[76]">&gt;&gt;</a>&nbsp;&nbsp;&nbsp;__user_perproc_libspace
</UL>
<BR>[Called By]<UL><LI><a href="#[6b]">&gt;&gt;</a>&nbsp;&nbsp;&nbsp;__rt_entry_sh
</UL>

<P><STRONG><a name="[71]"></a>exit</STRONG> (Thumb, 18 bytes, Stack size 8 bytes, exit.o(.text))
<BR><BR>[Stack]<UL><LI>Max Depth = 8 + Unknown Stack Size
<LI>Call Chain = exit
</UL>
<BR>[Calls]<UL><LI><a href="#[78]">&gt;&gt;</a>&nbsp;&nbsp;&nbsp;__rt_exit
</UL>
<BR>[Called By]<UL><LI><a href="#[6f]">&gt;&gt;</a>&nbsp;&nbsp;&nbsp;__rt_entry_main
</UL>

<P><STRONG><a name="[da]"></a>__user_libspace</STRONG> (Thumb, 8 bytes, Stack size 0 bytes, libspace.o(.text), UNUSED)

<P><STRONG><a name="[76]"></a>__user_perproc_libspace</STRONG> (Thumb, 0 bytes, Stack size 0 bytes, libspace.o(.text))
<BR><BR>[Called By]<UL><LI><a href="#[6c]">&gt;&gt;</a>&nbsp;&nbsp;&nbsp;__user_setup_stackheap
</UL>

<P><STRONG><a name="[db]"></a>__user_perthread_libspace</STRONG> (Thumb, 0 bytes, Stack size 0 bytes, libspace.o(.text), UNUSED)

<P><STRONG><a name="[75]"></a>_sys_exit</STRONG> (Thumb, 8 bytes, Stack size 0 bytes, sys_exit.o(.text))
<BR><BR>[Called By]<UL><LI><a href="#[74]">&gt;&gt;</a>&nbsp;&nbsp;&nbsp;__rt_exit_exit
</UL>

<P><STRONG><a name="[dc]"></a>__I$use$semihosting</STRONG> (Thumb, 0 bytes, Stack size 0 bytes, use_no_semi.o(.text), UNUSED)

<P><STRONG><a name="[dd]"></a>__use_no_semihosting_swi</STRONG> (Thumb, 2 bytes, Stack size 0 bytes, use_no_semi.o(.text), UNUSED)

<P><STRONG><a name="[6]"></a>BusFault_Handler</STRONG> (Thumb, 4 bytes, Stack size 0 bytes, n32g4fr_it.o(i.BusFault_Handler))
<BR>[Address Reference Count : 1]<UL><LI> startup_n32g4fr.o(RESET)
</UL>
<P><STRONG><a name="[de]"></a>__semihosting_library_function</STRONG> (Thumb, 0 bytes, Stack size 0 bytes, indicate_semi.o(.text), UNUSED)

<P><STRONG><a name="[79]"></a>CS_GPIO_Init</STRONG> (Thumb, 56 bytes, Stack size 8 bytes, gpio.o(i.CS_GPIO_Init))
<BR><BR>[Stack]<UL><LI>Max Depth = 32<LI>Call Chain = CS_GPIO_Init &rArr; GPIO_InitPeripheral
</UL>
<BR>[Calls]<UL><LI><a href="#[7b]">&gt;&gt;</a>&nbsp;&nbsp;&nbsp;GPIO_InitStruct
<LI><a href="#[7c]">&gt;&gt;</a>&nbsp;&nbsp;&nbsp;GPIO_InitPeripheral
<LI><a href="#[7a]">&gt;&gt;</a>&nbsp;&nbsp;&nbsp;RCC_EnableAPB2PeriphClk
<LI><a href="#[7d]">&gt;&gt;</a>&nbsp;&nbsp;&nbsp;GPIO_SetBits
</UL>
<BR>[Called By]<UL><LI><a href="#[70]">&gt;&gt;</a>&nbsp;&nbsp;&nbsp;main
</UL>

<P><STRONG><a name="[18]"></a>DMA1_Channel2_IRQHandler</STRONG> (Thumb, 18 bytes, Stack size 8 bytes, main.o(i.DMA1_Channel2_IRQHandler))
<BR><BR>[Stack]<UL><LI>Max Depth = 8<LI>Call Chain = DMA1_Channel2_IRQHandler
</UL>
<BR>[Calls]<UL><LI><a href="#[7e]">&gt;&gt;</a>&nbsp;&nbsp;&nbsp;DMA_ClearFlag
</UL>
<BR>[Address Reference Count : 1]<UL><LI> startup_n32g4fr.o(RESET)
</UL>
<P><STRONG><a name="[7e]"></a>DMA_ClearFlag</STRONG> (Thumb, 4 bytes, Stack size 0 bytes, n32g4fr_dma.o(i.DMA_ClearFlag))
<BR><BR>[Called By]<UL><LI><a href="#[18]">&gt;&gt;</a>&nbsp;&nbsp;&nbsp;DMA1_Channel2_IRQHandler
<LI><a href="#[80]">&gt;&gt;</a>&nbsp;&nbsp;&nbsp;USART3_DMA_Send
</UL>

<P><STRONG><a name="[9c]"></a>DMA_ConfigInt</STRONG> (Thumb, 18 bytes, Stack size 0 bytes, n32g4fr_dma.o(i.DMA_ConfigInt))
<BR><BR>[Called By]<UL><LI><a href="#[98]">&gt;&gt;</a>&nbsp;&nbsp;&nbsp;USART3_Init
</UL>

<P><STRONG><a name="[96]"></a>DMA_EnableChannel</STRONG> (Thumb, 24 bytes, Stack size 0 bytes, n32g4fr_dma.o(i.DMA_EnableChannel))
<BR><BR>[Called By]<UL><LI><a href="#[80]">&gt;&gt;</a>&nbsp;&nbsp;&nbsp;USART3_DMA_Send
</UL>

<P><STRONG><a name="[9b]"></a>DMA_Init</STRONG> (Thumb, 60 bytes, Stack size 8 bytes, n32g4fr_dma.o(i.DMA_Init))
<BR><BR>[Stack]<UL><LI>Max Depth = 8<LI>Call Chain = DMA_Init
</UL>
<BR>[Called By]<UL><LI><a href="#[98]">&gt;&gt;</a>&nbsp;&nbsp;&nbsp;USART3_Init
</UL>

<P><STRONG><a name="[97]"></a>DMA_SetCurrDataCounter</STRONG> (Thumb, 4 bytes, Stack size 0 bytes, n32g4fr_dma.o(i.DMA_SetCurrDataCounter))
<BR><BR>[Called By]<UL><LI><a href="#[80]">&gt;&gt;</a>&nbsp;&nbsp;&nbsp;USART3_DMA_Send
</UL>

<P><STRONG><a name="[9a]"></a>DMA_StructInit</STRONG> (Thumb, 26 bytes, Stack size 0 bytes, n32g4fr_dma.o(i.DMA_StructInit))
<BR><BR>[Called By]<UL><LI><a href="#[98]">&gt;&gt;</a>&nbsp;&nbsp;&nbsp;USART3_Init
</UL>

<P><STRONG><a name="[7f]"></a>DataSend_43Byte</STRONG> (Thumb, 106 bytes, Stack size 8 bytes, usart.o(i.DataSend_43Byte))
<BR><BR>[Stack]<UL><LI>Max Depth = 24<LI>Call Chain = DataSend_43Byte &rArr; USART3_DMA_Send
</UL>
<BR>[Calls]<UL><LI><a href="#[80]">&gt;&gt;</a>&nbsp;&nbsp;&nbsp;USART3_DMA_Send
</UL>
<BR>[Called By]<UL><LI><a href="#[70]">&gt;&gt;</a>&nbsp;&nbsp;&nbsp;main
</UL>

<P><STRONG><a name="[9]"></a>DebugMon_Handler</STRONG> (Thumb, 2 bytes, Stack size 0 bytes, n32g4fr_it.o(i.DebugMon_Handler))
<BR>[Address Reference Count : 1]<UL><LI> startup_n32g4fr.o(RESET)
</UL>
<P><STRONG><a name="[81]"></a>Delay_ms</STRONG> (Thumb, 24 bytes, Stack size 8 bytes, delay.o(i.Delay_ms))
<BR><BR>[Stack]<UL><LI>Max Depth = 8<LI>Call Chain = Delay_ms
</UL>
<BR>[Calls]<UL><LI><a href="#[82]">&gt;&gt;</a>&nbsp;&nbsp;&nbsp;Delay_us
</UL>
<BR>[Called By]<UL><LI><a href="#[ad]">&gt;&gt;</a>&nbsp;&nbsp;&nbsp;xv7021_Init
<LI><a href="#[a7]">&gt;&gt;</a>&nbsp;&nbsp;&nbsp;adxl_Init
</UL>

<P><STRONG><a name="[82]"></a>Delay_us</STRONG> (Thumb, 72 bytes, Stack size 0 bytes, delay.o(i.Delay_us))
<BR><BR>[Called By]<UL><LI><a href="#[81]">&gt;&gt;</a>&nbsp;&nbsp;&nbsp;Delay_ms
</UL>

<P><STRONG><a name="[84]"></a>GPIO_ConfigPinRemap</STRONG> (Thumb, 554 bytes, Stack size 20 bytes, n32g4fr_gpio.o(i.GPIO_ConfigPinRemap))
<BR><BR>[Stack]<UL><LI>Max Depth = 20<LI>Call Chain = GPIO_ConfigPinRemap
</UL>
<BR>[Called By]<UL><LI><a href="#[83]">&gt;&gt;</a>&nbsp;&nbsp;&nbsp;SPI13_Init
</UL>

<P><STRONG><a name="[7c]"></a>GPIO_InitPeripheral</STRONG> (Thumb, 278 bytes, Stack size 24 bytes, n32g4fr_gpio.o(i.GPIO_InitPeripheral))
<BR><BR>[Stack]<UL><LI>Max Depth = 24<LI>Call Chain = GPIO_InitPeripheral
</UL>
<BR>[Called By]<UL><LI><a href="#[98]">&gt;&gt;</a>&nbsp;&nbsp;&nbsp;USART3_Init
<LI><a href="#[83]">&gt;&gt;</a>&nbsp;&nbsp;&nbsp;SPI13_Init
<LI><a href="#[79]">&gt;&gt;</a>&nbsp;&nbsp;&nbsp;CS_GPIO_Init
</UL>

<P><STRONG><a name="[7b]"></a>GPIO_InitStruct</STRONG> (Thumb, 16 bytes, Stack size 0 bytes, n32g4fr_gpio.o(i.GPIO_InitStruct))
<BR><BR>[Called By]<UL><LI><a href="#[98]">&gt;&gt;</a>&nbsp;&nbsp;&nbsp;USART3_Init
<LI><a href="#[83]">&gt;&gt;</a>&nbsp;&nbsp;&nbsp;SPI13_Init
<LI><a href="#[79]">&gt;&gt;</a>&nbsp;&nbsp;&nbsp;CS_GPIO_Init
</UL>

<P><STRONG><a name="[7d]"></a>GPIO_SetBits</STRONG> (Thumb, 4 bytes, Stack size 0 bytes, n32g4fr_gpio.o(i.GPIO_SetBits))
<BR><BR>[Called By]<UL><LI><a href="#[79]">&gt;&gt;</a>&nbsp;&nbsp;&nbsp;CS_GPIO_Init
</UL>

<P><STRONG><a name="[a4]"></a>GPIO_WriteBit</STRONG> (Thumb, 10 bytes, Stack size 0 bytes, n32g4fr_gpio.o(i.GPIO_WriteBit))
<BR><BR>[Called By]<UL><LI><a href="#[b0]">&gt;&gt;</a>&nbsp;&nbsp;&nbsp;xv7021_CS_Control
<LI><a href="#[a3]">&gt;&gt;</a>&nbsp;&nbsp;&nbsp;adxl_CS_Control
</UL>

<P><STRONG><a name="[4]"></a>HardFault_Handler</STRONG> (Thumb, 4 bytes, Stack size 0 bytes, n32g4fr_it.o(i.HardFault_Handler))
<BR>[Address Reference Count : 1]<UL><LI> startup_n32g4fr.o(RESET)
</UL>
<P><STRONG><a name="[5]"></a>MemManage_Handler</STRONG> (Thumb, 4 bytes, Stack size 0 bytes, n32g4fr_it.o(i.MemManage_Handler))
<BR>[Address Reference Count : 1]<UL><LI> startup_n32g4fr.o(RESET)
</UL>
<P><STRONG><a name="[3]"></a>NMI_Handler</STRONG> (Thumb, 2 bytes, Stack size 0 bytes, n32g4fr_it.o(i.NMI_Handler))
<BR>[Address Reference Count : 1]<UL><LI> startup_n32g4fr.o(RESET)
</UL>
<P><STRONG><a name="[94]"></a>NVIC_Init</STRONG> (Thumb, 100 bytes, Stack size 16 bytes, misc.o(i.NVIC_Init))
<BR><BR>[Stack]<UL><LI>Max Depth = 16<LI>Call Chain = NVIC_Init
</UL>
<BR>[Called By]<UL><LI><a href="#[90]">&gt;&gt;</a>&nbsp;&nbsp;&nbsp;TIM5_Init
<LI><a href="#[98]">&gt;&gt;</a>&nbsp;&nbsp;&nbsp;USART3_Init
</UL>

<P><STRONG><a name="[9f]"></a>NVIC_PriorityGroupConfig</STRONG> (Thumb, 10 bytes, Stack size 0 bytes, misc.o(i.NVIC_PriorityGroupConfig))
<BR><BR>[Called By]<UL><LI><a href="#[98]">&gt;&gt;</a>&nbsp;&nbsp;&nbsp;USART3_Init
</UL>

<P><STRONG><a name="[89]"></a>RCC_ConfigSysclk</STRONG> (Thumb, 18 bytes, Stack size 0 bytes, n32g4fr_rcc.o(i.RCC_ConfigSysclk))
<BR><BR>[Called By]<UL><LI><a href="#[62]">&gt;&gt;</a>&nbsp;&nbsp;&nbsp;SystemInit
</UL>

<P><STRONG><a name="[99]"></a>RCC_EnableAHBPeriphClk</STRONG> (Thumb, 26 bytes, Stack size 0 bytes, n32g4fr_rcc.o(i.RCC_EnableAHBPeriphClk))
<BR><BR>[Called By]<UL><LI><a href="#[98]">&gt;&gt;</a>&nbsp;&nbsp;&nbsp;USART3_Init
</UL>

<P><STRONG><a name="[85]"></a>RCC_EnableAPB1PeriphClk</STRONG> (Thumb, 26 bytes, Stack size 0 bytes, n32g4fr_rcc.o(i.RCC_EnableAPB1PeriphClk))
<BR><BR>[Called By]<UL><LI><a href="#[90]">&gt;&gt;</a>&nbsp;&nbsp;&nbsp;TIM5_Init
<LI><a href="#[98]">&gt;&gt;</a>&nbsp;&nbsp;&nbsp;USART3_Init
<LI><a href="#[83]">&gt;&gt;</a>&nbsp;&nbsp;&nbsp;SPI13_Init
</UL>

<P><STRONG><a name="[7a]"></a>RCC_EnableAPB2PeriphClk</STRONG> (Thumb, 26 bytes, Stack size 0 bytes, n32g4fr_rcc.o(i.RCC_EnableAPB2PeriphClk))
<BR><BR>[Called By]<UL><LI><a href="#[98]">&gt;&gt;</a>&nbsp;&nbsp;&nbsp;USART3_Init
<LI><a href="#[83]">&gt;&gt;</a>&nbsp;&nbsp;&nbsp;SPI13_Init
<LI><a href="#[79]">&gt;&gt;</a>&nbsp;&nbsp;&nbsp;CS_GPIO_Init
</UL>

<P><STRONG><a name="[a2]"></a>RCC_GetClocksFreqValue</STRONG> (Thumb, 240 bytes, Stack size 20 bytes, n32g4fr_rcc.o(i.RCC_GetClocksFreqValue))
<BR><BR>[Stack]<UL><LI>Max Depth = 20<LI>Call Chain = RCC_GetClocksFreqValue
</UL>
<BR>[Called By]<UL><LI><a href="#[9e]">&gt;&gt;</a>&nbsp;&nbsp;&nbsp;USART_Init
</UL>

<P><STRONG><a name="[8a]"></a>RCC_GetSysclkSrc</STRONG> (Thumb, 10 bytes, Stack size 0 bytes, n32g4fr_rcc.o(i.RCC_GetSysclkSrc))
<BR><BR>[Called By]<UL><LI><a href="#[62]">&gt;&gt;</a>&nbsp;&nbsp;&nbsp;SystemInit
</UL>

<P><STRONG><a name="[83]"></a>SPI13_Init</STRONG> (Thumb, 276 bytes, Stack size 32 bytes, spi.o(i.SPI13_Init))
<BR><BR>[Stack]<UL><LI>Max Depth = 56<LI>Call Chain = SPI13_Init &rArr; GPIO_InitPeripheral
</UL>
<BR>[Calls]<UL><LI><a href="#[7b]">&gt;&gt;</a>&nbsp;&nbsp;&nbsp;GPIO_InitStruct
<LI><a href="#[7c]">&gt;&gt;</a>&nbsp;&nbsp;&nbsp;GPIO_InitPeripheral
<LI><a href="#[84]">&gt;&gt;</a>&nbsp;&nbsp;&nbsp;GPIO_ConfigPinRemap
<LI><a href="#[85]">&gt;&gt;</a>&nbsp;&nbsp;&nbsp;RCC_EnableAPB1PeriphClk
<LI><a href="#[7a]">&gt;&gt;</a>&nbsp;&nbsp;&nbsp;RCC_EnableAPB2PeriphClk
<LI><a href="#[86]">&gt;&gt;</a>&nbsp;&nbsp;&nbsp;SPI_InitStruct
<LI><a href="#[87]">&gt;&gt;</a>&nbsp;&nbsp;&nbsp;SPI_Init
<LI><a href="#[88]">&gt;&gt;</a>&nbsp;&nbsp;&nbsp;SPI_Enable
</UL>
<BR>[Called By]<UL><LI><a href="#[70]">&gt;&gt;</a>&nbsp;&nbsp;&nbsp;main
</UL>

<P><STRONG><a name="[88]"></a>SPI_Enable</STRONG> (Thumb, 24 bytes, Stack size 0 bytes, n32g4fr_spi.o(i.SPI_Enable))
<BR><BR>[Called By]<UL><LI><a href="#[83]">&gt;&gt;</a>&nbsp;&nbsp;&nbsp;SPI13_Init
</UL>

<P><STRONG><a name="[aa]"></a>SPI_I2S_GetStatus</STRONG> (Thumb, 18 bytes, Stack size 0 bytes, n32g4fr_spi.o(i.SPI_I2S_GetStatus))
<BR><BR>[Called By]<UL><LI><a href="#[b1]">&gt;&gt;</a>&nbsp;&nbsp;&nbsp;xv7021_SPI_ReadWrite
<LI><a href="#[a9]">&gt;&gt;</a>&nbsp;&nbsp;&nbsp;adxl_SPI_ReadWriteByte
</UL>

<P><STRONG><a name="[ac]"></a>SPI_I2S_ReceiveData</STRONG> (Thumb, 6 bytes, Stack size 0 bytes, n32g4fr_spi.o(i.SPI_I2S_ReceiveData))
<BR><BR>[Called By]<UL><LI><a href="#[b1]">&gt;&gt;</a>&nbsp;&nbsp;&nbsp;xv7021_SPI_ReadWrite
<LI><a href="#[a9]">&gt;&gt;</a>&nbsp;&nbsp;&nbsp;adxl_SPI_ReadWriteByte
</UL>

<P><STRONG><a name="[ab]"></a>SPI_I2S_TransmitData</STRONG> (Thumb, 4 bytes, Stack size 0 bytes, n32g4fr_spi.o(i.SPI_I2S_TransmitData))
<BR><BR>[Called By]<UL><LI><a href="#[b1]">&gt;&gt;</a>&nbsp;&nbsp;&nbsp;xv7021_SPI_ReadWrite
<LI><a href="#[a9]">&gt;&gt;</a>&nbsp;&nbsp;&nbsp;adxl_SPI_ReadWriteByte
</UL>

<P><STRONG><a name="[87]"></a>SPI_Init</STRONG> (Thumb, 60 bytes, Stack size 8 bytes, n32g4fr_spi.o(i.SPI_Init))
<BR><BR>[Stack]<UL><LI>Max Depth = 8<LI>Call Chain = SPI_Init
</UL>
<BR>[Called By]<UL><LI><a href="#[83]">&gt;&gt;</a>&nbsp;&nbsp;&nbsp;SPI13_Init
</UL>

<P><STRONG><a name="[86]"></a>SPI_InitStruct</STRONG> (Thumb, 24 bytes, Stack size 0 bytes, n32g4fr_spi.o(i.SPI_InitStruct))
<BR><BR>[Called By]<UL><LI><a href="#[83]">&gt;&gt;</a>&nbsp;&nbsp;&nbsp;SPI13_Init
</UL>

<P><STRONG><a name="[8]"></a>SVC_Handler</STRONG> (Thumb, 2 bytes, Stack size 0 bytes, n32g4fr_it.o(i.SVC_Handler))
<BR>[Address Reference Count : 1]<UL><LI> startup_n32g4fr.o(RESET)
</UL>
<P><STRONG><a name="[b]"></a>SysTick_Handler</STRONG> (Thumb, 2 bytes, Stack size 0 bytes, n32g4fr_it.o(i.SysTick_Handler))
<BR>[Address Reference Count : 1]<UL><LI> startup_n32g4fr.o(RESET)
</UL>
<P><STRONG><a name="[62]"></a>SystemInit</STRONG> (Thumb, 210 bytes, Stack size 8 bytes, system_n32g4fr.o(i.SystemInit))
<BR><BR>[Stack]<UL><LI>Max Depth = 20<LI>Call Chain = SystemInit &rArr; SetSysClock
</UL>
<BR>[Calls]<UL><LI><a href="#[8a]">&gt;&gt;</a>&nbsp;&nbsp;&nbsp;RCC_GetSysclkSrc
<LI><a href="#[89]">&gt;&gt;</a>&nbsp;&nbsp;&nbsp;RCC_ConfigSysclk
<LI><a href="#[8d]">&gt;&gt;</a>&nbsp;&nbsp;&nbsp;SetVDDDBKTrim
<LI><a href="#[8c]">&gt;&gt;</a>&nbsp;&nbsp;&nbsp;SetSysClock
<LI><a href="#[8b]">&gt;&gt;</a>&nbsp;&nbsp;&nbsp;ReadBackBDCTRL
</UL>
<BR>[Address Reference Count : 1]<UL><LI> startup_n32g4fr.o(.text)
</UL>
<P><STRONG><a name="[3e]"></a>TIM5_IRQHandler</STRONG> (Thumb, 28 bytes, Stack size 8 bytes, main.o(i.TIM5_IRQHandler))
<BR><BR>[Stack]<UL><LI>Max Depth = 20<LI>Call Chain = TIM5_IRQHandler &rArr; TIM_GetIntStatus
</UL>
<BR>[Calls]<UL><LI><a href="#[8e]">&gt;&gt;</a>&nbsp;&nbsp;&nbsp;TIM_GetIntStatus
<LI><a href="#[8f]">&gt;&gt;</a>&nbsp;&nbsp;&nbsp;TIM_ClrIntPendingBit
</UL>
<BR>[Address Reference Count : 1]<UL><LI> startup_n32g4fr.o(RESET)
</UL>
<P><STRONG><a name="[90]"></a>TIM5_Init</STRONG> (Thumb, 102 bytes, Stack size 24 bytes, tim.o(i.TIM5_Init))
<BR><BR>[Stack]<UL><LI>Max Depth = 40<LI>Call Chain = TIM5_Init &rArr; NVIC_Init
</UL>
<BR>[Calls]<UL><LI><a href="#[94]">&gt;&gt;</a>&nbsp;&nbsp;&nbsp;NVIC_Init
<LI><a href="#[85]">&gt;&gt;</a>&nbsp;&nbsp;&nbsp;RCC_EnableAPB1PeriphClk
<LI><a href="#[92]">&gt;&gt;</a>&nbsp;&nbsp;&nbsp;TIM_InitTimeBase
<LI><a href="#[91]">&gt;&gt;</a>&nbsp;&nbsp;&nbsp;TIM_InitTimBaseStruct
<LI><a href="#[95]">&gt;&gt;</a>&nbsp;&nbsp;&nbsp;TIM_Enable
<LI><a href="#[93]">&gt;&gt;</a>&nbsp;&nbsp;&nbsp;TIM_ConfigInt
</UL>
<BR>[Called By]<UL><LI><a href="#[70]">&gt;&gt;</a>&nbsp;&nbsp;&nbsp;main
</UL>

<P><STRONG><a name="[8f]"></a>TIM_ClrIntPendingBit</STRONG> (Thumb, 6 bytes, Stack size 0 bytes, n32g4fr_tim.o(i.TIM_ClrIntPendingBit))
<BR><BR>[Called By]<UL><LI><a href="#[3e]">&gt;&gt;</a>&nbsp;&nbsp;&nbsp;TIM5_IRQHandler
</UL>

<P><STRONG><a name="[93]"></a>TIM_ConfigInt</STRONG> (Thumb, 18 bytes, Stack size 0 bytes, n32g4fr_tim.o(i.TIM_ConfigInt))
<BR><BR>[Called By]<UL><LI><a href="#[90]">&gt;&gt;</a>&nbsp;&nbsp;&nbsp;TIM5_Init
</UL>

<P><STRONG><a name="[95]"></a>TIM_Enable</STRONG> (Thumb, 22 bytes, Stack size 0 bytes, n32g4fr_tim.o(i.TIM_Enable))
<BR><BR>[Called By]<UL><LI><a href="#[90]">&gt;&gt;</a>&nbsp;&nbsp;&nbsp;TIM5_Init
</UL>

<P><STRONG><a name="[8e]"></a>TIM_GetIntStatus</STRONG> (Thumb, 34 bytes, Stack size 12 bytes, n32g4fr_tim.o(i.TIM_GetIntStatus))
<BR><BR>[Stack]<UL><LI>Max Depth = 12<LI>Call Chain = TIM_GetIntStatus
</UL>
<BR>[Called By]<UL><LI><a href="#[3e]">&gt;&gt;</a>&nbsp;&nbsp;&nbsp;TIM5_IRQHandler
</UL>

<P><STRONG><a name="[91]"></a>TIM_InitTimBaseStruct</STRONG> (Thumb, 30 bytes, Stack size 0 bytes, n32g4fr_tim.o(i.TIM_InitTimBaseStruct))
<BR><BR>[Called By]<UL><LI><a href="#[90]">&gt;&gt;</a>&nbsp;&nbsp;&nbsp;TIM5_Init
</UL>

<P><STRONG><a name="[92]"></a>TIM_InitTimeBase</STRONG> (Thumb, 314 bytes, Stack size 0 bytes, n32g4fr_tim.o(i.TIM_InitTimeBase))
<BR><BR>[Called By]<UL><LI><a href="#[90]">&gt;&gt;</a>&nbsp;&nbsp;&nbsp;TIM5_Init
</UL>

<P><STRONG><a name="[80]"></a>USART3_DMA_Send</STRONG> (Thumb, 48 bytes, Stack size 16 bytes, usart.o(i.USART3_DMA_Send))
<BR><BR>[Stack]<UL><LI>Max Depth = 16<LI>Call Chain = USART3_DMA_Send
</UL>
<BR>[Calls]<UL><LI><a href="#[97]">&gt;&gt;</a>&nbsp;&nbsp;&nbsp;DMA_SetCurrDataCounter
<LI><a href="#[96]">&gt;&gt;</a>&nbsp;&nbsp;&nbsp;DMA_EnableChannel
<LI><a href="#[7e]">&gt;&gt;</a>&nbsp;&nbsp;&nbsp;DMA_ClearFlag
</UL>
<BR>[Called By]<UL><LI><a href="#[7f]">&gt;&gt;</a>&nbsp;&nbsp;&nbsp;DataSend_43Byte
</UL>

<P><STRONG><a name="[98]"></a>USART3_Init</STRONG> (Thumb, 252 bytes, Stack size 80 bytes, usart.o(i.USART3_Init))
<BR><BR>[Stack]<UL><LI>Max Depth = 156<LI>Call Chain = USART3_Init &rArr; USART_Init &rArr; RCC_GetClocksFreqValue
</UL>
<BR>[Calls]<UL><LI><a href="#[9f]">&gt;&gt;</a>&nbsp;&nbsp;&nbsp;NVIC_PriorityGroupConfig
<LI><a href="#[94]">&gt;&gt;</a>&nbsp;&nbsp;&nbsp;NVIC_Init
<LI><a href="#[7b]">&gt;&gt;</a>&nbsp;&nbsp;&nbsp;GPIO_InitStruct
<LI><a href="#[7c]">&gt;&gt;</a>&nbsp;&nbsp;&nbsp;GPIO_InitPeripheral
<LI><a href="#[9a]">&gt;&gt;</a>&nbsp;&nbsp;&nbsp;DMA_StructInit
<LI><a href="#[9b]">&gt;&gt;</a>&nbsp;&nbsp;&nbsp;DMA_Init
<LI><a href="#[9c]">&gt;&gt;</a>&nbsp;&nbsp;&nbsp;DMA_ConfigInt
<LI><a href="#[85]">&gt;&gt;</a>&nbsp;&nbsp;&nbsp;RCC_EnableAPB1PeriphClk
<LI><a href="#[7a]">&gt;&gt;</a>&nbsp;&nbsp;&nbsp;RCC_EnableAPB2PeriphClk
<LI><a href="#[99]">&gt;&gt;</a>&nbsp;&nbsp;&nbsp;RCC_EnableAHBPeriphClk
<LI><a href="#[9d]">&gt;&gt;</a>&nbsp;&nbsp;&nbsp;USART_StructInit
<LI><a href="#[9e]">&gt;&gt;</a>&nbsp;&nbsp;&nbsp;USART_Init
<LI><a href="#[a0]">&gt;&gt;</a>&nbsp;&nbsp;&nbsp;USART_EnableDMA
<LI><a href="#[a1]">&gt;&gt;</a>&nbsp;&nbsp;&nbsp;USART_Enable
</UL>
<BR>[Called By]<UL><LI><a href="#[70]">&gt;&gt;</a>&nbsp;&nbsp;&nbsp;main
</UL>

<P><STRONG><a name="[a1]"></a>USART_Enable</STRONG> (Thumb, 24 bytes, Stack size 0 bytes, n32g4fr_usart.o(i.USART_Enable))
<BR><BR>[Called By]<UL><LI><a href="#[98]">&gt;&gt;</a>&nbsp;&nbsp;&nbsp;USART3_Init
</UL>

<P><STRONG><a name="[a0]"></a>USART_EnableDMA</STRONG> (Thumb, 18 bytes, Stack size 0 bytes, n32g4fr_usart.o(i.USART_EnableDMA))
<BR><BR>[Called By]<UL><LI><a href="#[98]">&gt;&gt;</a>&nbsp;&nbsp;&nbsp;USART3_Init
</UL>

<P><STRONG><a name="[9e]"></a>USART_Init</STRONG> (Thumb, 188 bytes, Stack size 56 bytes, n32g4fr_usart.o(i.USART_Init))
<BR><BR>[Stack]<UL><LI>Max Depth = 76<LI>Call Chain = USART_Init &rArr; RCC_GetClocksFreqValue
</UL>
<BR>[Calls]<UL><LI><a href="#[a2]">&gt;&gt;</a>&nbsp;&nbsp;&nbsp;RCC_GetClocksFreqValue
</UL>
<BR>[Called By]<UL><LI><a href="#[98]">&gt;&gt;</a>&nbsp;&nbsp;&nbsp;USART3_Init
</UL>

<P><STRONG><a name="[9d]"></a>USART_StructInit</STRONG> (Thumb, 24 bytes, Stack size 0 bytes, n32g4fr_usart.o(i.USART_StructInit))
<BR><BR>[Called By]<UL><LI><a href="#[98]">&gt;&gt;</a>&nbsp;&nbsp;&nbsp;USART3_Init
</UL>

<P><STRONG><a name="[7]"></a>UsageFault_Handler</STRONG> (Thumb, 4 bytes, Stack size 0 bytes, n32g4fr_it.o(i.UsageFault_Handler))
<BR>[Address Reference Count : 1]<UL><LI> startup_n32g4fr.o(RESET)
</UL>
<P><STRONG><a name="[a3]"></a>adxl_CS_Control</STRONG> (Thumb, 18 bytes, Stack size 8 bytes, adxl359.o(i.adxl_CS_Control))
<BR><BR>[Stack]<UL><LI>Max Depth = 8<LI>Call Chain = adxl_CS_Control
</UL>
<BR>[Calls]<UL><LI><a href="#[a4]">&gt;&gt;</a>&nbsp;&nbsp;&nbsp;GPIO_WriteBit
</UL>
<BR>[Called By]<UL><LI><a href="#[a8]">&gt;&gt;</a>&nbsp;&nbsp;&nbsp;adxl_WriteReg
<LI><a href="#[a6]">&gt;&gt;</a>&nbsp;&nbsp;&nbsp;adxl_ReadReg
</UL>

<P><STRONG><a name="[a5]"></a>adxl_GetData</STRONG> (Thumb, 218 bytes, Stack size 32 bytes, adxl359.o(i.adxl_GetData))
<BR><BR>[Stack]<UL><LI>Max Depth = 64<LI>Call Chain = adxl_GetData &rArr; adxl_ReadReg &rArr; adxl_CS_Control
</UL>
<BR>[Calls]<UL><LI><a href="#[a6]">&gt;&gt;</a>&nbsp;&nbsp;&nbsp;adxl_ReadReg
</UL>
<BR>[Called By]<UL><LI><a href="#[70]">&gt;&gt;</a>&nbsp;&nbsp;&nbsp;main
</UL>

<P><STRONG><a name="[a7]"></a>adxl_Init</STRONG> (Thumb, 128 bytes, Stack size 16 bytes, adxl359.o(i.adxl_Init))
<BR><BR>[Stack]<UL><LI>Max Depth = 48<LI>Call Chain = adxl_Init &rArr; adxl_WriteReg &rArr; adxl_CS_Control
</UL>
<BR>[Calls]<UL><LI><a href="#[a8]">&gt;&gt;</a>&nbsp;&nbsp;&nbsp;adxl_WriteReg
<LI><a href="#[a6]">&gt;&gt;</a>&nbsp;&nbsp;&nbsp;adxl_ReadReg
<LI><a href="#[81]">&gt;&gt;</a>&nbsp;&nbsp;&nbsp;Delay_ms
</UL>
<BR>[Called By]<UL><LI><a href="#[70]">&gt;&gt;</a>&nbsp;&nbsp;&nbsp;main
</UL>

<P><STRONG><a name="[a6]"></a>adxl_ReadReg</STRONG> (Thumb, 64 bytes, Stack size 24 bytes, adxl359.o(i.adxl_ReadReg))
<BR><BR>[Stack]<UL><LI>Max Depth = 32<LI>Call Chain = adxl_ReadReg &rArr; adxl_CS_Control
</UL>
<BR>[Calls]<UL><LI><a href="#[a3]">&gt;&gt;</a>&nbsp;&nbsp;&nbsp;adxl_CS_Control
<LI><a href="#[a9]">&gt;&gt;</a>&nbsp;&nbsp;&nbsp;adxl_SPI_ReadWriteByte
</UL>
<BR>[Called By]<UL><LI><a href="#[a7]">&gt;&gt;</a>&nbsp;&nbsp;&nbsp;adxl_Init
<LI><a href="#[a5]">&gt;&gt;</a>&nbsp;&nbsp;&nbsp;adxl_GetData
</UL>

<P><STRONG><a name="[a8]"></a>adxl_WriteReg</STRONG> (Thumb, 62 bytes, Stack size 24 bytes, adxl359.o(i.adxl_WriteReg))
<BR><BR>[Stack]<UL><LI>Max Depth = 32<LI>Call Chain = adxl_WriteReg &rArr; adxl_CS_Control
</UL>
<BR>[Calls]<UL><LI><a href="#[a3]">&gt;&gt;</a>&nbsp;&nbsp;&nbsp;adxl_CS_Control
<LI><a href="#[a9]">&gt;&gt;</a>&nbsp;&nbsp;&nbsp;adxl_SPI_ReadWriteByte
</UL>
<BR>[Called By]<UL><LI><a href="#[a7]">&gt;&gt;</a>&nbsp;&nbsp;&nbsp;adxl_Init
</UL>

<P><STRONG><a name="[70]"></a>main</STRONG> (Thumb, 110 bytes, Stack size 0 bytes, main.o(i.main))
<BR><BR>[Stack]<UL><LI>Max Depth = 156<LI>Call Chain = main &rArr; USART3_Init &rArr; USART_Init &rArr; RCC_GetClocksFreqValue
</UL>
<BR>[Calls]<UL><LI><a href="#[ad]">&gt;&gt;</a>&nbsp;&nbsp;&nbsp;xv7021_Init
<LI><a href="#[ae]">&gt;&gt;</a>&nbsp;&nbsp;&nbsp;xv7021_GetSingleTemperature
<LI><a href="#[af]">&gt;&gt;</a>&nbsp;&nbsp;&nbsp;xv7021_GetSingleGyroData
<LI><a href="#[a7]">&gt;&gt;</a>&nbsp;&nbsp;&nbsp;adxl_Init
<LI><a href="#[a5]">&gt;&gt;</a>&nbsp;&nbsp;&nbsp;adxl_GetData
<LI><a href="#[90]">&gt;&gt;</a>&nbsp;&nbsp;&nbsp;TIM5_Init
<LI><a href="#[98]">&gt;&gt;</a>&nbsp;&nbsp;&nbsp;USART3_Init
<LI><a href="#[7f]">&gt;&gt;</a>&nbsp;&nbsp;&nbsp;DataSend_43Byte
<LI><a href="#[83]">&gt;&gt;</a>&nbsp;&nbsp;&nbsp;SPI13_Init
<LI><a href="#[79]">&gt;&gt;</a>&nbsp;&nbsp;&nbsp;CS_GPIO_Init
</UL>
<BR>[Called By]<UL><LI><a href="#[6f]">&gt;&gt;</a>&nbsp;&nbsp;&nbsp;__rt_entry_main
</UL>

<P><STRONG><a name="[b0]"></a>xv7021_CS_Control</STRONG> (Thumb, 18 bytes, Stack size 16 bytes, xv7021bb.o(i.xv7021_CS_Control))
<BR><BR>[Stack]<UL><LI>Max Depth = 16<LI>Call Chain = xv7021_CS_Control
</UL>
<BR>[Calls]<UL><LI><a href="#[a4]">&gt;&gt;</a>&nbsp;&nbsp;&nbsp;GPIO_WriteBit
</UL>
<BR>[Called By]<UL><LI><a href="#[b3]">&gt;&gt;</a>&nbsp;&nbsp;&nbsp;xv7021_WriteReg
<LI><a href="#[b2]">&gt;&gt;</a>&nbsp;&nbsp;&nbsp;xv7021_SendCmd
<LI><a href="#[b4]">&gt;&gt;</a>&nbsp;&nbsp;&nbsp;xv7021_ReadReg
<LI><a href="#[ad]">&gt;&gt;</a>&nbsp;&nbsp;&nbsp;xv7021_Init
<LI><a href="#[ae]">&gt;&gt;</a>&nbsp;&nbsp;&nbsp;xv7021_GetSingleTemperature
<LI><a href="#[af]">&gt;&gt;</a>&nbsp;&nbsp;&nbsp;xv7021_GetSingleGyroData
</UL>

<P><STRONG><a name="[af]"></a>xv7021_GetSingleGyroData</STRONG> (Thumb, 120 bytes, Stack size 24 bytes, xv7021bb.o(i.xv7021_GetSingleGyroData))
<BR><BR>[Stack]<UL><LI>Max Depth = 40<LI>Call Chain = xv7021_GetSingleGyroData &rArr; xv7021_CS_Control
</UL>
<BR>[Calls]<UL><LI><a href="#[b0]">&gt;&gt;</a>&nbsp;&nbsp;&nbsp;xv7021_CS_Control
<LI><a href="#[b1]">&gt;&gt;</a>&nbsp;&nbsp;&nbsp;xv7021_SPI_ReadWrite
</UL>
<BR>[Called By]<UL><LI><a href="#[70]">&gt;&gt;</a>&nbsp;&nbsp;&nbsp;main
</UL>

<P><STRONG><a name="[ae]"></a>xv7021_GetSingleTemperature</STRONG> (Thumb, 120 bytes, Stack size 24 bytes, xv7021bb.o(i.xv7021_GetSingleTemperature))
<BR><BR>[Stack]<UL><LI>Max Depth = 40<LI>Call Chain = xv7021_GetSingleTemperature &rArr; xv7021_CS_Control
</UL>
<BR>[Calls]<UL><LI><a href="#[b0]">&gt;&gt;</a>&nbsp;&nbsp;&nbsp;xv7021_CS_Control
<LI><a href="#[b1]">&gt;&gt;</a>&nbsp;&nbsp;&nbsp;xv7021_SPI_ReadWrite
</UL>
<BR>[Called By]<UL><LI><a href="#[70]">&gt;&gt;</a>&nbsp;&nbsp;&nbsp;main
</UL>

<P><STRONG><a name="[ad]"></a>xv7021_Init</STRONG> (Thumb, 242 bytes, Stack size 16 bytes, xv7021bb.o(i.xv7021_Init))
<BR><BR>[Stack]<UL><LI>Max Depth = 48<LI>Call Chain = xv7021_Init &rArr; xv7021_WriteReg &rArr; xv7021_CS_Control
</UL>
<BR>[Calls]<UL><LI><a href="#[b3]">&gt;&gt;</a>&nbsp;&nbsp;&nbsp;xv7021_WriteReg
<LI><a href="#[b2]">&gt;&gt;</a>&nbsp;&nbsp;&nbsp;xv7021_SendCmd
<LI><a href="#[b4]">&gt;&gt;</a>&nbsp;&nbsp;&nbsp;xv7021_ReadReg
<LI><a href="#[b0]">&gt;&gt;</a>&nbsp;&nbsp;&nbsp;xv7021_CS_Control
<LI><a href="#[b1]">&gt;&gt;</a>&nbsp;&nbsp;&nbsp;xv7021_SPI_ReadWrite
<LI><a href="#[81]">&gt;&gt;</a>&nbsp;&nbsp;&nbsp;Delay_ms
</UL>
<BR>[Called By]<UL><LI><a href="#[70]">&gt;&gt;</a>&nbsp;&nbsp;&nbsp;main
</UL>

<P><STRONG><a name="[b4]"></a>xv7021_ReadReg</STRONG> (Thumb, 46 bytes, Stack size 16 bytes, xv7021bb.o(i.xv7021_ReadReg))
<BR><BR>[Stack]<UL><LI>Max Depth = 32<LI>Call Chain = xv7021_ReadReg &rArr; xv7021_CS_Control
</UL>
<BR>[Calls]<UL><LI><a href="#[b0]">&gt;&gt;</a>&nbsp;&nbsp;&nbsp;xv7021_CS_Control
<LI><a href="#[b1]">&gt;&gt;</a>&nbsp;&nbsp;&nbsp;xv7021_SPI_ReadWrite
</UL>
<BR>[Called By]<UL><LI><a href="#[ad]">&gt;&gt;</a>&nbsp;&nbsp;&nbsp;xv7021_Init
</UL>

<P><STRONG><a name="[b2]"></a>xv7021_SendCmd</STRONG> (Thumb, 32 bytes, Stack size 16 bytes, xv7021bb.o(i.xv7021_SendCmd))
<BR><BR>[Stack]<UL><LI>Max Depth = 32<LI>Call Chain = xv7021_SendCmd &rArr; xv7021_CS_Control
</UL>
<BR>[Calls]<UL><LI><a href="#[b0]">&gt;&gt;</a>&nbsp;&nbsp;&nbsp;xv7021_CS_Control
<LI><a href="#[b1]">&gt;&gt;</a>&nbsp;&nbsp;&nbsp;xv7021_SPI_ReadWrite
</UL>
<BR>[Called By]<UL><LI><a href="#[ad]">&gt;&gt;</a>&nbsp;&nbsp;&nbsp;xv7021_Init
</UL>

<P><STRONG><a name="[b3]"></a>xv7021_WriteReg</STRONG> (Thumb, 44 bytes, Stack size 16 bytes, xv7021bb.o(i.xv7021_WriteReg))
<BR><BR>[Stack]<UL><LI>Max Depth = 32<LI>Call Chain = xv7021_WriteReg &rArr; xv7021_CS_Control
</UL>
<BR>[Calls]<UL><LI><a href="#[b0]">&gt;&gt;</a>&nbsp;&nbsp;&nbsp;xv7021_CS_Control
<LI><a href="#[b1]">&gt;&gt;</a>&nbsp;&nbsp;&nbsp;xv7021_SPI_ReadWrite
</UL>
<BR>[Called By]<UL><LI><a href="#[ad]">&gt;&gt;</a>&nbsp;&nbsp;&nbsp;xv7021_Init
</UL>

<P><STRONG><a name="[6a]"></a>_fp_init</STRONG> (Thumb, 10 bytes, Stack size 0 bytes, fpinit.o(x$fpl$fpinit))
<BR><BR>[Called By]<UL><LI><a href="#[69]">&gt;&gt;</a>&nbsp;&nbsp;&nbsp;__rt_lib_init_fp_1
</UL>

<P><STRONG><a name="[df]"></a>__fplib_config_fpu_vfp</STRONG> (Thumb, 0 bytes, Stack size unknown bytes, fpinit.o(x$fpl$fpinit), UNUSED)

<P><STRONG><a name="[e0]"></a>__fplib_config_pureend_doubles</STRONG> (Thumb, 0 bytes, Stack size unknown bytes, fpinit.o(x$fpl$fpinit), UNUSED)
<P>
<H3>
Local Symbols
</H3>
<P><STRONG><a name="[3b]"></a>RESERVE47_IRQHandler</STRONG> (Thumb, 0 bytes, Stack size 0 bytes, startup_n32g4fr.o(.text))
<BR>[Address Reference Count : 1]<UL><LI> startup_n32g4fr.o(RESET)
</UL>
<P><STRONG><a name="[3c]"></a>RESERVE48_IRQHandler</STRONG> (Thumb, 0 bytes, Stack size 0 bytes, startup_n32g4fr.o(.text))
<BR>[Address Reference Count : 1]<UL><LI> startup_n32g4fr.o(RESET)
</UL>
<P><STRONG><a name="[49]"></a>RESERVE61_IRQHandler</STRONG> (Thumb, 0 bytes, Stack size 0 bytes, startup_n32g4fr.o(.text))
<BR>[Address Reference Count : 1]<UL><LI> startup_n32g4fr.o(RESET)
</UL>
<P><STRONG><a name="[4a]"></a>RESERVE62_IRQHandler</STRONG> (Thumb, 0 bytes, Stack size 0 bytes, startup_n32g4fr.o(.text))
<BR>[Address Reference Count : 1]<UL><LI> startup_n32g4fr.o(RESET)
</UL>
<P><STRONG><a name="[5e]"></a>RESERVE82_IRQHandler</STRONG> (Thumb, 0 bytes, Stack size 0 bytes, startup_n32g4fr.o(.text))
<BR>[Address Reference Count : 1]<UL><LI> startup_n32g4fr.o(RESET)
</UL>
<P><STRONG><a name="[5f]"></a>RESERVE83_IRQHandler</STRONG> (Thumb, 0 bytes, Stack size 0 bytes, startup_n32g4fr.o(.text))
<BR>[Address Reference Count : 1]<UL><LI> startup_n32g4fr.o(RESET)
</UL>
<P><STRONG><a name="[60]"></a>RESERVE84_IRQHandler</STRONG> (Thumb, 0 bytes, Stack size 0 bytes, startup_n32g4fr.o(.text))
<BR>[Address Reference Count : 1]<UL><LI> startup_n32g4fr.o(RESET)
</UL>
<P><STRONG><a name="[8b]"></a>ReadBackBDCTRL</STRONG> (Thumb, 48 bytes, Stack size 8 bytes, system_n32g4fr.o(i.ReadBackBDCTRL))
<BR><BR>[Stack]<UL><LI>Max Depth = 8<LI>Call Chain = ReadBackBDCTRL
</UL>
<BR>[Called By]<UL><LI><a href="#[62]">&gt;&gt;</a>&nbsp;&nbsp;&nbsp;SystemInit
</UL>

<P><STRONG><a name="[8c]"></a>SetSysClock</STRONG> (Thumb, 184 bytes, Stack size 12 bytes, system_n32g4fr.o(i.SetSysClock))
<BR><BR>[Stack]<UL><LI>Max Depth = 12<LI>Call Chain = SetSysClock
</UL>
<BR>[Called By]<UL><LI><a href="#[62]">&gt;&gt;</a>&nbsp;&nbsp;&nbsp;SystemInit
</UL>

<P><STRONG><a name="[8d]"></a>SetVDDDBKTrim</STRONG> (Thumb, 70 bytes, Stack size 0 bytes, system_n32g4fr.o(i.SetVDDDBKTrim))
<BR><BR>[Called By]<UL><LI><a href="#[62]">&gt;&gt;</a>&nbsp;&nbsp;&nbsp;SystemInit
</UL>

<P><STRONG><a name="[a9]"></a>adxl_SPI_ReadWriteByte</STRONG> (Thumb, 58 bytes, Stack size 8 bytes, adxl359.o(i.adxl_SPI_ReadWriteByte))
<BR><BR>[Stack]<UL><LI>Max Depth = 8<LI>Call Chain = adxl_SPI_ReadWriteByte
</UL>
<BR>[Calls]<UL><LI><a href="#[ab]">&gt;&gt;</a>&nbsp;&nbsp;&nbsp;SPI_I2S_TransmitData
<LI><a href="#[ac]">&gt;&gt;</a>&nbsp;&nbsp;&nbsp;SPI_I2S_ReceiveData
<LI><a href="#[aa]">&gt;&gt;</a>&nbsp;&nbsp;&nbsp;SPI_I2S_GetStatus
</UL>
<BR>[Called By]<UL><LI><a href="#[a8]">&gt;&gt;</a>&nbsp;&nbsp;&nbsp;adxl_WriteReg
<LI><a href="#[a6]">&gt;&gt;</a>&nbsp;&nbsp;&nbsp;adxl_ReadReg
</UL>

<P><STRONG><a name="[b1]"></a>xv7021_SPI_ReadWrite</STRONG> (Thumb, 52 bytes, Stack size 16 bytes, xv7021bb.o(i.xv7021_SPI_ReadWrite))
<BR><BR>[Stack]<UL><LI>Max Depth = 16<LI>Call Chain = xv7021_SPI_ReadWrite
</UL>
<BR>[Calls]<UL><LI><a href="#[ab]">&gt;&gt;</a>&nbsp;&nbsp;&nbsp;SPI_I2S_TransmitData
<LI><a href="#[ac]">&gt;&gt;</a>&nbsp;&nbsp;&nbsp;SPI_I2S_ReceiveData
<LI><a href="#[aa]">&gt;&gt;</a>&nbsp;&nbsp;&nbsp;SPI_I2S_GetStatus
</UL>
<BR>[Called By]<UL><LI><a href="#[b3]">&gt;&gt;</a>&nbsp;&nbsp;&nbsp;xv7021_WriteReg
<LI><a href="#[b2]">&gt;&gt;</a>&nbsp;&nbsp;&nbsp;xv7021_SendCmd
<LI><a href="#[b4]">&gt;&gt;</a>&nbsp;&nbsp;&nbsp;xv7021_ReadReg
<LI><a href="#[ad]">&gt;&gt;</a>&nbsp;&nbsp;&nbsp;xv7021_Init
<LI><a href="#[ae]">&gt;&gt;</a>&nbsp;&nbsp;&nbsp;xv7021_GetSingleTemperature
<LI><a href="#[af]">&gt;&gt;</a>&nbsp;&nbsp;&nbsp;xv7021_GetSingleGyroData
</UL>
<P>
<H3>
Undefined Global Symbols
</H3><HR></body></html>
