<html>
<body>
<pre>
<h1>µVision Build Log</h1>
<h2>Tool Versions:</h2>
IDE-Version: ¦ÌVision V5.36.0.0
Copyright (C) 2021 ARM Ltd and ARM Germany GmbH. All rights reserved.
License Information:  ,  , LIC=8VRJ7-EJH13-305NC-79FBL-71GVZ-7FPW3
 
Tool Versions:
Toolchain:       MDK-ARM Plus  Version: 5.36.0.0
Toolchain Path:  C:\Keil_v5\ARM\ARMCLANG\Bin
C Compiler:      ArmClang.exe V6.16
Assembler:       Armasm.exe V6.16
Linker/Locator:  ArmLink.exe V6.16
Library Manager: ArmAr.exe V6.16
Hex Converter:   FromElf.exe V6.16
CPU DLL:         SARMCM3.DLL V5.36.0.0
Dialog DLL:      DCM.DLL V1.17.3.0
Target DLL:      CMSIS_AGDI.dll V1.33.0.0
Dialog DLL:      TCM.DLL V1.53.0.0
 
<h2>Project:</h2>
C:\Users\wangjy\Desktop\[Project]\[Project].IMU330_ArraY_AT_1202\project\MDK_V5\[Project].IMU330_ArraY_AT.uvprojx
Project File Date:  12/03/2024

<h2>Output:</h2>
*** Using Compiler 'V6.16', folder: 'C:\Keil_v5\ARM\ARMCLANG\Bin'
Rebuild target '[Project].IMU330_ArraY_AT'
compiling at32f435_437_acc.c...
compiling wk_system.c...
compiling at32f435_437_wk_config.c...
compiling at32f435_437_adc.c...
compiling at32f435_437_int.c...
compiling main.c...
compiling at32f435_437_crc.c...
compiling at32f435_437_debug.c...
compiling at32f435_437_dac.c...
compiling at32f435_437_dma.c...
compiling at32f435_437_can.c...
compiling at32f435_437_crm.c...
compiling at32f435_437_emac.c...
compiling at32f435_437_dvp.c...
compiling at32f435_437_edma.c...
compiling at32f435_437_exint.c...
compiling at32f435_437_ertc.c...
compiling at32f435_437_flash.c...
compiling at32f435_437_gpio.c...
compiling at32f435_437_misc.c...
compiling at32f435_437_i2c.c...
compiling at32f435_437_pwc.c...
compiling at32f435_437_qspi.c...
compiling at32f435_437_scfg.c...
compiling at32f435_437_spi.c...
compiling at32f435_437_sdio.c...
compiling at32f435_437_usart.c...
compiling at32f435_437_wdt.c...
compiling at32f435_437_tmr.c...
compiling at32f435_437_usb.c...
assembling startup_at32f435_437.s...
compiling at32f435_437_wwdt.c...
compiling at32f435_437_xmc.c...
compiling system_at32f435_437.c...
compiling ATFlash.c...
compiling ATSpi.c...
compiling ATUsart.c...
compiling asm330lhhx.c...
compiling adxl375.c...
compiling errorcor.c...
compiling jump2app.c...
compiling option.c...
linking...
Program Size: Code=14400 RO-data=724 RW-data=4 ZI-data=66436  
FromELF: creating hex file...
".\objects\[Project].IMU330_ArraY_AT" - 0 Error(s), 0 Warning(s).

<h2>Software Packages used:</h2>

Package Vendor: ArteryTek
                
                ArteryTek.AT32F435_437_DFP.2.2.0
                ArteryTek AT32F4 Series Device Support,Drivers

<h2>Collection of Component include folders:</h2>
  C:\Users\wangjy\AppData\Local\Arm\Packs\ArteryTek\AT32F435_437_DFP\2.2.0\Device\Include

<h2>Collection of Component Files used:</h2>
Build Time Elapsed:  00:00:03
</pre>
</body>
</html>
