Component: ARM Compiler 5.06 update 5 (build 528) Tool: armlink [4d35e2]

==============================================================================

Section Cross References

    startup_stm32h743xx.o(STACK) refers (Special) to heapauxi.o(.text) for __use_two_region_memory
    startup_stm32h743xx.o(HEAP) refers (Special) to heapauxi.o(.text) for __use_two_region_memory
    startup_stm32h743xx.o(RESET) refers (Special) to heapauxi.o(.text) for __use_two_region_memory
    startup_stm32h743xx.o(RESET) refers to startup_stm32h743xx.o(STACK) for __initial_sp
    startup_stm32h743xx.o(RESET) refers to startup_stm32h743xx.o(.text) for Reset_Handler
    startup_stm32h743xx.o(RESET) refers to stm32h7xx_it.o(i.NMI_Handler) for NMI_Handler
    startup_stm32h743xx.o(RESET) refers to stm32h7xx_it.o(i.HardFault_Handler) for HardFault_Handler
    startup_stm32h743xx.o(RESET) refers to stm32h7xx_it.o(i.MemManage_Handler) for MemManage_Handler
    startup_stm32h743xx.o(RESET) refers to stm32h7xx_it.o(i.BusFault_Handler) for BusFault_Handler
    startup_stm32h743xx.o(RESET) refers to stm32h7xx_it.o(i.UsageFault_Handler) for UsageFault_Handler
    startup_stm32h743xx.o(RESET) refers to stm32h7xx_it.o(i.SVC_Handler) for SVC_Handler
    startup_stm32h743xx.o(RESET) refers to stm32h7xx_it.o(i.DebugMon_Handler) for DebugMon_Handler
    startup_stm32h743xx.o(RESET) refers to stm32h7xx_it.o(i.PendSV_Handler) for PendSV_Handler
    startup_stm32h743xx.o(RESET) refers to stm32h7xx_it.o(i.SysTick_Handler) for SysTick_Handler
    startup_stm32h743xx.o(RESET) refers to stm32h7xx_it.o(i.DMA1_Stream0_IRQHandler) for DMA1_Stream0_IRQHandler
    startup_stm32h743xx.o(RESET) refers to stm32h7xx_it.o(i.EXTI9_5_IRQHandler) for EXTI9_5_IRQHandler
    startup_stm32h743xx.o(RESET) refers to stm32h7xx_it.o(i.USART1_IRQHandler) for USART1_IRQHandler
    startup_stm32h743xx.o(.text) refers (Special) to heapauxi.o(.text) for __use_two_region_memory
    startup_stm32h743xx.o(.text) refers to system_stm32h7xx.o(i.ExitRun0Mode) for ExitRun0Mode
    startup_stm32h743xx.o(.text) refers to system_stm32h7xx.o(i.SystemInit) for SystemInit
    startup_stm32h743xx.o(.text) refers to __main.o(!!!main) for __main
    startup_stm32h743xx.o(.text) refers to startup_stm32h743xx.o(HEAP) for Heap_Mem
    startup_stm32h743xx.o(.text) refers to startup_stm32h743xx.o(STACK) for Stack_Mem
    main.o(i.HAL_GPIO_EXTI_Callback) refers to main.o(.data) for .data
    main.o(i.PeriphCommonClock_Config) refers to rt_memclr_w.o(.text) for __aeabi_memclr4
    main.o(i.PeriphCommonClock_Config) refers to stm32h7xx_hal_rcc_ex.o(i.HAL_RCCEx_PeriphCLKConfig) for HAL_RCCEx_PeriphCLKConfig
    main.o(i.SystemClock_Config) refers to rt_memclr_w.o(.text) for __aeabi_memclr4
    main.o(i.SystemClock_Config) refers to stm32h7xx_hal_pwr_ex.o(i.HAL_PWREx_ConfigSupply) for HAL_PWREx_ConfigSupply
    main.o(i.SystemClock_Config) refers to stm32h7xx_hal_rcc.o(i.HAL_RCC_OscConfig) for HAL_RCC_OscConfig
    main.o(i.SystemClock_Config) refers to stm32h7xx_hal_rcc.o(i.HAL_RCC_ClockConfig) for HAL_RCC_ClockConfig
    main.o(i.main) refers to stm32h7xx_hal_cortex.o(i.HAL_MPU_Disable) for HAL_MPU_Disable
    main.o(i.main) refers to stm32h7xx_hal_cortex.o(i.HAL_MPU_ConfigRegion) for HAL_MPU_ConfigRegion
    main.o(i.main) refers to stm32h7xx_hal_cortex.o(i.HAL_MPU_Enable) for HAL_MPU_Enable
    main.o(i.main) refers to stm32h7xx_hal.o(i.HAL_Init) for HAL_Init
    main.o(i.main) refers to main.o(i.SystemClock_Config) for SystemClock_Config
    main.o(i.main) refers to main.o(i.PeriphCommonClock_Config) for PeriphCommonClock_Config
    main.o(i.main) refers to gpio.o(i.MX_GPIO_Init) for MX_GPIO_Init
    main.o(i.main) refers to dma.o(i.MX_DMA_Init) for MX_DMA_Init
    main.o(i.main) refers to usart.o(i.MX_USART1_UART_Init) for MX_USART1_UART_Init
    main.o(i.main) refers to spi.o(i.MX_SPI1_Init) for MX_SPI1_Init
    main.o(i.main) refers to sch16t.o(i.SCH16T_SetFilter_and_Init) for SCH16T_SetFilter_and_Init
    main.o(i.main) refers to mmc5983.o(i.MMC5983_Init) for MMC5983_Init
    main.o(i.main) refers to mmc5983.o(i.MMC5983_ID_Verify) for MMC5983_ID_Verify
    main.o(i.main) refers to sch16t.o(i.SCH16T_GetSingleData) for SCH16T_GetSingleData
    main.o(i.main) refers to mmc5983.o(i.MMC5983_Data_Read) for MMC5983_Data_Read
    main.o(i.main) refers to usart.o(i.SendData_226Byte) for SendData_226Byte
    main.o(i.main) refers to main.o(.data) for .data
    main.o(i.main) refers to main.o(.bss) for .bss
    gpio.o(i.MX_GPIO_Init) refers to rt_memclr_w.o(.text) for __aeabi_memclr4
    gpio.o(i.MX_GPIO_Init) refers to stm32h7xx_hal_gpio.o(i.HAL_GPIO_WritePin) for HAL_GPIO_WritePin
    gpio.o(i.MX_GPIO_Init) refers to stm32h7xx_hal_gpio.o(i.HAL_GPIO_Init) for HAL_GPIO_Init
    gpio.o(i.MX_GPIO_Init) refers to stm32h7xx_hal_cortex.o(i.HAL_NVIC_SetPriority) for HAL_NVIC_SetPriority
    gpio.o(i.MX_GPIO_Init) refers to stm32h7xx_hal_cortex.o(i.HAL_NVIC_EnableIRQ) for HAL_NVIC_EnableIRQ
[...]
    .ARM.Collect$$rtentry$$00000002          0x08000318   Section        0  __rtentry2.o(.ARM.Collect$$rtentry$$00000002)
    .ARM.Collect$$rtentry$$00000004          0x08000318   Section        6  __rtentry4.o(.ARM.Collect$$rtentry$$00000004)
    .ARM.Collect$$rtentry$$00000009          0x0800031e   Section        0  __rtentry2.o(.ARM.Collect$$rtentry$$00000009)
    .ARM.Collect$$rtentry$$0000000A          0x0800031e   Section        4  __rtentry2.o(.ARM.Collect$$rtentry$$0000000A)
    .ARM.Collect$$rtentry$$0000000C          0x08000322   Section        0  __rtentry2.o(.ARM.Collect$$rtentry$$0000000C)
    .ARM.Collect$$rtentry$$0000000D          0x08000322   Section        8  __rtentry2.o(.ARM.Collect$$rtentry$$0000000D)
    .ARM.Collect$$rtexit$$00000000           0x0800032a   Section        2  rtexit.o(.ARM.Collect$$rtexit$$00000000)
    .ARM.Collect$$rtexit$$00000002           0x0800032c   Section        0  rtexit2.o(.ARM.Collect$$rtexit$$00000002)
    .ARM.Collect$$rtexit$$00000003           0x0800032c   Section        4  rtexit2.o(.ARM.Collect$$rtexit$$00000003)
    .ARM.Collect$$rtexit$$00000004           0x08000330   Section        6  rtexit2.o(.ARM.Collect$$rtexit$$00000004)
    .text                                    0x08000338   Section       72  startup_stm32h743xx.o(.text)
    $v0                                      0x08000338   Number         0  startup_stm32h743xx.o(.text)
    .text                                    0x08000380   Section      238  lludivv7m.o(.text)
    .text                                    0x0800046e   Section       38  llshl.o(.text)
    .text                                    0x08000494   Section       38  llushr.o(.text)
    .text                                    0x080004ba   Section       78  rt_memclr_w.o(.text)
    .text                                    0x08000508   Section        0  heapauxi.o(.text)
    .text                                    0x0800050e   Section       74  sys_stackheap_outer.o(.text)
    .text                                    0x08000558   Section        0  exit.o(.text)
    .text                                    0x0800056c   Section        8  libspace.o(.text)
    .text                                    0x08000574   Section        0  sys_exit.o(.text)
    .text                                    0x08000580   Section        2  use_no_semi.o(.text)
    .text                                    0x08000582   Section        0  indicate_semi.o(.text)
    i.BusFault_Handler                       0x08000582   Section        0  stm32h7xx_it.o(i.BusFault_Handler)
    i.CRC8                                   0x08000584   Section        0  sch16t.o(i.CRC8)
    i.DMA1_Stream0_IRQHandler                0x080005c4   Section        0  stm32h7xx_it.o(i.DMA1_Stream0_IRQHandler)
    i.DMA_CalcBaseAndBitshift                0x080005d0   Section        0  stm32h7xx_hal_dma.o(i.DMA_CalcBaseAndBitshift)
    DMA_CalcBaseAndBitshift                  0x080005d1   Thumb Code   168  stm32h7xx_hal_dma.o(i.DMA_CalcBaseAndBitshift)
    i.DMA_CalcDMAMUXChannelBaseAndMask       0x08000684   Section        0  stm32h7xx_hal_dma.o(i.DMA_CalcDMAMUXChannelBaseAndMask)
    DMA_CalcDMAMUXChannelBaseAndMask         0x08000685   Thumb Code   138  stm32h7xx_hal_dma.o(i.DMA_CalcDMAMUXChannelBaseAndMask)
    i.DMA_CalcDMAMUXRequestGenBaseAndMask    0x08000720   Section        0  stm32h7xx_hal_dma.o(i.DMA_CalcDMAMUXRequestGenBaseAndMask)
    DMA_CalcDMAMUXRequestGenBaseAndMask      0x08000721   Thumb Code   104  stm32h7xx_hal_dma.o(i.DMA_CalcDMAMUXRequestGenBaseAndMask)
    i.DMA_CheckFifoParam                     0x08000794   Section        0  stm32h7xx_hal_dma.o(i.DMA_CheckFifoParam)
    DMA_CheckFifoParam                       0x08000795   Thumb Code    84  stm32h7xx_hal_dma.o(i.DMA_CheckFifoParam)
    i.DMA_SetConfig                          0x080007e8   Section        0  stm32h7xx_hal_dma.o(i.DMA_SetConfig)
    DMA_SetConfig                            0x080007e9   Thumb Code   518  stm32h7xx_hal_dma.o(i.DMA_SetConfig)
    i.DebugMon_Handler                       0x08000a08   Section        0  stm32h7xx_it.o(i.DebugMon_Handler)
    i.EXTI9_5_IRQHandler                     0x08000a0a   Section        0  stm32h7xx_it.o(i.EXTI9_5_IRQHandler)
    i.Error_Handler                          0x08000a12   Section        0  main.o(i.Error_Handler)
    i.ExitRun0Mode                           0x08000a18   Section        0  system_stm32h7xx.o(i.ExitRun0Mode)
    i.HAL_DMA_Abort                          0x08000a34   Section        0  stm32h7xx_hal_dma.o(i.HAL_DMA_Abort)
    i.HAL_DMA_Abort_IT                       0x08000d94   Section        0  stm32h7xx_hal_dma.o(i.HAL_DMA_Abort_IT)
    i.HAL_DMA_IRQHandler                     0x08001018   Section        0  stm32h7xx_hal_dma.o(i.HAL_DMA_IRQHandler)
    i.HAL_DMA_Init                           0x08001700   Section        0  stm32h7xx_hal_dma.o(i.HAL_DMA_Init)
    i.HAL_DMA_Start_IT                       0x08001ac4   Section        0  stm32h7xx_hal_dma.o(i.HAL_DMA_Start_IT)
    i.HAL_Delay                              0x08001d60   Section        0  stm32h7xx_hal.o(i.HAL_Delay)
    i.HAL_GPIO_EXTI_Callback                 0x08001d84   Section        0  main.o(i.HAL_GPIO_EXTI_Callback)
    i.HAL_GPIO_EXTI_IRQHandler               0x08001d98   Section        0  stm32h7xx_hal_gpio.o(i.HAL_GPIO_EXTI_IRQHandler)
    i.HAL_GPIO_Init                          0x08001db0   Section        0  stm32h7xx_hal_gpio.o(i.HAL_GPIO_Init)
    i.HAL_GPIO_WritePin                      0x08001fdc   Section        0  stm32h7xx_hal_gpio.o(i.HAL_GPIO_WritePin)
    i.HAL_GetREVID                           0x08001fe8   Section        0  stm32h7xx_hal.o(i.HAL_GetREVID)
    i.HAL_GetTick                            0x08001ff4   Section        0  stm32h7xx_hal.o(i.HAL_GetTick)
    i.HAL_IncTick                            0x08002000   Section        0  stm32h7xx_hal.o(i.HAL_IncTick)
    i.HAL_Init                               0x08002010   Section        0  stm32h7xx_hal.o(i.HAL_Init)
    i.HAL_InitTick                           0x0800206c   Section        0  stm32h7xx_hal.o(i.HAL_InitTick)
    i.HAL_MPU_ConfigRegion                   0x080020ac   Section        0  stm32h7xx_hal_cortex.o(i.HAL_MPU_ConfigRegion)
    i.HAL_MPU_Disable                        0x08002108   Section        0  stm32h7xx_hal_cortex.o(i.HAL_MPU_Disable)
    i.HAL_MPU_Enable                         0x08002124   Section        0  stm32h7xx_hal_cortex.o(i.HAL_MPU_Enable)
    i.HAL_MspInit                            0x08002148   Section        0  stm32h7xx_hal_msp.o(i.HAL_MspInit)
    i.HAL_NVIC_EnableIRQ                     0x08002164   Section        0  stm32h7xx_hal_cortex.o(i.HAL_NVIC_EnableIRQ)
    i.HAL_NVIC_SetPriority                   0x08002180   Section        0  stm32h7xx_hal_cortex.o(i.HAL_NVIC_SetPriority)
    i.HAL_NVIC_SetPriorityGrouping           0x080021c0   Section        0  stm32h7xx_hal_cortex.o(i.HAL_NVIC_SetPriorityGrouping)
    i.HAL_PWREx_ConfigSupply                 0x080021e4   Section        0  stm32h7xx_hal_pwr_ex.o(i.HAL_PWREx_ConfigSupply)
    i.HAL_RCCEx_GetD3PCLK1Freq               0x08002238   Section        0  stm32h7xx_hal_rcc_ex.o(i.HAL_RCCEx_GetD3PCLK1Freq)
    i.HAL_RCCEx_GetPLL2ClockFreq             0x0800225c   Section        0  stm32h7xx_hal_rcc_ex.o(i.HAL_RCCEx_GetPLL2ClockFreq)
    i.HAL_RCCEx_GetPLL3ClockFreq             0x080023a0   Section        0  stm32h7xx_hal_rcc_ex.o(i.HAL_RCCEx_GetPLL3ClockFreq)
    i.HAL_RCCEx_PeriphCLKConfig              0x080024e4   Section        0  stm32h7xx_hal_rcc_ex.o(i.HAL_RCCEx_PeriphCLKConfig)
    i.HAL_RCC_ClockConfig                    0x08002e90   Section        0  stm32h7xx_hal_rcc.o(i.HAL_RCC_ClockConfig)
    i.HAL_RCC_GetHCLKFreq                    0x080030ec   Section        0  stm32h7xx_hal_rcc.o(i.HAL_RCC_GetHCLKFreq)
    i.HAL_RCC_GetPCLK1Freq                   0x08003130   Section        0  stm32h7xx_hal_rcc.o(i.HAL_RCC_GetPCLK1Freq)
    i.HAL_RCC_GetPCLK2Freq                   0x08003154   Section        0  stm32h7xx_hal_rcc.o(i.HAL_RCC_GetPCLK2Freq)
    i.HAL_RCC_GetSysClockFreq                0x08003178   Section        0  stm32h7xx_hal_rcc.o(i.HAL_RCC_GetSysClockFreq)
    i.HAL_RCC_OscConfig                      0x080032b0   Section        0  stm32h7xx_hal_rcc.o(i.HAL_RCC_OscConfig)
    i.HAL_SPI_Init                           0x08003834   Section        0  stm32h7xx_hal_spi.o(i.HAL_SPI_Init)
    i.HAL_SPI_MspInit                        0x080039b0   Section        0  spi.o(i.HAL_SPI_MspInit)
    i.HAL_SPI_Receive                        0x08003a18   Section        0  stm32h7xx_hal_spi.o(i.HAL_SPI_Receive)
    i.HAL_SPI_Transmit                       0x08003c8c   Section        0  stm32h7xx_hal_spi.o(i.HAL_SPI_Transmit)
    i.HAL_SPI_TransmitReceive                0x08003ec4   Section        0  stm32h7xx_hal_spi.o(i.HAL_SPI_TransmitReceive)
    i.HAL_SYSTICK_Config                     0x080041fc   Section        0  stm32h7xx_hal_cortex.o(i.HAL_SYSTICK_Config)
    i.HAL_UARTEx_DisableFifoMode             0x08004222   Section        0  stm32h7xx_hal_uart_ex.o(i.HAL_UARTEx_DisableFifoMode)
    i.HAL_UARTEx_RxEventCallback             0x08004262   Section        0  stm32h7xx_hal_uart.o(i.HAL_UARTEx_RxEventCallback)
    i.HAL_UARTEx_RxFifoFullCallback          0x08004264   Section        0  stm32h7xx_hal_uart_ex.o(i.HAL_UARTEx_RxFifoFullCallback)
    i.HAL_UARTEx_SetRxFifoThreshold          0x08004266   Section        0  stm32h7xx_hal_uart_ex.o(i.HAL_UARTEx_SetRxFifoThreshold)
    i.HAL_UARTEx_SetTxFifoThreshold          0x080042b2   Section        0  stm32h7xx_hal_uart_ex.o(i.HAL_UARTEx_SetTxFifoThreshold)
    i.HAL_UARTEx_TxFifoEmptyCallback         0x080042fe   Section        0  stm32h7xx_hal_uart_ex.o(i.HAL_UARTEx_TxFifoEmptyCallback)
    i.HAL_UARTEx_WakeupCallback              0x08004300   Section        0  stm32h7xx_hal_uart_ex.o(i.HAL_UARTEx_WakeupCallback)
    i.HAL_UART_ErrorCallback                 0x08004302   Section        0  stm32h7xx_hal_uart.o(i.HAL_UART_ErrorCallback)
    i.HAL_UART_IRQHandler                    0x08004304   Section        0  stm32h7xx_hal_uart.o(i.HAL_UART_IRQHandler)
    i.HAL_UART_Init                          0x080046a0   Section        0  stm32h7xx_hal_uart.o(i.HAL_UART_Init)
    i.HAL_UART_MspInit                       0x0800470c   Section        0  usart.o(i.HAL_UART_MspInit)
    i.HAL_UART_Transmit_DMA                  0x080047b8   Section        0  stm32h7xx_hal_uart.o(i.HAL_UART_Transmit_DMA)
    i.HAL_UART_TxCpltCallback                0x08004848   Section        0  stm32h7xx_hal_uart.o(i.HAL_UART_TxCpltCallback)
    i.HAL_UART_TxHalfCpltCallback            0x0800484a   Section        0  stm32h7xx_hal_uart.o(i.HAL_UART_TxHalfCpltCallback)
    i.HardFault_Handler                      0x0800484c   Section        0  stm32h7xx_it.o(i.HardFault_Handler)
    i.MMC5983_Data_Read                      0x08004850   Section        0  mmc5983.o(i.MMC5983_Data_Read)
    i.MMC5983_Enable_Auto_Set_Reset          0x08004900   Section        0  mmc5983.o(i.MMC5983_Enable_Auto_Set_Reset)
    i.MMC5983_ID_Verify                      0x08004918   Section        0  mmc5983.o(i.MMC5983_ID_Verify)
    i.MMC5983_Init                           0x08004940   Section        0  mmc5983.o(i.MMC5983_Init)
    i.MMC5983_SW_Reset                       0x08004990   Section        0  mmc5983.o(i.MMC5983_SW_Reset)
    i.MMC5983_Set_Bandwidth                  0x080049b4   Section        0  mmc5983.o(i.MMC5983_Set_Bandwidth)
    i.MMC5983_Set_Continuous_Measurement     0x080049ca   Section        0  mmc5983.o(i.MMC5983_Set_Continuous_Measurement)
    i.MMC5983_Set_Operation_Rate             0x080049e2   Section        0  mmc5983.o(i.MMC5983_Set_Operation_Rate)
    i.MMC5983_Set_Output_DataRate            0x080049fc   Section        0  mmc5983.o(i.MMC5983_Set_Output_DataRate)
    i.MMC5983_SingleRegister_Read            0x08004a12   Section        0  mmc5983.o(i.MMC5983_SingleRegister_Read)
    i.MMC5983_SingleRegister_Write           0x08004a60   Section        0  mmc5983.o(i.MMC5983_SingleRegister_Write)
    i.MX_DMA_Init                            0x08004aac   Section        0  dma.o(i.MX_DMA_Init)
    i.MX_GPIO_Init                           0x08004ad8   Section        0  gpio.o(i.MX_GPIO_Init)
    i.MX_SPI1_Init                           0x08004bd8   Section        0  spi.o(i.MX_SPI1_Init)
    i.MX_USART1_UART_Init                    0x08004c34   Section        0  usart.o(i.MX_USART1_UART_Init)
    i.MemManage_Handler                      0x08004c9c   Section        0  stm32h7xx_it.o(i.MemManage_Handler)
    i.NMI_Handler                            0x08004c9e   Section        0  stm32h7xx_it.o(i.NMI_Handler)
    i.PendSV_Handler                         0x08004ca0   Section        0  stm32h7xx_it.o(i.PendSV_Handler)
    i.PeriphCommonClock_Config               0x08004ca2   Section        0  main.o(i.PeriphCommonClock_Config)
    i.RCCEx_PLL2_Config                      0x08004cf0   Section        0  stm32h7xx_hal_rcc_ex.o(i.RCCEx_PLL2_Config)
    RCCEx_PLL2_Config                        0x08004cf1   Thumb Code   284  stm32h7xx_hal_rcc_ex.o(i.RCCEx_PLL2_Config)
    i.RCCEx_PLL3_Config                      0x08004e10   Section        0  stm32h7xx_hal_rcc_ex.o(i.RCCEx_PLL3_Config)
    RCCEx_PLL3_Config                        0x08004e11   Thumb Code   284  stm32h7xx_hal_rcc_ex.o(i.RCCEx_PLL3_Config)
    i.SCH16T_GetSingleData                   0x08004f30   Section        0  sch16t.o(i.SCH16T_GetSingleData)
    i.SCH16T_Reset                           0x08004f48   Section        0  sch16t.o(i.SCH16T_Reset)
    i.SCH16T_SendFrame                       0x08004f74   Section        0  sch16t.o(i.SCH16T_SendFrame)
    i.SCH16T_SetFilter_and_Init              0x08005006   Section        0  sch16t.o(i.SCH16T_SetFilter_and_Init)
    i.SCH16T_check_48bit_frame_error         0x08005054   Section        0  sch16t.o(i.SCH16T_check_48bit_frame_error)
    i.SCH16T_convertAccSensToBitfield        0x08005078   Section        0  sch16t.o(i.SCH16T_convertAccSensToBitfield)
    i.SCH16T_convertDecimationToBitfield     0x080050a4   Section        0  sch16t.o(i.SCH16T_convertDecimationToBitfield)
    i.SCH16T_convertFilterToBitfield         0x080050d0   Section        0  sch16t.o(i.SCH16T_convertFilterToBitfield)
    i.SCH16T_convertRateSensToBitfield       0x08005114   Section        0  sch16t.o(i.SCH16T_convertRateSensToBitfield)
    i.SCH16T_convert_data                    0x08005138   Section        0  sch16t.o(i.SCH16T_convert_data)
    i.SCH16T_enableMeas                      0x080051c4   Section        0  sch16t.o(i.SCH16T_enableMeas)
    i.SCH16T_getData                         0x08005230   Section        0  sch16t.o(i.SCH16T_getData)
    i.SCH16T_getStatus                       0x08005308   Section        0  sch16t.o(i.SCH16T_getStatus)
    i.SCH16T_init                            0x080053d6   Section        0  sch16t.o(i.SCH16T_init)
    i.SCH16T_isValidAccSens                  0x080054a6   Section        0  sch16t.o(i.SCH16T_isValidAccSens)
    i.SCH16T_isValidDecimation               0x080054c6   Section        0  sch16t.o(i.SCH16T_isValidDecimation)
    i.SCH16T_isValidFilterFreq               0x080054e2   Section        0  sch16t.o(i.SCH16T_isValidFilterFreq)
    i.SCH16T_isValidRateSens                 0x08005508   Section        0  sch16t.o(i.SCH16T_isValidRateSens)
    i.SCH16T_sendRequest                     0x08005524   Section        0  sch16t.o(i.SCH16T_sendRequest)
    i.SCH16T_setAccSensDec                   0x08005534   Section        0  sch16t.o(i.SCH16T_setAccSensDec)
    i.SCH16T_setDRY                          0x08005680   Section        0  sch16t.o(i.SCH16T_setDRY)
    i.SCH16T_setFilters                      0x0800574c   Section        0  sch16t.o(i.SCH16T_setFilters)
    i.SCH16T_setRateSensDec                  0x080058dc   Section        0  sch16t.o(i.SCH16T_setRateSensDec)
    i.SCH16T_verifyStatus                    0x080059a0   Section        0  sch16t.o(i.SCH16T_verifyStatus)
    i.SPI_CloseTransfer                      0x080059ea   Section        0  stm32h7xx_hal_spi.o(i.SPI_CloseTransfer)
    SPI_CloseTransfer                        0x080059eb   Thumb Code   188  stm32h7xx_hal_spi.o(i.SPI_CloseTransfer)
    i.SPI_WaitOnFlagUntilTimeout             0x08005aa8   Section        0  stm32h7xx_hal_spi.o(i.SPI_WaitOnFlagUntilTimeout)
    SPI_WaitOnFlagUntilTimeout               0x08005aa9   Thumb Code    70  stm32h7xx_hal_spi.o(i.SPI_WaitOnFlagUntilTimeout)
    i.SVC_Handler                            0x08005aee   Section        0  stm32h7xx_it.o(i.SVC_Handler)
    i.SendData_226Byte                       0x08005af0   Section        0  usart.o(i.SendData_226Byte)
    i.SysTick_Handler                        0x08005bd4   Section        0  stm32h7xx_it.o(i.SysTick_Handler)
    i.SystemClock_Config                     0x08005bd8   Section        0  main.o(i.SystemClock_Config)
    i.SystemInit                             0x08005c80   Section        0  system_stm32h7xx.o(i.SystemInit)
    i.UARTEx_SetNbDataToProcess              0x08005d78   Section        0  stm32h7xx_hal_uart_ex.o(i.UARTEx_SetNbDataToProcess)
    UARTEx_SetNbDataToProcess                0x08005d79   Thumb Code    62  stm32h7xx_hal_uart_ex.o(i.UARTEx_SetNbDataToProcess)
    i.UART_AdvFeatureConfig                  0x08005dbc   Section        0  stm32h7xx_hal_uart.o(i.UART_AdvFeatureConfig)
    i.UART_CheckIdleState                    0x08005e84   Section        0  stm32h7xx_hal_uart.o(i.UART_CheckIdleState)
    i.UART_DMAAbortOnError                   0x08005f2e   Section        0  stm32h7xx_hal_uart.o(i.UART_DMAAbortOnError)
    UART_DMAAbortOnError                     0x08005f2f   Thumb Code    16  stm32h7xx_hal_uart.o(i.UART_DMAAbortOnError)
    i.UART_DMAError                          0x08005f3e   Section        0  stm32h7xx_hal_uart.o(i.UART_DMAError)
    UART_DMAError                            0x08005f3f   Thumb Code    78  stm32h7xx_hal_uart.o(i.UART_DMAError)
    i.UART_DMATransmitCplt                   0x08005f8c   Section        0  stm32h7xx_hal_uart.o(i.UART_DMATransmitCplt)
    UART_DMATransmitCplt                     0x08005f8d   Thumb Code    64  stm32h7xx_hal_uart.o(i.UART_DMATransmitCplt)
    i.UART_DMATxHalfCplt                     0x08005fcc   Section        0  stm32h7xx_hal_uart.o(i.UART_DMATxHalfCplt)
    UART_DMATxHalfCplt                       0x08005fcd   Thumb Code    10  stm32h7xx_hal_uart.o(i.UART_DMATxHalfCplt)
    i.UART_EndRxTransfer                     0x08005fd8   Section        0  stm32h7xx_hal_uart.o(i.UART_EndRxTransfer)
    UART_EndRxTransfer                       0x08005fd9   Thumb Code    78  stm32h7xx_hal_uart.o(i.UART_EndRxTransfer)
    i.UART_EndTxTransfer                     0x0800602c   Section        0  stm32h7xx_hal_uart.o(i.UART_EndTxTransfer)
    UART_EndTxTransfer                       0x0800602d   Thumb Code    46  stm32h7xx_hal_uart.o(i.UART_EndTxTransfer)
    i.UART_SetConfig                         0x0800605c   Section        0  stm32h7xx_hal_uart.o(i.UART_SetConfig)
    i.UART_WaitOnFlagUntilTimeout            0x08006408   Section        0  stm32h7xx_hal_uart.o(i.UART_WaitOnFlagUntilTimeout)
    i.USART1_IRQHandler                      0x0800649c   Section        0  stm32h7xx_it.o(i.USART1_IRQHandler)
    i.UsageFault_Handler                     0x080064a8   Section        0  stm32h7xx_it.o(i.UsageFault_Handler)
    i.__NVIC_SetPriority                     0x080064aa   Section        0  stm32h7xx_hal_cortex.o(i.__NVIC_SetPriority)
    __NVIC_SetPriority                       0x080064ab   Thumb Code    34  stm32h7xx_hal_cortex.o(i.__NVIC_SetPriority)
    i.disableCS_MMC5983                      0x080064cc   Section        0  mmc5983.o(i.disableCS_MMC5983)
    i.enableCS_MMC5983                       0x080064d2   Section        0  mmc5983.o(i.enableCS_MMC5983)
    i.main                                   0x080064d8   Section        0  main.o(i.main)
    x$fpl$fpinit                             0x08006578   Section       10  fpinit.o(x$fpl$fpinit)
    $v0                                      0x08006578   Number         0  fpinit.o(x$fpl$fpinit)
    .constdata                               0x08006582   Section        8  stm32h7xx_hal_dma.o(.constdata)
    flagBitshiftOffset                       0x08006582   Data           8  stm32h7xx_hal_dma.o(.constdata)
    .constdata                               0x0800658a   Section       24  stm32h7xx_hal_uart.o(.constdata)
    .constdata                               0x080065a2   Section       16  stm32h7xx_hal_uart_ex.o(.constdata)
    numerator                                0x080065a2   Data           8  stm32h7xx_hal_uart_ex.o(.constdata)
    denominator                              0x080065aa   Data           8  stm32h7xx_hal_uart_ex.o(.constdata)
    .constdata                               0x080065b2   Section       16  system_stm32h7xx.o(.constdata)
    .data                                    0x24000000   Section        3  main.o(.data)
    .data                                    0x24000004   Section        8  usart.o(.data)
    num_send                                 0x24000008   Data           4  usart.o(.data)
    .data                                    0x2400000c   Section       12  stm32h7xx_hal.o(.data)
    .data                                    0x24000018   Section        8  system_stm32h7xx.o(.data)
    .data                                    0x24000020   Section       20  mmc5983.o(.data)
    .data                                    0x24000034   Section       20  sch16t.o(.data)
    .bss                                     0x24000048   Section       76  main.o(.bss)
    .bss                                     0x24000094   Section      136  spi.o(.bss)
    .bss                                     0x2400011c   Section      496  usart.o(.bss)
    .bss                                     0x2400030c   Section       96  libspace.o(.bss)
    HEAP                                     0x24000370   Section      512  startup_stm32h743xx.o(HEAP)
    Heap_Mem                                 0x24000370   Data         512  startup_stm32h743xx.o(HEAP)
    STACK                                    0x24000570   Section     1024  startup_stm32h743xx.o(STACK)
    Stack_Mem                                0x24000570   Data        1024  startup_stm32h743xx.o(STACK)
    __initial_sp                             0x24000970   Data           0  startup_stm32h743xx.o(STACK)

    Global Symbols

    Symbol Name                              Value     Ov Type        Size  Object(Section)

    BuildAttributes$$THM_ISAv4$E$P$D$K$B$S$7EM$VFPv5_D16$PE$PLD8$A:L22UL41UL21$X:L11$S22US41US21$IEEE1$IW$USESV6$~STKCKD$USESV7$~SHL$OSPACE$ROPI$EBA8$UX$STANDARDLIB$REQ8$PRES8$EABIv2 0x00000000   Number         0  anon$$obj.o ABSOLUTE
    __ARM_use_no_argv                        0x00000000   Number         0  main.o ABSOLUTE
    __ARM_exceptions_init                     - Undefined Weak Reference
    __alloca_initialize                       - Undefined Weak Reference
    __arm_preinit_                            - Undefined Weak Reference
    __cpp_initialize__aeabi_                  - Undefined Weak Reference
    __cxa_finalize                            - Undefined Weak Reference
    __rt_locale                               - Undefined Weak Reference
    __sigvec_lookup                           - Undefined Weak Reference
    _atexit_init                              - Undefined Weak Reference
    _call_atexit_fns                          - Undefined Weak Reference
    _clock_init                               - Undefined Weak Reference
    _fp_trap_init                             - Undefined Weak Reference
    _fp_trap_shutdown                         - Undefined Weak Reference
    _get_lc_collate                           - Undefined Weak Reference
    _get_lc_ctype                             - Undefined Weak Reference
    _get_lc_monetary                          - Undefined Weak Reference
    _get_lc_numeric                           - Undefined Weak Reference
    _get_lc_time                              - Undefined Weak Reference
    _getenv_init                              - Undefined Weak Reference
    _handle_redirection                       - Undefined Weak Reference
    _init_alloc                               - Undefined Weak Reference
    _init_user_alloc                          - Undefined Weak Reference
    _initio                                   - Undefined Weak Reference
    _rand_init                                - Undefined Weak Reference
    _signal_finish                            - Undefined Weak Reference
    _signal_init                              - Undefined Weak Reference
    _terminate_alloc                          - Undefined Weak Reference
    _terminate_user_alloc                     - Undefined Weak Reference
    _terminateio                              - Undefined Weak Reference
    __Vectors_Size                           0x00000298   Number         0  startup_stm32h743xx.o ABSOLUTE
    __Vectors                                0x08000000   Data           4  startup_stm32h743xx.o(RESET)
    __Vectors_End                            0x08000298   Data           0  startup_stm32h743xx.o(RESET)
    __main                                   0x08000299   Thumb Code     8  __main.o(!!!main)
    __scatterload                            0x080002a1   Thumb Code     0  __scatter.o(!!!scatter)
    __scatterload_rt2                        0x080002a1   Thumb Code    44  __scatter.o(!!!scatter)
    __scatterload_rt2_thumb_only             0x080002a1   Thumb Code     0  __scatter.o(!!!scatter)
    __scatterload_null                       0x080002af   Thumb Code     0  __scatter.o(!!!scatter)
    __scatterload_copy                       0x080002d5   Thumb Code    26  __scatter_copy.o(!!handler_copy)
    __scatterload_zeroinit                   0x080002f1   Thumb Code    28  __scatter_zi.o(!!handler_zi)
    __rt_lib_init                            0x0800030d   Thumb Code     0  libinit.o(.ARM.Collect$$libinit$$00000000)
    __rt_lib_init_fp_1                       0x0800030f   Thumb Code     0  libinit2.o(.ARM.Collect$$libinit$$00000001)
    __rt_lib_init_alloca_1                   0x08000313   Thumb Code     0  libinit2.o(.ARM.Collect$$libinit$$0000002E)
    __rt_lib_init_argv_1                     0x08000313   Thumb Code     0  libinit2.o(.ARM.Collect$$libinit$$0000002C)
    __rt_lib_init_atexit_1                   0x08000313   Thumb Code     0  libinit2.o(.ARM.Collect$$libinit$$0000001B)
    __rt_lib_init_clock_1                    0x08000313   Thumb Code     0  libinit2.o(.ARM.Collect$$libinit$$00000021)
    __rt_lib_init_cpp_1                      0x08000313   Thumb Code     0  libinit2.o(.ARM.Collect$$libinit$$00000032)
    __rt_lib_init_exceptions_1               0x08000313   Thumb Code     0  libinit2.o(.ARM.Collect$$libinit$$00000030)
    __rt_lib_init_fp_trap_1                  0x08000313   Thumb Code     0  libinit2.o(.ARM.Collect$$libinit$$0000001F)
    __rt_lib_init_getenv_1                   0x08000313   Thumb Code     0  libinit2.o(.ARM.Collect$$libinit$$00000023)
    __rt_lib_init_heap_1                     0x08000313   Thumb Code     0  libinit2.o(.ARM.Collect$$libinit$$0000000A)
    __rt_lib_init_lc_collate_1               0x08000313   Thumb Code     0  libinit2.o(.ARM.Collect$$libinit$$00000011)
    __rt_lib_init_lc_ctype_1                 0x08000313   Thumb Code     0  libinit2.o(.ARM.Collect$$libinit$$00000013)
    __rt_lib_init_lc_monetary_1              0x08000313   Thumb Code     0  libinit2.o(.ARM.Collect$$libinit$$00000015)
    __rt_lib_init_lc_numeric_1               0x08000313   Thumb Code     0  libinit2.o(.ARM.Collect$$libinit$$00000017)
    __rt_lib_init_lc_time_1                  0x08000313   Thumb Code     0  libinit2.o(.ARM.Collect$$libinit$$00000019)
    __rt_lib_init_preinit_1                  0x08000313   Thumb Code     0  libinit2.o(.ARM.Collect$$libinit$$00000004)
    __rt_lib_init_rand_1                     0x08000313   Thumb Code     0  libinit2.o(.ARM.Collect$$libinit$$0000000E)
    __rt_lib_init_return                     0x08000313   Thumb Code     0  libinit2.o(.ARM.Collect$$libinit$$00000033)
    __rt_lib_init_signal_1                   0x08000313   Thumb Code     0  libinit2.o(.ARM.Collect$$libinit$$0000001D)
    __rt_lib_init_stdio_1                    0x08000313   Thumb Code     0  libinit2.o(.ARM.Collect$$libinit$$00000025)
    __rt_lib_init_user_alloc_1               0x08000313   Thumb Code     0  libinit2.o(.ARM.Collect$$libinit$$0000000C)
    __rt_lib_shutdown                        0x08000315   Thumb Code     0  libshutdown.o(.ARM.Collect$$libshutdown$$00000000)
    __rt_lib_shutdown_cpp_1                  0x08000317   Thumb Code     0  libshutdown2.o(.ARM.Collect$$libshutdown$$00000002)
    __rt_lib_shutdown_fp_trap_1              0x08000317   Thumb Code     0  libshutdown2.o(.ARM.Collect$$libshutdown$$00000007)
    __rt_lib_shutdown_heap_1                 0x08000317   Thumb Code     0  libshutdown2.o(.ARM.Collect$$libshutdown$$0000000F)
    __rt_lib_shutdown_return                 0x08000317   Thumb Code     0  libshutdown2.o(.ARM.Collect$$libshutdown$$00000010)
    __rt_lib_shutdown_signal_1               0x08000317   Thumb Code     0  libshutdown2.o(.ARM.Collect$$libshutdown$$0000000A)
    __rt_lib_shutdown_stdio_1                0x08000317   Thumb Code     0  libshutdown2.o(.ARM.Collect$$libshutdown$$00000004)
    __rt_lib_shutdown_user_alloc_1           0x08000317   Thumb Code     0  libshutdown2.o(.ARM.Collect$$libshutdown$$0000000C)
    __rt_entry                               0x08000319   Thumb Code     0  __rtentry.o(.ARM.Collect$$rtentry$$00000000)
    __rt_entry_presh_1                       0x08000319   Thumb Code     0  __rtentry2.o(.ARM.Collect$$rtentry$$00000002)
    __rt_entry_sh                            0x08000319   Thumb Code     0  __rtentry4.o(.ARM.Collect$$rtentry$$00000004)
    __rt_entry_li                            0x0800031f   Thumb Code     0  __rtentry2.o(.ARM.Collect$$rtentry$$0000000A)
    __rt_entry_postsh_1                      0x0800031f   Thumb Code     0  __rtentry2.o(.ARM.Collect$$rtentry$$00000009)
    __rt_entry_main                          0x08000323   Thumb Code     0  __rtentry2.o(.ARM.Collect$$rtentry$$0000000D)
    __rt_entry_postli_1                      0x08000323   Thumb Code     0  __rtentry2.o(.ARM.Collect$$rtentry$$0000000C)
    __rt_exit                                0x0800032b   Thumb Code     0  rtexit.o(.ARM.Collect$$rtexit$$00000000)
    __rt_exit_ls                             0x0800032d   Thumb Code     0  rtexit2.o(.ARM.Collect$$rtexit$$00000003)
    __rt_exit_prels_1                        0x0800032d   Thumb Code     0  rtexit2.o(.ARM.Collect$$rtexit$$00000002)
    __rt_exit_exit                           0x08000331   Thumb Code     0  rtexit2.o(.ARM.Collect$$rtexit$$00000004)
    Reset_Handler                            0x08000339   Thumb Code    12  startup_stm32h743xx.o(.text)
    ADC3_IRQHandler                          0x08000357   Thumb Code     0  startup_stm32h743xx.o(.text)
    ADC_IRQHandler                           0x08000357   Thumb Code     0  startup_stm32h743xx.o(.text)
    BDMA_Channel0_IRQHandler                 0x08000357   Thumb Code     0  startup_stm32h743xx.o(.text)
    BDMA_Channel1_IRQHandler                 0x08000357   Thumb Code     0  startup_stm32h743xx.o(.text)
    BDMA_Channel2_IRQHandler                 0x08000357   Thumb Code     0  startup_stm32h743xx.o(.text)
    BDMA_Channel3_IRQHandler                 0x08000357   Thumb Code     0  startup_stm32h743xx.o(.text)
    BDMA_Channel4_IRQHandler                 0x08000357   Thumb Code     0  startup_stm32h743xx.o(.text)
    BDMA_Channel5_IRQHandler                 0x08000357   Thumb Code     0  startup_stm32h743xx.o(.text)
    BDMA_Channel6_IRQHandler                 0x08000357   Thumb Code     0  startup_stm32h743xx.o(.text)
    BDMA_Channel7_IRQHandler                 0x08000357   Thumb Code     0  startup_stm32h743xx.o(.text)
    CEC_IRQHandler                           0x08000357   Thumb Code     0  startup_stm32h743xx.o(.text)
    COMP1_IRQHandler                         0x08000357   Thumb Code     0  startup_stm32h743xx.o(.text)
    CRS_IRQHandler                           0x08000357   Thumb Code     0  startup_stm32h743xx.o(.text)
    DCMI_IRQHandler                          0x08000357   Thumb Code     0  startup_stm32h743xx.o(.text)
    DFSDM1_FLT0_IRQHandler                   0x08000357   Thumb Code     0  startup_stm32h743xx.o(.text)
    DFSDM1_FLT1_IRQHandler                   0x08000357   Thumb Code     0  startup_stm32h743xx.o(.text)
    DFSDM1_FLT2_IRQHandler                   0x08000357   Thumb Code     0  startup_stm32h743xx.o(.text)
    DFSDM1_FLT3_IRQHandler                   0x08000357   Thumb Code     0  startup_stm32h743xx.o(.text)
    DMA1_Stream1_IRQHandler                  0x08000357   Thumb Code     0  startup_stm32h743xx.o(.text)
    DMA1_Stream2_IRQHandler                  0x08000357   Thumb Code     0  startup_stm32h743xx.o(.text)
    DMA1_Stream3_IRQHandler                  0x08000357   Thumb Code     0  startup_stm32h743xx.o(.text)
    DMA1_Stream4_IRQHandler                  0x08000357   Thumb Code     0  startup_stm32h743xx.o(.text)
    DMA1_Stream5_IRQHandler                  0x08000357   Thumb Code     0  startup_stm32h743xx.o(.text)
    DMA1_Stream6_IRQHandler                  0x08000357   Thumb Code     0  startup_stm32h743xx.o(.text)
    DMA1_Stream7_IRQHandler                  0x08000357   Thumb Code     0  startup_stm32h743xx.o(.text)
    DMA2D_IRQHandler                         0x08000357   Thumb Code     0  startup_stm32h743xx.o(.text)
    DMA2_Stream0_IRQHandler                  0x08000357   Thumb Code     0  startup_stm32h743xx.o(.text)
    DMA2_Stream1_IRQHandler                  0x08000357   Thumb Code     0  startup_stm32h743xx.o(.text)
    DMA2_Stream2_IRQHandler                  0x08000357   Thumb Code     0  startup_stm32h743xx.o(.text)
    DMA2_Stream3_IRQHandler                  0x08000357   Thumb Code     0  startup_stm32h743xx.o(.text)
    DMA2_Stream4_IRQHandler                  0x08000357   Thumb Code     0  startup_stm32h743xx.o(.text)
    DMA2_Stream5_IRQHandler                  0x08000357   Thumb Code     0  startup_stm32h743xx.o(.text)
    DMA2_Stream6_IRQHandler                  0x08000357   Thumb Code     0  startup_stm32h743xx.o(.text)
    DMA2_Stream7_IRQHandler                  0x08000357   Thumb Code     0  startup_stm32h743xx.o(.text)
    DMAMUX1_OVR_IRQHandler                   0x08000357   Thumb Code     0  startup_stm32h743xx.o(.text)
    DMAMUX2_OVR_IRQHandler                   0x08000357   Thumb Code     0  startup_stm32h743xx.o(.text)
    ECC_IRQHandler                           0x08000357   Thumb Code     0  startup_stm32h743xx.o(.text)
    ETH_IRQHandler                           0x08000357   Thumb Code     0  startup_stm32h743xx.o(.text)
    ETH_WKUP_IRQHandler                      0x08000357   Thumb Code     0  startup_stm32h743xx.o(.text)
    EXTI0_IRQHandler                         0x08000357   Thumb Code     0  startup_stm32h743xx.o(.text)
    EXTI15_10_IRQHandler                     0x08000357   Thumb Code     0  startup_stm32h743xx.o(.text)
    EXTI1_IRQHandler                         0x08000357   Thumb Code     0  startup_stm32h743xx.o(.text)
    EXTI2_IRQHandler                         0x08000357   Thumb Code     0  startup_stm32h743xx.o(.text)
    EXTI3_IRQHandler                         0x08000357   Thumb Code     0  startup_stm32h743xx.o(.text)
    EXTI4_IRQHandler                         0x08000357   Thumb Code     0  startup_stm32h743xx.o(.text)
    FDCAN1_IT0_IRQHandler                    0x08000357   Thumb Code     0  startup_stm32h743xx.o(.text)
    FDCAN1_IT1_IRQHandler                    0x08000357   Thumb Code     0  startup_stm32h743xx.o(.text)
    FDCAN2_IT0_IRQHandler                    0x08000357   Thumb Code     0  startup_stm32h743xx.o(.text)
    FDCAN2_IT1_IRQHandler                    0x08000357   Thumb Code     0  startup_stm32h743xx.o(.text)
    FDCAN_CAL_IRQHandler                     0x08000357   Thumb Code     0  startup_stm32h743xx.o(.text)
    FLASH_IRQHandler                         0x08000357   Thumb Code     0  startup_stm32h743xx.o(.text)
    FMC_IRQHandler                           0x08000357   Thumb Code     0  startup_stm32h743xx.o(.text)
    FPU_IRQHandler                           0x08000357   Thumb Code     0  startup_stm32h743xx.o(.text)
    HRTIM1_FLT_IRQHandler                    0x08000357   Thumb Code     0  startup_stm32h743xx.o(.text)
    HRTIM1_Master_IRQHandler                 0x08000357   Thumb Code     0  startup_stm32h743xx.o(.text)
    HRTIM1_TIMA_IRQHandler                   0x08000357   Thumb Code     0  startup_stm32h743xx.o(.text)
    HRTIM1_TIMB_IRQHandler                   0x08000357   Thumb Code     0  startup_stm32h743xx.o(.text)
    HRTIM1_TIMC_IRQHandler                   0x08000357   Thumb Code     0  startup_stm32h743xx.o(.text)
    HRTIM1_TIMD_IRQHandler                   0x08000357   Thumb Code     0  startup_stm32h743xx.o(.text)
    HRTIM1_TIME_IRQHandler                   0x08000357   Thumb Code     0  startup_stm32h743xx.o(.text)
    HSEM1_IRQHandler                         0x08000357   Thumb Code     0  startup_stm32h743xx.o(.text)
    I2C1_ER_IRQHandler                       0x08000357   Thumb Code     0  startup_stm32h743xx.o(.text)
    I2C1_EV_IRQHandler                       0x08000357   Thumb Code     0  startup_stm32h743xx.o(.text)
    I2C2_ER_IRQHandler                       0x08000357   Thumb Code     0  startup_stm32h743xx.o(.text)
    I2C2_EV_IRQHandler                       0x08000357   Thumb Code     0  startup_stm32h743xx.o(.text)
    I2C3_ER_IRQHandler                       0x08000357   Thumb Code     0  startup_stm32h743xx.o(.text)
    I2C3_EV_IRQHandler                       0x08000357   Thumb Code     0  startup_stm32h743xx.o(.text)
    I2C4_ER_IRQHandler                       0x08000357   Thumb Code     0  startup_stm32h743xx.o(.text)
    I2C4_EV_IRQHandler                       0x08000357   Thumb Code     0  startup_stm32h743xx.o(.text)
    JPEG_IRQHandler                          0x08000357   Thumb Code     0  startup_stm32h743xx.o(.text)
    LPTIM1_IRQHandler                        0x08000357   Thumb Code     0  startup_stm32h743xx.o(.text)
    LPTIM2_IRQHandler                        0x08000357   Thumb Code     0  startup_stm32h743xx.o(.text)
    LPTIM3_IRQHandler                        0x08000357   Thumb Code     0  startup_stm32h743xx.o(.text)
    LPTIM4_IRQHandler                        0x08000357   Thumb Code     0  startup_stm32h743xx.o(.text)
    LPTIM5_IRQHandler                        0x08000357   Thumb Code     0  startup_stm32h743xx.o(.text)
    LPUART1_IRQHandler                       0x08000357   Thumb Code     0  startup_stm32h743xx.o(.text)
    LTDC_ER_IRQHandler                       0x08000357   Thumb Code     0  startup_stm32h743xx.o(.text)
    LTDC_IRQHandler                          0x08000357   Thumb Code     0  startup_stm32h743xx.o(.text)
    MDIOS_IRQHandler                         0x08000357   Thumb Code     0  startup_stm32h743xx.o(.text)
    MDIOS_WKUP_IRQHandler                    0x08000357   Thumb Code     0  startup_stm32h743xx.o(.text)
    MDMA_IRQHandler                          0x08000357   Thumb Code     0  startup_stm32h743xx.o(.text)
    OTG_FS_EP1_IN_IRQHandler                 0x08000357   Thumb Code     0  startup_stm32h743xx.o(.text)
    OTG_FS_EP1_OUT_IRQHandler                0x08000357   Thumb Code     0  startup_stm32h743xx.o(.text)
    OTG_FS_IRQHandler                        0x08000357   Thumb Code     0  startup_stm32h743xx.o(.text)
    OTG_FS_WKUP_IRQHandler                   0x08000357   Thumb Code     0  startup_stm32h743xx.o(.text)
    OTG_HS_EP1_IN_IRQHandler                 0x08000357   Thumb Code     0  startup_stm32h743xx.o(.text)
    OTG_HS_EP1_OUT_IRQHandler                0x08000357   Thumb Code     0  startup_stm32h743xx.o(.text)
    OTG_HS_IRQHandler                        0x08000357   Thumb Code     0  startup_stm32h743xx.o(.text)
    OTG_HS_WKUP_IRQHandler                   0x08000357   Thumb Code     0  startup_stm32h743xx.o(.text)
    PVD_AVD_IRQHandler                       0x08000357   Thumb Code     0  startup_stm32h743xx.o(.text)
    QUADSPI_IRQHandler                       0x08000357   Thumb Code     0  startup_stm32h743xx.o(.text)
    RCC_IRQHandler                           0x08000357   Thumb Code     0  startup_stm32h743xx.o(.text)
    RNG_IRQHandler                           0x08000357   Thumb Code     0  startup_stm32h743xx.o(.text)
    RTC_Alarm_IRQHandler                     0x08000357   Thumb Code     0  startup_stm32h743xx.o(.text)
    RTC_WKUP_IRQHandler                      0x08000357   Thumb Code     0  startup_stm32h743xx.o(.text)
    SAI1_IRQHandler                          0x08000357   Thumb Code     0  startup_stm32h743xx.o(.text)
    SAI2_IRQHandler                          0x08000357   Thumb Code     0  startup_stm32h743xx.o(.text)
    SAI3_IRQHandler                          0x08000357   Thumb Code     0  startup_stm32h743xx.o(.text)
    SAI4_IRQHandler                          0x08000357   Thumb Code     0  startup_stm32h743xx.o(.text)
    SDMMC1_IRQHandler                        0x08000357   Thumb Code     0  startup_stm32h743xx.o(.text)
    SDMMC2_IRQHandler                        0x08000357   Thumb Code     0  startup_stm32h743xx.o(.text)
    SPDIF_RX_IRQHandler                      0x08000357   Thumb Code     0  startup_stm32h743xx.o(.text)
    SPI1_IRQHandler                          0x08000357   Thumb Code     0  startup_stm32h743xx.o(.text)
    SPI2_IRQHandler                          0x08000357   Thumb Code     0  startup_stm32h743xx.o(.text)
    SPI3_IRQHandler                          0x08000357   Thumb Code     0  startup_stm32h743xx.o(.text)
    SPI4_IRQHandler                          0x08000357   Thumb Code     0  startup_stm32h743xx.o(.text)
    SPI5_IRQHandler                          0x08000357   Thumb Code     0  startup_stm32h743xx.o(.text)
    SPI6_IRQHandler                          0x08000357   Thumb Code     0  startup_stm32h743xx.o(.text)
    SWPMI1_IRQHandler                        0x08000357   Thumb Code     0  startup_stm32h743xx.o(.text)
    TAMP_STAMP_IRQHandler                    0x08000357   Thumb Code     0  startup_stm32h743xx.o(.text)
    TIM15_IRQHandler                         0x08000357   Thumb Code     0  startup_stm32h743xx.o(.text)
    TIM16_IRQHandler                         0x08000357   Thumb Code     0  startup_stm32h743xx.o(.text)
    TIM17_IRQHandler                         0x08000357   Thumb Code     0  startup_stm32h743xx.o(.text)
    TIM1_BRK_IRQHandler                      0x08000357   Thumb Code     0  startup_stm32h743xx.o(.text)
    TIM1_CC_IRQHandler                       0x08000357   Thumb Code     0  startup_stm32h743xx.o(.text)
    TIM1_TRG_COM_IRQHandler                  0x08000357   Thumb Code     0  startup_stm32h743xx.o(.text)
    TIM1_UP_IRQHandler                       0x08000357   Thumb Code     0  startup_stm32h743xx.o(.text)
    TIM2_IRQHandler                          0x08000357   Thumb Code     0  startup_stm32h743xx.o(.text)
    TIM3_IRQHandler                          0x08000357   Thumb Code     0  startup_stm32h743xx.o(.text)
    TIM4_IRQHandler                          0x08000357   Thumb Code     0  startup_stm32h743xx.o(.text)
    TIM5_IRQHandler                          0x08000357   Thumb Code     0  startup_stm32h743xx.o(.text)
    TIM6_DAC_IRQHandler                      0x08000357   Thumb Code     0  startup_stm32h743xx.o(.text)
    TIM7_IRQHandler                          0x08000357   Thumb Code     0  startup_stm32h743xx.o(.text)
    TIM8_BRK_TIM12_IRQHandler                0x08000357   Thumb Code     0  startup_stm32h743xx.o(.text)
    TIM8_CC_IRQHandler                       0x08000357   Thumb Code     0  startup_stm32h743xx.o(.text)
    TIM8_TRG_COM_TIM14_IRQHandler            0x08000357   Thumb Code     0  startup_stm32h743xx.o(.text)
    TIM8_UP_TIM13_IRQHandler                 0x08000357   Thumb Code     0  startup_stm32h743xx.o(.text)
    UART4_IRQHandler                         0x08000357   Thumb Code     0  startup_stm32h743xx.o(.text)
    UART5_IRQHandler                         0x08000357   Thumb Code     0  startup_stm32h743xx.o(.text)
    UART7_IRQHandler                         0x08000357   Thumb Code     0  startup_stm32h743xx.o(.text)
    UART8_IRQHandler                         0x08000357   Thumb Code     0  startup_stm32h743xx.o(.text)
    USART2_IRQHandler                        0x08000357   Thumb Code     0  startup_stm32h743xx.o(.text)
    USART3_IRQHandler                        0x08000357   Thumb Code     0  startup_stm32h743xx.o(.text)
    USART6_IRQHandler                        0x08000357   Thumb Code     0  startup_stm32h743xx.o(.text)
    WAKEUP_PIN_IRQHandler                    0x08000357   Thumb Code     0  startup_stm32h743xx.o(.text)
    WWDG_IRQHandler                          0x08000357   Thumb Code     0  startup_stm32h743xx.o(.text)
    __user_initial_stackheap                 0x08000359   Thumb Code     0  startup_stm32h743xx.o(.text)
    __aeabi_uldivmod                         0x08000381   Thumb Code     0  lludivv7m.o(.text)
    _ll_udiv                                 0x08000381   Thumb Code   238  lludivv7m.o(.text)
    __aeabi_llsl                             0x0800046f   Thumb Code     0  llshl.o(.text)
    _ll_shift_l                              0x0800046f   Thumb Code    38  llshl.o(.text)
    __aeabi_llsr                             0x08000495   Thumb Code     0  llushr.o(.text)
    _ll_ushift_r                             0x08000495   Thumb Code    38  llushr.o(.text)
    __aeabi_memclr4                          0x080004bb   Thumb Code     0  rt_memclr_w.o(.text)
    __aeabi_memclr8                          0x080004bb   Thumb Code     0  rt_memclr_w.o(.text)
    __rt_memclr_w                            0x080004bb   Thumb Code    78  rt_memclr_w.o(.text)
    _memset_w                                0x080004bf   Thumb Code     0  rt_memclr_w.o(.text)
    __use_two_region_memory                  0x08000509   Thumb Code     2  heapauxi.o(.text)
    __rt_heap_escrow$2region                 0x0800050b   Thumb Code     2  heapauxi.o(.text)
    __rt_heap_expand$2region                 0x0800050d   Thumb Code     2  heapauxi.o(.text)
    __user_setup_stackheap                   0x0800050f   Thumb Code    74  sys_stackheap_outer.o(.text)
    exit                                     0x08000559   Thumb Code    18  exit.o(.text)
    __user_libspace                          0x0800056d   Thumb Code     8  libspace.o(.text)
    __user_perproc_libspace                  0x0800056d   Thumb Code     0  libspace.o(.text)
    __user_perthread_libspace                0x0800056d   Thumb Code     0  libspace.o(.text)
    _sys_exit                                0x08000575   Thumb Code     8  sys_exit.o(.text)
    __I$use$semihosting                      0x08000581   Thumb Code     0  use_no_semi.o(.text)
    __use_no_semihosting_swi                 0x08000581   Thumb Code     2  use_no_semi.o(.text)
    BusFault_Handler                         0x08000583   Thumb Code     2  stm32h7xx_it.o(i.BusFault_Handler)
    __semihosting_library_function           0x08000583   Thumb Code     0  indicate_semi.o(.text)
    CRC8                                     0x08000585   Thumb Code    62  sch16t.o(i.CRC8)
    DMA1_Stream0_IRQHandler                  0x080005c5   Thumb Code     6  stm32h7xx_it.o(i.DMA1_Stream0_IRQHandler)
    DebugMon_Handler                         0x08000a09   Thumb Code     2  stm32h7xx_it.o(i.DebugMon_Handler)
    EXTI9_5_IRQHandler                       0x08000a0b   Thumb Code     8  stm32h7xx_it.o(i.EXTI9_5_IRQHandler)
    Error_Handler                            0x08000a13   Thumb Code     4  main.o(i.Error_Handler)
    ExitRun0Mode                             0x08000a19   Thumb Code    22  system_stm32h7xx.o(i.ExitRun0Mode)
    HAL_DMA_Abort                            0x08000a35   Thumb Code   836  stm32h7xx_hal_dma.o(i.HAL_DMA_Abort)
    HAL_DMA_Abort_IT                         0x08000d95   Thumb Code   602  stm32h7xx_hal_dma.o(i.HAL_DMA_Abort_IT)
    HAL_DMA_IRQHandler                       0x08001019   Thumb Code  1756  stm32h7xx_hal_dma.o(i.HAL_DMA_IRQHandler)
    HAL_DMA_Init                             0x08001701   Thumb Code   926  stm32h7xx_hal_dma.o(i.HAL_DMA_Init)
    HAL_DMA_Start_IT                         0x08001ac5   Thumb Code   628  stm32h7xx_hal_dma.o(i.HAL_DMA_Start_IT)
    HAL_Delay                                0x08001d61   Thumb Code    32  stm32h7xx_hal.o(i.HAL_Delay)
    HAL_GPIO_EXTI_Callback                   0x08001d85   Thumb Code    14  main.o(i.HAL_GPIO_EXTI_Callback)
    HAL_GPIO_EXTI_IRQHandler                 0x08001d99   Thumb Code    24  stm32h7xx_hal_gpio.o(i.HAL_GPIO_EXTI_IRQHandler)
    HAL_GPIO_Init                            0x08001db1   Thumb Code   506  stm32h7xx_hal_gpio.o(i.HAL_GPIO_Init)
    HAL_GPIO_WritePin                        0x08001fdd   Thumb Code    10  stm32h7xx_hal_gpio.o(i.HAL_GPIO_WritePin)
    HAL_GetREVID                             0x08001fe9   Thumb Code     8  stm32h7xx_hal.o(i.HAL_GetREVID)
    HAL_GetTick                              0x08001ff5   Thumb Code     6  stm32h7xx_hal.o(i.HAL_GetTick)
    HAL_IncTick                              0x08002001   Thumb Code    12  stm32h7xx_hal.o(i.HAL_IncTick)
    HAL_Init                                 0x08002011   Thumb Code    74  stm32h7xx_hal.o(i.HAL_Init)
    HAL_InitTick                             0x0800206d   Thumb Code    56  stm32h7xx_hal.o(i.HAL_InitTick)
    HAL_MPU_ConfigRegion                     0x080020ad   Thumb Code    86  stm32h7xx_hal_cortex.o(i.HAL_MPU_ConfigRegion)
    HAL_MPU_Disable                          0x08002109   Thumb Code    24  stm32h7xx_hal_cortex.o(i.HAL_MPU_Disable)
    HAL_MPU_Enable                           0x08002125   Thumb Code    30  stm32h7xx_hal_cortex.o(i.HAL_MPU_Enable)
    HAL_MspInit                              0x08002149   Thumb Code    22  stm32h7xx_hal_msp.o(i.HAL_MspInit)
    HAL_NVIC_EnableIRQ                       0x08002165   Thumb Code    26  stm32h7xx_hal_cortex.o(i.HAL_NVIC_EnableIRQ)
    HAL_NVIC_SetPriority                     0x08002181   Thumb Code    60  stm32h7xx_hal_cortex.o(i.HAL_NVIC_SetPriority)
    HAL_NVIC_SetPriorityGrouping             0x080021c1   Thumb Code    28  stm32h7xx_hal_cortex.o(i.HAL_NVIC_SetPriorityGrouping)
    HAL_PWREx_ConfigSupply                   0x080021e5   Thumb Code    78  stm32h7xx_hal_pwr_ex.o(i.HAL_PWREx_ConfigSupply)
    HAL_RCCEx_GetD3PCLK1Freq                 0x08002239   Thumb Code    26  stm32h7xx_hal_rcc_ex.o(i.HAL_RCCEx_GetD3PCLK1Freq)
    HAL_RCCEx_GetPLL2ClockFreq               0x0800225d   Thumb Code   296  stm32h7xx_hal_rcc_ex.o(i.HAL_RCCEx_GetPLL2ClockFreq)
    HAL_RCCEx_GetPLL3ClockFreq               0x080023a1   Thumb Code   296  stm32h7xx_hal_rcc_ex.o(i.HAL_RCCEx_GetPLL3ClockFreq)
    HAL_RCCEx_PeriphCLKConfig                0x080024e5   Thumb Code  2472  stm32h7xx_hal_rcc_ex.o(i.HAL_RCCEx_PeriphCLKConfig)
    HAL_RCC_ClockConfig                      0x08002e91   Thumb Code   580  stm32h7xx_hal_rcc.o(i.HAL_RCC_ClockConfig)
    HAL_RCC_GetHCLKFreq                      0x080030ed   Thumb Code    52  stm32h7xx_hal_rcc.o(i.HAL_RCC_GetHCLKFreq)
    HAL_RCC_GetPCLK1Freq                     0x08003131   Thumb Code    26  stm32h7xx_hal_rcc.o(i.HAL_RCC_GetPCLK1Freq)
    HAL_RCC_GetPCLK2Freq                     0x08003155   Thumb Code    26  stm32h7xx_hal_rcc.o(i.HAL_RCC_GetPCLK2Freq)
    HAL_RCC_GetSysClockFreq                  0x08003179   Thumb Code   278  stm32h7xx_hal_rcc.o(i.HAL_RCC_GetSysClockFreq)
    HAL_RCC_OscConfig                        0x080032b1   Thumb Code  1410  stm32h7xx_hal_rcc.o(i.HAL_RCC_OscConfig)
    HAL_SPI_Init                             0x08003835   Thumb Code   366  stm32h7xx_hal_spi.o(i.HAL_SPI_Init)
    HAL_SPI_MspInit                          0x080039b1   Thumb Code    90  spi.o(i.HAL_SPI_MspInit)
    HAL_SPI_Receive                          0x08003a19   Thumb Code   628  stm32h7xx_hal_spi.o(i.HAL_SPI_Receive)
    HAL_SPI_Transmit                         0x08003c8d   Thumb Code   568  stm32h7xx_hal_spi.o(i.HAL_SPI_Transmit)
    HAL_SPI_TransmitReceive                  0x08003ec5   Thumb Code   812  stm32h7xx_hal_spi.o(i.HAL_SPI_TransmitReceive)
    HAL_SYSTICK_Config                       0x080041fd   Thumb Code    38  stm32h7xx_hal_cortex.o(i.HAL_SYSTICK_Config)
    HAL_UARTEx_DisableFifoMode               0x08004223   Thumb Code    64  stm32h7xx_hal_uart_ex.o(i.HAL_UARTEx_DisableFifoMode)
    HAL_UARTEx_RxEventCallback               0x08004263   Thumb Code     2  stm32h7xx_hal_uart.o(i.HAL_UARTEx_RxEventCallback)
    HAL_UARTEx_RxFifoFullCallback            0x08004265   Thumb Code     2  stm32h7xx_hal_uart_ex.o(i.HAL_UARTEx_RxFifoFullCallback)
    HAL_UARTEx_SetRxFifoThreshold            0x08004267   Thumb Code    76  stm32h7xx_hal_uart_ex.o(i.HAL_UARTEx_SetRxFifoThreshold)
    HAL_UARTEx_SetTxFifoThreshold            0x080042b3   Thumb Code    76  stm32h7xx_hal_uart_ex.o(i.HAL_UARTEx_SetTxFifoThreshold)
    HAL_UARTEx_TxFifoEmptyCallback           0x080042ff   Thumb Code     2  stm32h7xx_hal_uart_ex.o(i.HAL_UARTEx_TxFifoEmptyCallback)
    HAL_UARTEx_WakeupCallback                0x08004301   Thumb Code     2  stm32h7xx_hal_uart_ex.o(i.HAL_UARTEx_WakeupCallback)
    HAL_UART_ErrorCallback                   0x08004303   Thumb Code     2  stm32h7xx_hal_uart.o(i.HAL_UART_ErrorCallback)
    HAL_UART_IRQHandler                      0x08004305   Thumb Code   898  stm32h7xx_hal_uart.o(i.HAL_UART_IRQHandler)
    HAL_UART_Init                            0x080046a1   Thumb Code   106  stm32h7xx_hal_uart.o(i.HAL_UART_Init)
    HAL_UART_MspInit                         0x0800470d   Thumb Code   150  usart.o(i.HAL_UART_MspInit)
    HAL_UART_Transmit_DMA                    0x080047b9   Thumb Code   132  stm32h7xx_hal_uart.o(i.HAL_UART_Transmit_DMA)
    HAL_UART_TxCpltCallback                  0x08004849   Thumb Code     2  stm32h7xx_hal_uart.o(i.HAL_UART_TxCpltCallback)
    HAL_UART_TxHalfCpltCallback              0x0800484b   Thumb Code     2  stm32h7xx_hal_uart.o(i.HAL_UART_TxHalfCpltCallback)
    HardFault_Handler                        0x0800484d   Thumb Code     2  stm32h7xx_it.o(i.HardFault_Handler)
    MMC5983_Data_Read                        0x08004851   Thumb Code   162  mmc5983.o(i.MMC5983_Data_Read)
    MMC5983_Enable_Auto_Set_Reset            0x08004901   Thumb Code    24  mmc5983.o(i.MMC5983_Enable_Auto_Set_Reset)
    MMC5983_ID_Verify                        0x08004919   Thumb Code    34  mmc5983.o(i.MMC5983_ID_Verify)
    MMC5983_Init                             0x08004941   Thumb Code    74  mmc5983.o(i.MMC5983_Init)
    MMC5983_SW_Reset                         0x08004991   Thumb Code    36  mmc5983.o(i.MMC5983_SW_Reset)
    MMC5983_Set_Bandwidth                    0x080049b5   Thumb Code    22  mmc5983.o(i.MMC5983_Set_Bandwidth)
    MMC5983_Set_Continuous_Measurement       0x080049cb   Thumb Code    24  mmc5983.o(i.MMC5983_Set_Continuous_Measurement)
    MMC5983_Set_Operation_Rate               0x080049e3   Thumb Code    26  mmc5983.o(i.MMC5983_Set_Operation_Rate)
    MMC5983_Set_Output_DataRate              0x080049fd   Thumb Code    22  mmc5983.o(i.MMC5983_Set_Output_DataRate)
    MMC5983_SingleRegister_Read              0x08004a13   Thumb Code    78  mmc5983.o(i.MMC5983_SingleRegister_Read)
    MMC5983_SingleRegister_Write             0x08004a61   Thumb Code    76  mmc5983.o(i.MMC5983_SingleRegister_Write)
    MX_DMA_Init                              0x08004aad   Thumb Code    40  dma.o(i.MX_DMA_Init)
    MX_GPIO_Init                             0x08004ad9   Thumb Code   234  gpio.o(i.MX_GPIO_Init)
    MX_SPI1_Init                             0x08004bd9   Thumb Code    82  spi.o(i.MX_SPI1_Init)
    MX_USART1_UART_Init                      0x08004c35   Thumb Code    94  usart.o(i.MX_USART1_UART_Init)
    MemManage_Handler                        0x08004c9d   Thumb Code     2  stm32h7xx_it.o(i.MemManage_Handler)
    NMI_Handler                              0x08004c9f   Thumb Code     2  stm32h7xx_it.o(i.NMI_Handler)
    PendSV_Handler                           0x08004ca1   Thumb Code     2  stm32h7xx_it.o(i.PendSV_Handler)
    PeriphCommonClock_Config                 0x08004ca3   Thumb Code    76  main.o(i.PeriphCommonClock_Config)
    SCH16T_GetSingleData                     0x08004f31   Thumb Code    24  sch16t.o(i.SCH16T_GetSingleData)
    SCH16T_Reset                             0x08004f49   Thumb Code    40  sch16t.o(i.SCH16T_Reset)
    SCH16T_SendFrame                         0x08004f75   Thumb Code   146  sch16t.o(i.SCH16T_SendFrame)
    SCH16T_SetFilter_and_Init                0x08005007   Thumb Code    78  sch16t.o(i.SCH16T_SetFilter_and_Init)
    SCH16T_check_48bit_frame_error           0x08005055   Thumb Code    36  sch16t.o(i.SCH16T_check_48bit_frame_error)
    SCH16T_convertAccSensToBitfield          0x08005079   Thumb Code    44  sch16t.o(i.SCH16T_convertAccSensToBitfield)
    SCH16T_convertDecimationToBitfield       0x080050a5   Thumb Code    44  sch16t.o(i.SCH16T_convertDecimationToBitfield)
    SCH16T_convertFilterToBitfield           0x080050d1   Thumb Code    68  sch16t.o(i.SCH16T_convertFilterToBitfield)
    SCH16T_convertRateSensToBitfield         0x08005115   Thumb Code    34  sch16t.o(i.SCH16T_convertRateSensToBitfield)
    SCH16T_convert_data                      0x08005139   Thumb Code   126  sch16t.o(i.SCH16T_convert_data)
    SCH16T_enableMeas                        0x080051c5   Thumb Code   108  sch16t.o(i.SCH16T_enableMeas)
    SCH16T_getData                           0x08005231   Thumb Code   216  sch16t.o(i.SCH16T_getData)
    SCH16T_getStatus                         0x08005309   Thumb Code   206  sch16t.o(i.SCH16T_getStatus)
    SCH16T_init                              0x080053d7   Thumb Code   208  sch16t.o(i.SCH16T_init)
    SCH16T_isValidAccSens                    0x080054a7   Thumb Code    32  sch16t.o(i.SCH16T_isValidAccSens)
    SCH16T_isValidDecimation                 0x080054c7   Thumb Code    28  sch16t.o(i.SCH16T_isValidDecimation)
    SCH16T_isValidFilterFreq                 0x080054e3   Thumb Code    38  sch16t.o(i.SCH16T_isValidFilterFreq)
    SCH16T_isValidRateSens                   0x08005509   Thumb Code    26  sch16t.o(i.SCH16T_isValidRateSens)
    SCH16T_sendRequest                       0x08005525   Thumb Code    10  sch16t.o(i.SCH16T_sendRequest)
    SCH16T_setAccSensDec                     0x08005535   Thumb Code   326  sch16t.o(i.SCH16T_setAccSensDec)
    SCH16T_setDRY                            0x08005681   Thumb Code   200  sch16t.o(i.SCH16T_setDRY)
    SCH16T_setFilters                        0x0800574d   Thumb Code   394  sch16t.o(i.SCH16T_setFilters)
    SCH16T_setRateSensDec                    0x080058dd   Thumb Code   190  sch16t.o(i.SCH16T_setRateSensDec)
    SCH16T_verifyStatus                      0x080059a1   Thumb Code    74  sch16t.o(i.SCH16T_verifyStatus)
    SVC_Handler                              0x08005aef   Thumb Code     2  stm32h7xx_it.o(i.SVC_Handler)
    SendData_226Byte                         0x08005af1   Thumb Code   210  usart.o(i.SendData_226Byte)
    SysTick_Handler                          0x08005bd5   Thumb Code     4  stm32h7xx_it.o(i.SysTick_Handler)
    SystemClock_Config                       0x08005bd9   Thumb Code   160  main.o(i.SystemClock_Config)
    SystemInit                               0x08005c81   Thumb Code   206  system_stm32h7xx.o(i.SystemInit)
    UART_AdvFeatureConfig                    0x08005dbd   Thumb Code   200  stm32h7xx_hal_uart.o(i.UART_AdvFeatureConfig)
    UART_CheckIdleState                      0x08005e85   Thumb Code   170  stm32h7xx_hal_uart.o(i.UART_CheckIdleState)
    UART_SetConfig                           0x0800605d   Thumb Code   876  stm32h7xx_hal_uart.o(i.UART_SetConfig)
    UART_WaitOnFlagUntilTimeout              0x08006409   Thumb Code   148  stm32h7xx_hal_uart.o(i.UART_WaitOnFlagUntilTimeout)
    USART1_IRQHandler                        0x0800649d   Thumb Code     6  stm32h7xx_it.o(i.USART1_IRQHandler)
    UsageFault_Handler                       0x080064a9   Thumb Code     2  stm32h7xx_it.o(i.UsageFault_Handler)
    disableCS_MMC5983                        0x080064cd   Thumb Code     6  mmc5983.o(i.disableCS_MMC5983)
    enableCS_MMC5983                         0x080064d3   Thumb Code     6  mmc5983.o(i.enableCS_MMC5983)
    main                                     0x080064d9   Thumb Code   152  main.o(i.main)
    _fp_init                                 0x08006579   Thumb Code    10  fpinit.o(x$fpl$fpinit)
    __fplib_config_fpu_vfp                   0x08006581   Thumb Code     0  fpinit.o(x$fpl$fpinit)
    __fplib_config_pureend_doubles           0x08006581   Thumb Code     0  fpinit.o(x$fpl$fpinit)
    UARTPrescTable                           0x0800658a   Data          24  stm32h7xx_hal_uart.o(.constdata)
    D1CorePrescTable                         0x080065b2   Data          16  system_stm32h7xx.o(.constdata)
    Region$$Table$$Base                      0x080065c4   Number         0  anon$$obj.o(Region$$Table)
    Region$$Table$$Limit                     0x080065e4   Number         0  anon$$obj.o(Region$$Table)
    sch_dryFlag                              0x24000000   Data           1  main.o(.data)
    Err_Init                                 0x24000001   Data           1  main.o(.data)
    Err_out                                  0x24000002   Data           1  main.o(.data)
    zero                                     0x24000004   Data           1  usart.o(.data)
    uwTickFreq                               0x2400000c   Data           1  stm32h7xx_hal.o(.data)
    uwTickPrio                               0x24000010   Data           4  stm32h7xx_hal.o(.data)
    uwTick                                   0x24000014   Data           4  stm32h7xx_hal.o(.data)
    SystemCoreClock                          0x24000018   Data           4  system_stm32h7xx.o(.data)
    SystemD2Clock                            0x2400001c   Data           4  system_stm32h7xx.o(.data)
    MMC_InitStructure                        0x24000020   Data           4  mmc5983.o(.data)
    MMC5983_handle                           0x24000024   Data          16  mmc5983.o(.data)
    sch16t_handle                            0x24000034   Data          20  sch16t.o(.data)
    sch_data                                 0x24000048   Data          64  main.o(.bss)
    mmc_data                                 0x24000088   Data          12  main.o(.bss)
    hspi1                                    0x24000094   Data         136  spi.o(.bss)
    ch_buf_226                               0x2400011c   Data         226  usart.o(.bss)
    huart1                                   0x24000200   Data         148  usart.o(.bss)
    hdma_usart1_tx                           0x24000294   Data         120  usart.o(.bss)
    __libspace_start                         0x2400030c   Data          96  libspace.o(.bss)
    __temporary_stack_top$libspace           0x2400036c   Data           0  libspace.o(.bss)



==============================================================================

Memory Map of the image

  Image Entry point : 0x08000299

  Load Region LR_IROM1 (Base: 0x08000000, Size: 0x0000662c, Max: 0x00200000, ABSOLUTE)

    Execution Region ER_IROM1 (Exec base: 0x08000000, Load base: 0x08000000, Size: 0x000065e4, Max: 0x00200000, ABSOLUTE)

    Exec Addr    Load Addr    Size         Type   Attr      Idx    E Section Name        Object

    0x08000000   0x08000000   0x00000298   Data   RO            3    RESET               startup_stm32h743xx.o
    0x08000298   0x08000298   0x00000008   Code   RO         4142  * !!!main             c_w.l(__main.o)
    0x080002a0   0x080002a0   0x00000034   Code   RO         4309    !!!scatter          c_w.l(__scatter.o)
    0x080002d4   0x080002d4   0x0000001a   Code   RO         4311    !!handler_copy      c_w.l(__scatter_copy.o)
    0x080002ee   0x080002ee   0x00000002   PAD
    0x080002f0   0x080002f0   0x0000001c   Code   RO         4313    !!handler_zi        c_w.l(__scatter_zi.o)
    0x0800030c   0x0800030c   0x00000002   Code   RO         4179    .ARM.Collect$$libinit$$00000000  c_w.l(libinit.o)
    0x0800030e   0x0800030e   0x00000004   Code   RO         4191    .ARM.Collect$$libinit$$00000001  c_w.l(libinit2.o)
    0x08000312   0x08000312   0x00000000   Code   RO         4194    .ARM.Collect$$libinit$$00000004  c_w.l(libinit2.o)
    0x08000312   0x08000312   0x00000000   Code   RO         4197    .ARM.Collect$$libinit$$0000000A  c_w.l(libinit2.o)
    0x08000312   0x08000312   0x00000000   Code   RO         4199    .ARM.Collect$$libinit$$0000000C  c_w.l(libinit2.o)
    0x08000312   0x08000312   0x00000000   Code   RO         4201    .ARM.Collect$$libinit$$0000000E  c_w.l(libinit2.o)
    0x08000312   0x08000312   0x00000000   Code   RO         4204    .ARM.Collect$$libinit$$00000011  c_w.l(libinit2.o)
    0x08000312   0x08000312   0x00000000   Code   RO         4206    .ARM.Collect$$libinit$$00000013  c_w.l(libinit2.o)
    0x08000312   0x08000312   0x00000000   Code   RO         4208    .ARM.Collect$$libinit$$00000015  c_w.l(libinit2.o)
    0x08000312   0x08000312   0x00000000   Code   RO         4210    .ARM.Collect$$libinit$$00000017  c_w.l(libinit2.o)
    0x08000312   0x08000312   0x00000000   Code   RO         4212    .ARM.Collect$$libinit$$00000019  c_w.l(libinit2.o)
    0x08000312   0x08000312   0x00000000   Code   RO         4214    .ARM.Collect$$libinit$$0000001B  c_w.l(libinit2.o)
    0x08000312   0x08000312   0x00000000   Code   RO         4216    .ARM.Collect$$libinit$$0000001D  c_w.l(libinit2.o)
    0x08000312   0x08000312   0x00000000   Code   RO         4218    .ARM.Collect$$libinit$$0000001F  c_w.l(libinit2.o)
    0x08000312   0x08000312   0x00000000   Code   RO         4220    .ARM.Collect$$libinit$$00000021  c_w.l(libinit2.o)
    0x08000312   0x08000312   0x00000000   Code   RO         4222    .ARM.Collect$$libinit$$00000023  c_w.l(libinit2.o)
    0x08000312   0x08000312   0x00000000   Code   RO         4224    .ARM.Collect$$libinit$$00000025  c_w.l(libinit2.o)
    0x08000312   0x08000312   0x00000000   Code   RO         4228    .ARM.Collect$$libinit$$0000002C  c_w.l(libinit2.o)
    0x08000312   0x08000312   0x00000000   Code   RO         4230    .ARM.Collect$$libinit$$0000002E  c_w.l(libinit2.o)
    0x08000312   0x08000312   0x00000000   Code   RO         4232    .ARM.Collect$$libinit$$00000030  c_w.l(libinit2.o)
    0x08000312   0x08000312   0x00000000   Code   RO         4234    .ARM.Collect$$libinit$$00000032  c_w.l(libinit2.o)
    0x08000312   0x08000312   0x00000002   Code   RO         4235    .ARM.Collect$$libinit$$00000033  c_w.l(libinit2.o)
    0x08000314   0x08000314   0x00000002   Code   RO         4266    .ARM.Collect$$libshutdown$$00000000  c_w.l(libshutdown.o)
    0x08000316   0x08000316   0x00000000   Code   RO         4292    .ARM.Collect$$libshutdown$$00000002  c_w.l(libshutdown2.o)
    0x08000316   0x08000316   0x00000000   Code   RO         4294    .ARM.Collect$$libshutdown$$00000004  c_w.l(libshutdown2.o)
    0x08000316   0x08000316   0x00000000   Code   RO         4297    .ARM.Collect$$libshutdown$$00000007  c_w.l(libshutdown2.o)
    0x08000316   0x08000316   0x00000000   Code   RO         4300    .ARM.Collect$$libshutdown$$0000000A  c_w.l(libshutdown2.o)
    0x08000316   0x08000316   0x00000000   Code   RO         4302    .ARM.Collect$$libshutdown$$0000000C  c_w.l(libshutdown2.o)
    0x08000316   0x08000316   0x00000000   Code   RO         4305    .ARM.Collect$$libshutdown$$0000000F  c_w.l(libshutdown2.o)
    0x08000316   0x08000316   0x00000002   Code   RO         4306    .ARM.Collect$$libshutdown$$00000010  c_w.l(libshutdown2.o)
    0x08000318   0x08000318   0x00000000   Code   RO         4144    .ARM.Collect$$rtentry$$00000000  c_w.l(__rtentry.o)
    0x08000318   0x08000318   0x00000000   Code   RO         4150    .ARM.Collect$$rtentry$$00000002  c_w.l(__rtentry2.o)
    0x08000318   0x08000318   0x00000006   Code   RO         4162    .ARM.Collect$$rtentry$$00000004  c_w.l(__rtentry4.o)
    0x0800031e   0x0800031e   0x00000000   Code   RO         4152    .ARM.Collect$$rtentry$$00000009  c_w.l(__rtentry2.o)
    0x0800031e   0x0800031e   0x00000004   Code   RO         4153    .ARM.Collect$$rtentry$$0000000A  c_w.l(__rtentry2.o)
    0x08000322   0x08000322   0x00000000   Code   RO         4155    .ARM.Collect$$rtentry$$0000000C  c_w.l(__rtentry2.o)
    0x08000322   0x08000322   0x00000008   Code   RO         4156    .ARM.Collect$$rtentry$$0000000D  c_w.l(__rtentry2.o)
    0x0800032a   0x0800032a   0x00000002   Code   RO         4183    .ARM.Collect$$rtexit$$00000000  c_w.l(rtexit.o)
    0x0800032c   0x0800032c   0x00000000   Code   RO         4239    .ARM.Collect$$rtexit$$00000002  c_w.l(rtexit2.o)
    0x0800032c   0x0800032c   0x00000004   Code   RO         4240    .ARM.Collect$$rtexit$$00000003  c_w.l(rtexit2.o)
    0x08000330   0x08000330   0x00000006   Code   RO         4241    .ARM.Collect$$rtexit$$00000004  c_w.l(rtexit2.o)
    0x08000336   0x08000336   0x00000002   PAD
    0x08000338   0x08000338   0x00000048   Code   RO            4    .text               startup_stm32h743xx.o
    0x08000380   0x08000380   0x000000ee   Code   RO         4132    .text               c_w.l(lludivv7m.o)
    0x0800046e   0x0800046e   0x00000026   Code   RO         4134    .text               c_w.l(llshl.o)
    0x08000494   0x08000494   0x00000026   Code   RO         4136    .text               c_w.l(llushr.o)
    0x080004ba   0x080004ba   0x0000004e   Code   RO         4138    .text               c_w.l(rt_memclr_w.o)
    0x08000508   0x08000508   0x00000006   Code   RO         4140    .text               c_w.l(heapauxi.o)
    0x0800050e   0x0800050e   0x0000004a   Code   RO         4166    .text               c_w.l(sys_stackheap_outer.o)
    0x08000558   0x08000558   0x00000012   Code   RO         4168    .text               c_w.l(exit.o)
    0x0800056a   0x0800056a   0x00000002   PAD
    0x0800056c   0x0800056c   0x00000008   Code   RO         4180    .text               c_w.l(libspace.o)
    0x08000574   0x08000574   0x0000000c   Code   RO         4236    .text               c_w.l(sys_exit.o)
    0x08000580   0x08000580   0x00000002   Code   RO         4255    .text               c_w.l(use_no_semi.o)
    0x08000582   0x08000582   0x00000000   Code   RO         4257    .text               c_w.l(indicate_semi.o)
    0x08000582   0x08000582   0x00000002   Code   RO          370    i.BusFault_Handler  stm32h7xx_it.o
    0x08000584   0x08000584   0x0000003e   Code   RO         3907    i.CRC8              sch16t.o
    0x080005c2   0x080005c2   0x00000002   PAD
    0x080005c4   0x080005c4   0x0000000c   Code   RO          371    i.DMA1_Stream0_IRQHandler  stm32h7xx_it.o
    0x080005d0   0x080005d0   0x000000b4   Code   RO         1283    i.DMA_CalcBaseAndBitshift  stm32h7xx_hal_dma.o
    0x08000684   0x08000684   0x0000009c   Code   RO         1284    i.DMA_CalcDMAMUXChannelBaseAndMask  stm32h7xx_hal_dma.o
    0x08000720   0x08000720   0x00000074   Code   RO         1285    i.DMA_CalcDMAMUXRequestGenBaseAndMask  stm32h7xx_hal_dma.o
    0x08000794   0x08000794   0x00000054   Code   RO         1286    i.DMA_CheckFifoParam  stm32h7xx_hal_dma.o
    0x080007e8   0x080007e8   0x00000220   Code   RO         1287    i.DMA_SetConfig     stm32h7xx_hal_dma.o
    0x08000a08   0x08000a08   0x00000002   Code   RO          372    i.DebugMon_Handler  stm32h7xx_it.o
    0x08000a0a   0x08000a0a   0x00000008   Code   RO          373    i.EXTI9_5_IRQHandler  stm32h7xx_it.o
    0x08000a12   0x08000a12   0x00000004   Code   RO           13    i.Error_Handler     main.o
    0x08000a16   0x08000a16   0x00000002   PAD
    0x08000a18   0x08000a18   0x0000001c   Code   RO         3767    i.ExitRun0Mode      system_stm32h7xx.o
    0x08000a34   0x08000a34   0x00000360   Code   RO         1288    i.HAL_DMA_Abort     stm32h7xx_hal_dma.o
    0x08000d94   0x08000d94   0x00000284   Code   RO         1289    i.HAL_DMA_Abort_IT  stm32h7xx_hal_dma.o
    0x08001018   0x08001018   0x000006e8   Code   RO         1293    i.HAL_DMA_IRQHandler  stm32h7xx_hal_dma.o
    0x08001700   0x08001700   0x000003c4   Code   RO         1294    i.HAL_DMA_Init      stm32h7xx_hal_dma.o
    0x08001ac4   0x08001ac4   0x0000029c   Code   RO         1298    i.HAL_DMA_Start_IT  stm32h7xx_hal_dma.o
    0x08001d60   0x08001d60   0x00000024   Code   RO         1997    i.HAL_Delay         stm32h7xx_hal.o
    0x08001d84   0x08001d84   0x00000014   Code   RO           14    i.HAL_GPIO_EXTI_Callback  main.o
    0x08001d98   0x08001d98   0x00000018   Code   RO         1135    i.HAL_GPIO_EXTI_IRQHandler  stm32h7xx_hal_gpio.o
    0x08001db0   0x08001db0   0x0000022c   Code   RO         1136    i.HAL_GPIO_Init     stm32h7xx_hal_gpio.o
    0x08001fdc   0x08001fdc   0x0000000a   Code   RO         1140    i.HAL_GPIO_WritePin  stm32h7xx_hal_gpio.o
    0x08001fe6   0x08001fe6   0x00000002   PAD
    0x08001fe8   0x08001fe8   0x0000000c   Code   RO         2008    i.HAL_GetREVID      stm32h7xx_hal.o
    0x08001ff4   0x08001ff4   0x0000000c   Code   RO         2009    i.HAL_GetTick       stm32h7xx_hal.o
    0x08002000   0x08002000   0x00000010   Code   RO         2015    i.HAL_IncTick       stm32h7xx_hal.o
    0x08002010   0x08002010   0x0000005c   Code   RO         2016    i.HAL_Init          stm32h7xx_hal.o
    0x0800206c   0x0800206c   0x00000040   Code   RO         2017    i.HAL_InitTick      stm32h7xx_hal.o
    0x080020ac   0x080020ac   0x0000005c   Code   RO          489    i.HAL_MPU_ConfigRegion  stm32h7xx_hal_cortex.o
    0x08002108   0x08002108   0x0000001c   Code   RO          490    i.HAL_MPU_Disable   stm32h7xx_hal_cortex.o
    0x08002124   0x08002124   0x00000024   Code   RO          492    i.HAL_MPU_Enable    stm32h7xx_hal_cortex.o
    0x08002148   0x08002148   0x0000001c   Code   RO          464    i.HAL_MspInit       stm32h7xx_hal_msp.o
    0x08002164   0x08002164   0x0000001a   Code   RO          496    i.HAL_NVIC_EnableIRQ  stm32h7xx_hal_cortex.o
    0x0800217e   0x0800217e   0x00000002   PAD
    0x08002180   0x08002180   0x00000040   Code   RO          502    i.HAL_NVIC_SetPriority  stm32h7xx_hal_cortex.o
    0x080021c0   0x080021c0   0x00000024   Code   RO          503    i.HAL_NVIC_SetPriorityGrouping  stm32h7xx_hal_cortex.o
    0x080021e4   0x080021e4   0x00000054   Code   RO         1737    i.HAL_PWREx_ConfigSupply  stm32h7xx_hal_pwr_ex.o
    0x08002238   0x08002238   0x00000024   Code   RO          757    i.HAL_RCCEx_GetD3PCLK1Freq  stm32h7xx_hal_rcc_ex.o
    0x0800225c   0x0800225c   0x00000144   Code   RO          759    i.HAL_RCCEx_GetPLL2ClockFreq  stm32h7xx_hal_rcc_ex.o
    0x080023a0   0x080023a0   0x00000144   Code   RO          760    i.HAL_RCCEx_GetPLL3ClockFreq  stm32h7xx_hal_rcc_ex.o
    0x080024e4   0x080024e4   0x000009ac   Code   RO          766    i.HAL_RCCEx_PeriphCLKConfig  stm32h7xx_hal_rcc_ex.o
    0x08002e90   0x08002e90   0x0000025c   Code   RO          642    i.HAL_RCC_ClockConfig  stm32h7xx_hal_rcc.o
    0x080030ec   0x080030ec   0x00000044   Code   RO          647    i.HAL_RCC_GetHCLKFreq  stm32h7xx_hal_rcc.o
    0x08003130   0x08003130   0x00000024   Code   RO          649    i.HAL_RCC_GetPCLK1Freq  stm32h7xx_hal_rcc.o
    0x08003154   0x08003154   0x00000024   Code   RO          650    i.HAL_RCC_GetPCLK2Freq  stm32h7xx_hal_rcc.o
    0x08003178   0x08003178   0x00000138   Code   RO          651    i.HAL_RCC_GetSysClockFreq  stm32h7xx_hal_rcc.o
    0x080032b0   0x080032b0   0x00000582   Code   RO          654    i.HAL_RCC_OscConfig  stm32h7xx_hal_rcc.o
    0x08003832   0x08003832   0x00000002   PAD
    0x08003834   0x08003834   0x0000017c   Code   RO         2911    i.HAL_SPI_Init      stm32h7xx_hal_spi.o
    0x080039b0   0x080039b0   0x00000068   Code   RO          279    i.HAL_SPI_MspInit   spi.o
    0x08003a18   0x08003a18   0x00000274   Code   RO         2914    i.HAL_SPI_Receive   stm32h7xx_hal_spi.o
    0x08003c8c   0x08003c8c   0x00000238   Code   RO         2920    i.HAL_SPI_Transmit  stm32h7xx_hal_spi.o
    0x08003ec4   0x08003ec4   0x00000338   Code   RO         2921    i.HAL_SPI_TransmitReceive  stm32h7xx_hal_spi.o
    0x080041fc   0x080041fc   0x00000026   Code   RO          507    i.HAL_SYSTICK_Config  stm32h7xx_hal_cortex.o
    0x08004222   0x08004222   0x00000040   Code   RO         3649    i.HAL_UARTEx_DisableFifoMode  stm32h7xx_hal_uart_ex.o
    0x08004262   0x08004262   0x00000002   Code   RO         3238    i.HAL_UARTEx_RxEventCallback  stm32h7xx_hal_uart.o
    0x08004264   0x08004264   0x00000002   Code   RO         3657    i.HAL_UARTEx_RxFifoFullCallback  stm32h7xx_hal_uart_ex.o
    0x08004266   0x08004266   0x0000004c   Code   RO         3658    i.HAL_UARTEx_SetRxFifoThreshold  stm32h7xx_hal_uart_ex.o
    0x080042b2   0x080042b2   0x0000004c   Code   RO         3659    i.HAL_UARTEx_SetTxFifoThreshold  stm32h7xx_hal_uart_ex.o
    0x080042fe   0x080042fe   0x00000002   Code   RO         3661    i.HAL_UARTEx_TxFifoEmptyCallback  stm32h7xx_hal_uart_ex.o
    0x08004300   0x08004300   0x00000002   Code   RO         3662    i.HAL_UARTEx_WakeupCallback  stm32h7xx_hal_uart_ex.o
    0x08004302   0x08004302   0x00000002   Code   RO         3254    i.HAL_UART_ErrorCallback  stm32h7xx_hal_uart.o
    0x08004304   0x08004304   0x0000039c   Code   RO         3257    i.HAL_UART_IRQHandler  stm32h7xx_hal_uart.o
    0x080046a0   0x080046a0   0x0000006a   Code   RO         3258    i.HAL_UART_Init     stm32h7xx_hal_uart.o
    0x0800470a   0x0800470a   0x00000002   PAD
    0x0800470c   0x0800470c   0x000000ac   Code   RO          321    i.HAL_UART_MspInit  usart.o
    0x080047b8   0x080047b8   0x00000090   Code   RO         3268    i.HAL_UART_Transmit_DMA  stm32h7xx_hal_uart.o
    0x08004848   0x08004848   0x00000002   Code   RO         3270    i.HAL_UART_TxCpltCallback  stm32h7xx_hal_uart.o
    0x0800484a   0x0800484a   0x00000002   Code   RO         3271    i.HAL_UART_TxHalfCpltCallback  stm32h7xx_hal_uart.o
    0x0800484c   0x0800484c   0x00000002   Code   RO          374    i.HardFault_Handler  stm32h7xx_it.o
    0x0800484e   0x0800484e   0x00000002   PAD
    0x08004850   0x08004850   0x000000b0   Code   RO         3810    i.MMC5983_Data_Read  mmc5983.o
    0x08004900   0x08004900   0x00000018   Code   RO         3811    i.MMC5983_Enable_Auto_Set_Reset  mmc5983.o
    0x08004918   0x08004918   0x00000028   Code   RO         3812    i.MMC5983_ID_Verify  mmc5983.o
    0x08004940   0x08004940   0x00000050   Code   RO         3813    i.MMC5983_Init      mmc5983.o
    0x08004990   0x08004990   0x00000024   Code   RO         3814    i.MMC5983_SW_Reset  mmc5983.o
    0x080049b4   0x080049b4   0x00000016   Code   RO         3815    i.MMC5983_Set_Bandwidth  mmc5983.o
    0x080049ca   0x080049ca   0x00000018   Code   RO         3816    i.MMC5983_Set_Continuous_Measurement  mmc5983.o
    0x080049e2   0x080049e2   0x0000001a   Code   RO         3817    i.MMC5983_Set_Operation_Rate  mmc5983.o
    0x080049fc   0x080049fc   0x00000016   Code   RO         3818    i.MMC5983_Set_Output_DataRate  mmc5983.o
    0x08004a12   0x08004a12   0x0000004e   Code   RO         3819    i.MMC5983_SingleRegister_Read  mmc5983.o
    0x08004a60   0x08004a60   0x0000004c   Code   RO         3820    i.MMC5983_SingleRegister_Write  mmc5983.o
    0x08004aac   0x08004aac   0x0000002c   Code   RO          236    i.MX_DMA_Init       dma.o
    0x08004ad8   0x08004ad8   0x00000100   Code   RO          212    i.MX_GPIO_Init      gpio.o
    0x08004bd8   0x08004bd8   0x0000005c   Code   RO          280    i.MX_SPI1_Init      spi.o
    0x08004c34   0x08004c34   0x00000068   Code   RO          322    i.MX_USART1_UART_Init  usart.o
    0x08004c9c   0x08004c9c   0x00000002   Code   RO          375    i.MemManage_Handler  stm32h7xx_it.o
    0x08004c9e   0x08004c9e   0x00000002   Code   RO          376    i.NMI_Handler       stm32h7xx_it.o
    0x08004ca0   0x08004ca0   0x00000002   Code   RO          377    i.PendSV_Handler    stm32h7xx_it.o
    0x08004ca2   0x08004ca2   0x0000004c   Code   RO           15    i.PeriphCommonClock_Config  main.o
    0x08004cee   0x08004cee   0x00000002   PAD
    0x08004cf0   0x08004cf0   0x00000120   Code   RO          769    i.RCCEx_PLL2_Config  stm32h7xx_hal_rcc_ex.o
    0x08004e10   0x08004e10   0x00000120   Code   RO          770    i.RCCEx_PLL3_Config  stm32h7xx_hal_rcc_ex.o
    0x08004f30   0x08004f30   0x00000018   Code   RO         3908    i.SCH16T_GetSingleData  sch16t.o
    0x08004f48   0x08004f48   0x0000002c   Code   RO         3909    i.SCH16T_Reset      sch16t.o
    0x08004f74   0x08004f74   0x00000092   Code   RO         3910    i.SCH16T_SendFrame  sch16t.o
    0x08005006   0x08005006   0x0000004e   Code   RO         3911    i.SCH16T_SetFilter_and_Init  sch16t.o
    0x08005054   0x08005054   0x00000024   Code   RO         3913    i.SCH16T_check_48bit_frame_error  sch16t.o
    0x08005078   0x08005078   0x0000002c   Code   RO         3914    i.SCH16T_convertAccSensToBitfield  sch16t.o
    0x080050a4   0x080050a4   0x0000002c   Code   RO         3918    i.SCH16T_convertDecimationToBitfield  sch16t.o
    0x080050d0   0x080050d0   0x00000044   Code   RO         3919    i.SCH16T_convertFilterToBitfield  sch16t.o
    0x08005114   0x08005114   0x00000022   Code   RO         3920    i.SCH16T_convertRateSensToBitfield  sch16t.o
    0x08005136   0x08005136   0x00000002   PAD
    0x08005138   0x08005138   0x0000008c   Code   RO         3921    i.SCH16T_convert_data  sch16t.o
    0x080051c4   0x080051c4   0x0000006c   Code   RO         3922    i.SCH16T_enableMeas  sch16t.o
    0x08005230   0x08005230   0x000000d8   Code   RO         3923    i.SCH16T_getData    sch16t.o
    0x08005308   0x08005308   0x000000ce   Code   RO         3926    i.SCH16T_getStatus  sch16t.o
    0x080053d6   0x080053d6   0x000000d0   Code   RO         3927    i.SCH16T_init       sch16t.o
    0x080054a6   0x080054a6   0x00000020   Code   RO         3928    i.SCH16T_isValidAccSens  sch16t.o
    0x080054c6   0x080054c6   0x0000001c   Code   RO         3929    i.SCH16T_isValidDecimation  sch16t.o
    0x080054e2   0x080054e2   0x00000026   Code   RO         3930    i.SCH16T_isValidFilterFreq  sch16t.o
    0x08005508   0x08005508   0x0000001a   Code   RO         3931    i.SCH16T_isValidRateSens  sch16t.o
    0x08005522   0x08005522   0x00000002   PAD
    0x08005524   0x08005524   0x00000010   Code   RO         3933    i.SCH16T_sendRequest  sch16t.o
    0x08005534   0x08005534   0x0000014c   Code   RO         3934    i.SCH16T_setAccSensDec  sch16t.o
    0x08005680   0x08005680   0x000000cc   Code   RO         3935    i.SCH16T_setDRY     sch16t.o
    0x0800574c   0x0800574c   0x00000190   Code   RO         3936    i.SCH16T_setFilters  sch16t.o
    0x080058dc   0x080058dc   0x000000c4   Code   RO         3937    i.SCH16T_setRateSensDec  sch16t.o
    0x080059a0   0x080059a0   0x0000004a   Code   RO         3938    i.SCH16T_verifyStatus  sch16t.o
    0x080059ea   0x080059ea   0x000000bc   Code   RO         2931    i.SPI_CloseTransfer  stm32h7xx_hal_spi.o
    0x08005aa6   0x08005aa6   0x00000002   PAD
    0x08005aa8   0x08005aa8   0x00000046   Code   RO         2948    i.SPI_WaitOnFlagUntilTimeout  stm32h7xx_hal_spi.o
    0x08005aee   0x08005aee   0x00000002   Code   RO          378    i.SVC_Handler       stm32h7xx_it.o
    0x08005af0   0x08005af0   0x000000e4   Code   RO          323    i.SendData_226Byte  usart.o
    0x08005bd4   0x08005bd4   0x00000004   Code   RO          379    i.SysTick_Handler   stm32h7xx_it.o
    0x08005bd8   0x08005bd8   0x000000a8   Code   RO           16    i.SystemClock_Config  main.o
    0x08005c80   0x08005c80   0x000000f8   Code   RO         3769    i.SystemInit        system_stm32h7xx.o
    0x08005d78   0x08005d78   0x00000044   Code   RO         3663    i.UARTEx_SetNbDataToProcess  stm32h7xx_hal_uart_ex.o
    0x08005dbc   0x08005dbc   0x000000c8   Code   RO         3272    i.UART_AdvFeatureConfig  stm32h7xx_hal_uart.o
    0x08005e84   0x08005e84   0x000000aa   Code   RO         3273    i.UART_CheckIdleState  stm32h7xx_hal_uart.o
    0x08005f2e   0x08005f2e   0x00000010   Code   RO         3274    i.UART_DMAAbortOnError  stm32h7xx_hal_uart.o
    0x08005f3e   0x08005f3e   0x0000004e   Code   RO         3275    i.UART_DMAError     stm32h7xx_hal_uart.o
    0x08005f8c   0x08005f8c   0x00000040   Code   RO         3280    i.UART_DMATransmitCplt  stm32h7xx_hal_uart.o
    0x08005fcc   0x08005fcc   0x0000000a   Code   RO         3282    i.UART_DMATxHalfCplt  stm32h7xx_hal_uart.o
    0x08005fd6   0x08005fd6   0x00000002   PAD
    0x08005fd8   0x08005fd8   0x00000054   Code   RO         3284    i.UART_EndRxTransfer  stm32h7xx_hal_uart.o
    0x0800602c   0x0800602c   0x0000002e   Code   RO         3285    i.UART_EndTxTransfer  stm32h7xx_hal_uart.o
    0x0800605a   0x0800605a   0x00000002   PAD
    0x0800605c   0x0800605c   0x000003ac   Code   RO         3290    i.UART_SetConfig    stm32h7xx_hal_uart.o
    0x08006408   0x08006408   0x00000094   Code   RO         3297    i.UART_WaitOnFlagUntilTimeout  stm32h7xx_hal_uart.o
    0x0800649c   0x0800649c   0x0000000c   Code   RO          380    i.USART1_IRQHandler  stm32h7xx_it.o
    0x080064a8   0x080064a8   0x00000002   Code   RO          381    i.UsageFault_Handler  stm32h7xx_it.o
    0x080064aa   0x080064aa   0x00000022   Code   RO          509    i.__NVIC_SetPriority  stm32h7xx_hal_cortex.o
    0x080064cc   0x080064cc   0x00000006   Code   RO         3821    i.disableCS_MMC5983  mmc5983.o
    0x080064d2   0x080064d2   0x00000006   Code   RO         3822    i.enableCS_MMC5983  mmc5983.o
    0x080064d8   0x080064d8   0x000000a0   Code   RO           17    i.main              main.o
    0x08006578   0x08006578   0x0000000a   Code   RO         4251    x$fpl$fpinit        fz_wv.l(fpinit.o)
    0x08006582   0x08006582   0x00000008   Data   RO         1300    .constdata          stm32h7xx_hal_dma.o
    0x0800658a   0x0800658a   0x00000018   Data   RO         3298    .constdata          stm32h7xx_hal_uart.o
    0x080065a2   0x080065a2   0x00000010   Data   RO         3664    .constdata          stm32h7xx_hal_uart_ex.o
    0x080065b2   0x080065b2   0x00000010   Data   RO         3770    .constdata          system_stm32h7xx.o
    0x080065c2   0x080065c2   0x00000002   PAD
    0x080065c4   0x080065c4   0x00000020   Data   RO         4307    Region$$Table       anon$$obj.o


    Execution Region RW_IRAM1 (Exec base: 0x20000000, Load base: 0x080065e4, Size: 0x00000000, Max: 0x00020000, ABSOLUTE)

    **** No section assigned to this execution region ****


    Execution Region RW_IRAM2 (Exec base: 0x24000000, Load base: 0x080065e4, Size: 0x00000970, Max: 0x00080000, ABSOLUTE)

    Exec Addr    Load Addr    Size         Type   Attr      Idx    E Section Name        Object

    0x24000000   0x080065e4   0x00000003   Data   RW           19    .data               main.o
    0x24000003   0x080065e7   0x00000001   PAD
    0x24000004   0x080065e8   0x00000008   Data   RW          325    .data               usart.o
    0x2400000c   0x080065f0   0x0000000c   Data   RW         2038    .data               stm32h7xx_hal.o
    0x24000018   0x080065fc   0x00000008   Data   RW         3771    .data               system_stm32h7xx.o
    0x24000020   0x08006604   0x00000014   Data   RW         3823    .data               mmc5983.o
    0x24000034   0x08006618   0x00000014   Data   RW         3941    .data               sch16t.o
    0x24000048        -       0x0000004c   Zero   RW           18    .bss                main.o
    0x24000094        -       0x00000088   Zero   RW          281    .bss                spi.o
    0x2400011c        -       0x000001f0   Zero   RW          324    .bss                usart.o
    0x2400030c        -       0x00000060   Zero   RW         4181    .bss                c_w.l(libspace.o)
    0x2400036c   0x0800662c   0x00000004   PAD
    0x24000370        -       0x00000200   Zero   RW            2    HEAP                startup_stm32h743xx.o
    0x24000570        -       0x00000400   Zero   RW            1    STACK               startup_stm32h743xx.o


==============================================================================

Image component sizes


      Code (inc. data)   RO Data    RW Data    ZI Data      Debug   Object Name

        44          4          0          0          0        790   dma.o
       256         22          0          0          0       1051   gpio.o
       428         22          0          3         76    1269497   main.o
       616         26          0         20          0      10885   mmc5983.o
      2804         46          0         20          0      25822   sch16t.o
       196         24          0          0        136       1745   spi.o
        72         30        664          0       1536        856   startup_stm32h743xx.o
       232         44          0         12          0      23448   stm32h7xx_hal.o
       354         28          0          0          0      41841   stm32h7xx_hal_cortex.o
      5988        246          8          0          0      11910   stm32h7xx_hal_dma.o
       590         50          0          0          0       2875   stm32h7xx_hal_gpio.o
        28          6          0          0          0        830   stm32h7xx_hal_msp.o
        84          6          0          0          0        797   stm32h7xx_hal_pwr_ex.o
      2466        102          0          0          0       7116   stm32h7xx_hal_rcc.o
      3736        118          0          0          0       7841   stm32h7xx_hal_rcc_ex.o
      2658         26          0          0          0       8686   stm32h7xx_hal_spi.o
      2938        150         24          0          0      33978   stm32h7xx_hal_uart.o
       290          6         16          0          0       5466   stm32h7xx_hal_uart_ex.o
        52         12          0          0          0       5677   stm32h7xx_it.o
       276         48         16          8          0       1921   system_stm32h7xx.o
       504         50          0          8        496       2824   usart.o

    ----------------------------------------------------------------------
     24638       1066        762         72       2244    1465856   Object Totals
         0          0         32          0          0          0   (incl. Generated)
        26          0          2          1          0          0   (incl. Padding)

    ----------------------------------------------------------------------

      Code (inc. data)   RO Data    RW Data    ZI Data      Debug   Library Member Name

         8          0          0          0          0         68   __main.o
         0          0          0          0          0          0   __rtentry.o
        12          0          0          0          0          0   __rtentry2.o
         6          0          0          0          0          0   __rtentry4.o
        52          8          0          0          0          0   __scatter.o
        26          0          0          0          0          0   __scatter_copy.o
        28          0          0          0          0          0   __scatter_zi.o
        18          0          0          0          0         80   exit.o
         6          0          0          0          0        152   heapauxi.o
         0          0          0          0          0          0   indicate_semi.o
         2          0          0          0          0          0   libinit.o
         6          0          0          0          0          0   libinit2.o
         2          0          0          0          0          0   libshutdown.o
         2          0          0          0          0          0   libshutdown2.o
         8          4          0          0         96         68   libspace.o
        38          0          0          0          0         68   llshl.o
       238          0          0          0          0        100   lludivv7m.o
        38          0          0          0          0         68   llushr.o
        78          0          0          0          0         80   rt_memclr_w.o
         2          0          0          0          0          0   rtexit.o
        10          0          0          0          0          0   rtexit2.o
        12          4          0          0          0         68   sys_exit.o
        74          0          0          0          0         80   sys_stackheap_outer.o
         2          0          0          0          0         68   use_no_semi.o
        10          0          0          0          0        116   fpinit.o

    ----------------------------------------------------------------------
       684         16          0          0        100       1016   Library Totals
         6          0          0          0          4          0   (incl. Padding)

    ----------------------------------------------------------------------

      Code (inc. data)   RO Data    RW Data    ZI Data      Debug   Library Name

       668         16          0          0         96        900   c_w.l
        10          0          0          0          0        116   fz_wv.l

    ----------------------------------------------------------------------
       684         16          0          0        100       1016   Library Totals

    ----------------------------------------------------------------------

==============================================================================


      Code (inc. data)   RO Data    RW Data    ZI Data      Debug   

     25322       1082        762         72       2344    1454108   Grand Totals
     25322       1082        762         72       2344    1454108   ELF Image Totals
     25322       1082        762         72          0          0   ROM Totals

==============================================================================

    Total RO  Size (Code + RO Data)                26084 (  25.47kB)
    Total RW  Size (RW Data + ZI Data)              2416 (   2.36kB)
    Total ROM Size (Code + RO Data + RW Data)      26156 (  25.54kB)

==============================================================================

