Component: ARM Compiler 6.16 Tool: armlink [5dfeaa00]

==============================================================================

Section Cross References

    at32f435_437_int.o(.ARM.exidx.text.NMI_Handler) refers to at32f435_437_int.o(.text.NMI_Handler) for [Anonymous Symbol]
    at32f435_437_int.o(.ARM.exidx.text.HardFault_Handler) refers to at32f435_437_int.o(.text.HardFault_Handler) for [Anonymous Symbol]
    at32f435_437_int.o(.ARM.exidx.text.MemManage_Handler) refers to at32f435_437_int.o(.text.MemManage_Handler) for [Anonymous Symbol]
    at32f435_437_int.o(.ARM.exidx.text.BusFault_Handler) refers to at32f435_437_int.o(.text.BusFault_Handler) for [Anonymous Symbol]
    at32f435_437_int.o(.ARM.exidx.text.UsageFault_Handler) refers to at32f435_437_int.o(.text.UsageFault_Handler) for [Anonymous Symbol]
    at32f435_437_int.o(.ARM.exidx.text.SVC_Handler) refers to at32f435_437_int.o(.text.SVC_Handler) for [Anonymous Symbol]
    at32f435_437_int.o(.ARM.exidx.text.DebugMon_Handler) refers to at32f435_437_int.o(.text.DebugMon_Handler) for [Anonymous Symbol]
    at32f435_437_int.o(.ARM.exidx.text.PendSV_Handler) refers to at32f435_437_int.o(.text.PendSV_Handler) for [Anonymous Symbol]
    at32f435_437_int.o(.text.SysTick_Handler) refers to wk_system.o(.text.wk_timebase_handler) for wk_timebase_handler
    at32f435_437_int.o(.text.SysTick_Handler) refers to at32f435_437_int.o(.bss.timerCnt) for timerCnt
    at32f435_437_int.o(.text.SysTick_Handler) refers to at32f435_437_int.o(.bss.timer5ms) for timer5ms
    at32f435_437_int.o(.ARM.exidx.text.SysTick_Handler) refers to at32f435_437_int.o(.text.SysTick_Handler) for [Anonymous Symbol]
    at32f435_437_int.o(.ARM.exidx.text.USART1_IRQHandler) refers to at32f435_437_int.o(.text.USART1_IRQHandler) for [Anonymous Symbol]
    at32f435_437_wk_config.o(.text.wk_system_clock_config) refers to at32f435_437_crm.o(.text.crm_reset) for crm_reset
    at32f435_437_wk_config.o(.text.wk_system_clock_config) refers to at32f435_437_crm.o(.text.crm_periph_clock_enable) for crm_periph_clock_enable
    at32f435_437_wk_config.o(.text.wk_system_clock_config) refers to at32f435_437_crm.o(.text.crm_clock_source_enable) for crm_clock_source_enable
    at32f435_437_wk_config.o(.text.wk_system_clock_config) refers to at32f435_437_crm.o(.text.crm_flag_get) for crm_flag_get
    at32f435_437_wk_config.o(.text.wk_system_clock_config) refers to at32f435_437_crm.o(.text.crm_hext_stable_wait) for crm_hext_stable_wait
    at32f435_437_wk_config.o(.text.wk_system_clock_config) refers to at32f435_437_crm.o(.text.crm_pll_config) for crm_pll_config
    at32f435_437_wk_config.o(.text.wk_system_clock_config) refers to at32f435_437_crm.o(.text.crm_ahb_div_set) for crm_ahb_div_set
    at32f435_437_wk_config.o(.text.wk_system_clock_config) refers to at32f435_437_crm.o(.text.crm_apb2_div_set) for crm_apb2_div_set
    at32f435_437_wk_config.o(.text.wk_system_clock_config) refers to at32f435_437_crm.o(.text.crm_apb1_div_set) for crm_apb1_div_set
    at32f435_437_wk_config.o(.text.wk_system_clock_config) refers to at32f435_437_crm.o(.text.crm_auto_step_mode_enable) for crm_auto_step_mode_enable
    at32f435_437_wk_config.o(.text.wk_system_clock_config) refers to at32f435_437_crm.o(.text.crm_sysclk_switch) for crm_sysclk_switch
    at32f435_437_wk_config.o(.text.wk_system_clock_config) refers to at32f435_437_crm.o(.text.crm_sysclk_switch_status_get) for crm_sysclk_switch_status_get
    at32f435_437_wk_config.o(.text.wk_system_clock_config) refers to system_at32f435_437.o(.text.system_core_clock_update) for system_core_clock_update
    at32f435_437_wk_config.o(.ARM.exidx.text.wk_system_clock_config) refers to at32f435_437_wk_config.o(.text.wk_system_clock_config) for [Anonymous Symbol]
    at32f435_437_wk_config.o(.text.wk_periph_clock_config) refers to at32f435_437_crm.o(.text.crm_periph_clock_enable) for crm_periph_clock_enable
    at32f435_437_wk_config.o(.ARM.exidx.text.wk_periph_clock_config) refers to at32f435_437_wk_config.o(.text.wk_periph_clock_config) for [Anonymous Symbol]
    at32f435_437_wk_config.o(.text.wk_nvic_config) refers to at32f435_437_misc.o(.text.nvic_priority_group_config) for nvic_priority_group_config
    at32f435_437_wk_config.o(.text.wk_nvic_config) refers to at32f435_437_wk_config.o(.text.__NVIC_GetPriorityGrouping) for __NVIC_GetPriorityGrouping
    at32f435_437_wk_config.o(.text.wk_nvic_config) refers to at32f435_437_wk_config.o(.text.NVIC_EncodePriority) for NVIC_EncodePriority
    at32f435_437_wk_config.o(.text.wk_nvic_config) refers to at32f435_437_wk_config.o(.text.__NVIC_SetPriority) for __NVIC_SetPriority
    at32f435_437_wk_config.o(.text.wk_nvic_config) refers to at32f435_437_misc.o(.text.nvic_irq_enable) for nvic_irq_enable
    at32f435_437_wk_config.o(.ARM.exidx.text.wk_nvic_config) refers to at32f435_437_wk_config.o(.text.wk_nvic_config) for [Anonymous Symbol]
[...]
    ../clib/signal.c                         0x00000000   Number         0  defsig_abrt_inner.o ABSOLUTE
    ../clib/signal.c                         0x00000000   Number         0  defsig_rtred_inner.o ABSOLUTE
    ../clib/signal.c                         0x00000000   Number         0  defsig_rtmem_inner.o ABSOLUTE
    ../clib/signal.c                         0x00000000   Number         0  defsig_rtmem_outer.o ABSOLUTE
    ../clib/signal.c                         0x00000000   Number         0  defsig_rtmem_formal.o ABSOLUTE
    ../clib/signal.c                         0x00000000   Number         0  defsig_stak_inner.o ABSOLUTE
    ../clib/signal.c                         0x00000000   Number         0  defsig_pvfn_inner.o ABSOLUTE
    ../clib/signal.c                         0x00000000   Number         0  defsig_cppl_inner.o ABSOLUTE
    ../clib/signal.c                         0x00000000   Number         0  defsig_segv_inner.o ABSOLUTE
    ../clib/signal.c                         0x00000000   Number         0  defsig_other.o ABSOLUTE
    ../clib/signal.s                         0x00000000   Number         0  defsig.o ABSOLUTE
    ../clib/stdlib.c                         0x00000000   Number         0  exit.o ABSOLUTE
    ../clib/string.c                         0x00000000   Number         0  strlen.o ABSOLUTE
    ../fplib/d2f.s                           0x00000000   Number         0  d2f.o ABSOLUTE
    ../fplib/dflt.s                          0x00000000   Number         0  dflt_clz.o ABSOLUTE
    ../fplib/dnaninf.s                       0x00000000   Number         0  dnaninf.o ABSOLUTE
    ../fplib/dretinf.s                       0x00000000   Number         0  dretinf.o ABSOLUTE
    ../fplib/f2d.s                           0x00000000   Number         0  f2d.o ABSOLUTE
    ../fplib/fnaninf.s                       0x00000000   Number         0  fnaninf.o ABSOLUTE
    ../fplib/fpinit.s                        0x00000000   Number         0  fpinit.o ABSOLUTE
    ../fplib/fretinf.s                       0x00000000   Number         0  fretinf.o ABSOLUTE
    ../fplib/istatus.s                       0x00000000   Number         0  istatus.o ABSOLUTE
    ../fplib/printf1.s                       0x00000000   Number         0  printf1.o ABSOLUTE
    ../fplib/printf2.s                       0x00000000   Number         0  printf2.o ABSOLUTE
    ../fplib/printf2a.s                      0x00000000   Number         0  printf2a.o ABSOLUTE
    ../fplib/printf2b.s                      0x00000000   Number         0  printf2b.o ABSOLUTE
    ../fplib/usenofp.s                       0x00000000   Number         0  usenofp.o ABSOLUTE
    ../mathlib/fpclassify.c                  0x00000000   Number         0  fpclassify.o ABSOLUTE
    ATFlash.c                                0x00000000   Number         0  atflash.o ABSOLUTE
    ATSpi.c                                  0x00000000   Number         0  atspi.o ABSOLUTE
    ATUsart.c                                0x00000000   Number         0  atusart.o ABSOLUTE
    adxl375.c                                0x00000000   Number         0  adxl375.o ABSOLUTE
    asm330lhhx.c                             0x00000000   Number         0  asm330lhhx.o ABSOLUTE
    at32f435_437_acc.c                       0x00000000   Number         0  at32f435_437_acc.o ABSOLUTE
    at32f435_437_adc.c                       0x00000000   Number         0  at32f435_437_adc.o ABSOLUTE
    at32f435_437_can.c                       0x00000000   Number         0  at32f435_437_can.o ABSOLUTE
    at32f435_437_crc.c                       0x00000000   Number         0  at32f435_437_crc.o ABSOLUTE
    at32f435_437_crm.c                       0x00000000   Number         0  at32f435_437_crm.o ABSOLUTE
    at32f435_437_dac.c                       0x00000000   Number         0  at32f435_437_dac.o ABSOLUTE
    at32f435_437_debug.c                     0x00000000   Number         0  at32f435_437_debug.o ABSOLUTE
    at32f435_437_dma.c                       0x00000000   Number         0  at32f435_437_dma.o ABSOLUTE
    at32f435_437_dvp.c                       0x00000000   Number         0  at32f435_437_dvp.o ABSOLUTE
    at32f435_437_edma.c                      0x00000000   Number         0  at32f435_437_edma.o ABSOLUTE
    at32f435_437_emac.c                      0x00000000   Number         0  at32f435_437_emac.o ABSOLUTE
    at32f435_437_ertc.c                      0x00000000   Number         0  at32f435_437_ertc.o ABSOLUTE
    at32f435_437_exint.c                     0x00000000   Number         0  at32f435_437_exint.o ABSOLUTE
    at32f435_437_flash.c                     0x00000000   Number         0  at32f435_437_flash.o ABSOLUTE
    at32f435_437_gpio.c                      0x00000000   Number         0  at32f435_437_gpio.o ABSOLUTE
    at32f435_437_i2c.c                       0x00000000   Number         0  at32f435_437_i2c.o ABSOLUTE
    at32f435_437_int.c                       0x00000000   Number         0  at32f435_437_int.o ABSOLUTE
    at32f435_437_misc.c                      0x00000000   Number         0  at32f435_437_misc.o ABSOLUTE
    at32f435_437_pwc.c                       0x00000000   Number         0  at32f435_437_pwc.o ABSOLUTE
    at32f435_437_qspi.c                      0x00000000   Number         0  at32f435_437_qspi.o ABSOLUTE
    at32f435_437_scfg.c                      0x00000000   Number         0  at32f435_437_scfg.o ABSOLUTE
    at32f435_437_sdio.c                      0x00000000   Number         0  at32f435_437_sdio.o ABSOLUTE
    at32f435_437_spi.c                       0x00000000   Number         0  at32f435_437_spi.o ABSOLUTE
    at32f435_437_tmr.c                       0x00000000   Number         0  at32f435_437_tmr.o ABSOLUTE
    at32f435_437_usart.c                     0x00000000   Number         0  at32f435_437_usart.o ABSOLUTE
    at32f435_437_usb.c                       0x00000000   Number         0  at32f435_437_usb.o ABSOLUTE
    at32f435_437_wdt.c                       0x00000000   Number         0  at32f435_437_wdt.o ABSOLUTE
    at32f435_437_wk_config.c                 0x00000000   Number         0  at32f435_437_wk_config.o ABSOLUTE
    at32f435_437_wwdt.c                      0x00000000   Number         0  at32f435_437_wwdt.o ABSOLUTE
    at32f435_437_xmc.c                       0x00000000   Number         0  at32f435_437_xmc.o ABSOLUTE
    dc.s                                     0x00000000   Number         0  dc.o ABSOLUTE
    errorcor.c                               0x00000000   Number         0  errorcor.o ABSOLUTE
    jump2app.c                               0x00000000   Number         0  jump2app.o ABSOLUTE
    main.c                                   0x00000000   Number         0  main.o ABSOLUTE
    option.c                                 0x00000000   Number         0  option.o ABSOLUTE
    startup_at32f435_437.s                   0x00000000   Number         0  startup_at32f435_437.o ABSOLUTE
    system_at32f435_437.c                    0x00000000   Number         0  system_at32f435_437.o ABSOLUTE
    wk_system.c                              0x00000000   Number         0  wk_system.o ABSOLUTE
    RESET                                    0x08000000   Section      524  startup_at32f435_437.o(RESET)
    !!!main                                  0x0800020c   Section        8  __main.o(!!!main)
    !!!scatter                               0x08000214   Section       52  __scatter.o(!!!scatter)
    !!handler_copy                           0x08000248   Section       26  __scatter_copy.o(!!handler_copy)
    !!handler_zi                             0x08000264   Section       28  __scatter_zi.o(!!handler_zi)
    .ARM.Collect$$libinit$$00000000          0x08000280   Section        2  libinit.o(.ARM.Collect$$libinit$$00000000)
    .ARM.Collect$$libinit$$00000001          0x08000282   Section        4  libinit2.o(.ARM.Collect$$libinit$$00000001)
    .ARM.Collect$$libinit$$00000004          0x08000286   Section        0  libinit2.o(.ARM.Collect$$libinit$$00000004)
    .ARM.Collect$$libinit$$0000000A          0x08000286   Section        0  libinit2.o(.ARM.Collect$$libinit$$0000000A)
    .ARM.Collect$$libinit$$0000000C          0x08000286   Section        0  libinit2.o(.ARM.Collect$$libinit$$0000000C)
    .ARM.Collect$$libinit$$0000000E          0x08000286   Section        0  libinit2.o(.ARM.Collect$$libinit$$0000000E)
    .ARM.Collect$$libinit$$00000011          0x08000286   Section        0  libinit2.o(.ARM.Collect$$libinit$$00000011)
    .ARM.Collect$$libinit$$00000013          0x08000286   Section        0  libinit2.o(.ARM.Collect$$libinit$$00000013)
    .ARM.Collect$$libinit$$00000015          0x08000286   Section        0  libinit2.o(.ARM.Collect$$libinit$$00000015)
    .ARM.Collect$$libinit$$00000017          0x08000286   Section        0  libinit2.o(.ARM.Collect$$libinit$$00000017)
    .ARM.Collect$$libinit$$00000019          0x08000286   Section        0  libinit2.o(.ARM.Collect$$libinit$$00000019)
    .ARM.Collect$$libinit$$0000001B          0x08000286   Section        0  libinit2.o(.ARM.Collect$$libinit$$0000001B)
    .ARM.Collect$$libinit$$0000001D          0x08000286   Section        0  libinit2.o(.ARM.Collect$$libinit$$0000001D)
    .ARM.Collect$$libinit$$0000001F          0x08000286   Section        0  libinit2.o(.ARM.Collect$$libinit$$0000001F)
    .ARM.Collect$$libinit$$00000021          0x08000286   Section        0  libinit2.o(.ARM.Collect$$libinit$$00000021)
    .ARM.Collect$$libinit$$00000023          0x08000286   Section        0  libinit2.o(.ARM.Collect$$libinit$$00000023)
    .ARM.Collect$$libinit$$00000025          0x08000286   Section        0  libinit2.o(.ARM.Collect$$libinit$$00000025)
    .ARM.Collect$$libinit$$0000002C          0x08000286   Section        0  libinit2.o(.ARM.Collect$$libinit$$0000002C)
    .ARM.Collect$$libinit$$0000002E          0x08000286   Section        0  libinit2.o(.ARM.Collect$$libinit$$0000002E)
    .ARM.Collect$$libinit$$00000030          0x08000286   Section        0  libinit2.o(.ARM.Collect$$libinit$$00000030)
    .ARM.Collect$$libinit$$00000032          0x08000286   Section        0  libinit2.o(.ARM.Collect$$libinit$$00000032)
    .ARM.Collect$$libinit$$00000033          0x08000286   Section        2  libinit2.o(.ARM.Collect$$libinit$$00000033)
    .ARM.Collect$$libshutdown$$00000000      0x08000288   Section        2  libshutdown.o(.ARM.Collect$$libshutdown$$00000000)
    .ARM.Collect$$libshutdown$$00000002      0x0800028a   Section        0  libshutdown2.o(.ARM.Collect$$libshutdown$$00000002)
    .ARM.Collect$$libshutdown$$00000004      0x0800028a   Section        0  libshutdown2.o(.ARM.Collect$$libshutdown$$00000004)
    .ARM.Collect$$libshutdown$$00000007      0x0800028a   Section        0  libshutdown2.o(.ARM.Collect$$libshutdown$$00000007)
    .ARM.Collect$$libshutdown$$0000000A      0x0800028a   Section        0  libshutdown2.o(.ARM.Collect$$libshutdown$$0000000A)
    .ARM.Collect$$libshutdown$$0000000C      0x0800028a   Section        0  libshutdown2.o(.ARM.Collect$$libshutdown$$0000000C)
    .ARM.Collect$$libshutdown$$0000000F      0x0800028a   Section        0  libshutdown2.o(.ARM.Collect$$libshutdown$$0000000F)
    .ARM.Collect$$libshutdown$$00000010      0x0800028a   Section        2  libshutdown2.o(.ARM.Collect$$libshutdown$$00000010)
    .ARM.Collect$$rtentry$$00000000          0x0800028c   Section        0  __rtentry.o(.ARM.Collect$$rtentry$$00000000)
    .ARM.Collect$$rtentry$$00000002          0x0800028c   Section        0  __rtentry2.o(.ARM.Collect$$rtentry$$00000002)
    .ARM.Collect$$rtentry$$00000004          0x0800028c   Section        6  __rtentry4.o(.ARM.Collect$$rtentry$$00000004)
    .ARM.Collect$$rtentry$$00000009          0x08000292   Section        0  __rtentry2.o(.ARM.Collect$$rtentry$$00000009)
    .ARM.Collect$$rtentry$$0000000A          0x08000292   Section        4  __rtentry2.o(.ARM.Collect$$rtentry$$0000000A)
    .ARM.Collect$$rtentry$$0000000C          0x08000296   Section        0  __rtentry2.o(.ARM.Collect$$rtentry$$0000000C)
    .ARM.Collect$$rtentry$$0000000D          0x08000296   Section        8  __rtentry2.o(.ARM.Collect$$rtentry$$0000000D)
    .ARM.Collect$$rtexit$$00000000           0x0800029e   Section        2  rtexit.o(.ARM.Collect$$rtexit$$00000000)
    .ARM.Collect$$rtexit$$00000002           0x080002a0   Section        0  rtexit2.o(.ARM.Collect$$rtexit$$00000002)
    .ARM.Collect$$rtexit$$00000003           0x080002a0   Section        4  rtexit2.o(.ARM.Collect$$rtexit$$00000003)
    .ARM.Collect$$rtexit$$00000004           0x080002a4   Section        6  rtexit2.o(.ARM.Collect$$rtexit$$00000004)
    $v0                                      0x080002ac   Number         0  startup_at32f435_437.o(.text)
    .text                                    0x080002ac   Section       64  startup_at32f435_437.o(.text)
    .text                                    0x080002ec   Section      240  lludivv7m.o(.text)
    .text                                    0x080003dc   Section       68  rt_memclr.o(.text)
    .text                                    0x08000420   Section       78  rt_memclr_w.o(.text)
    .text                                    0x0800046e   Section        0  heapauxi.o(.text)
    .text                                    0x08000474   Section       74  sys_stackheap_outer.o(.text)
    .text                                    0x080004be   Section        0  exit.o(.text)
    .text                                    0x080004d0   Section        8  libspace.o(.text)
    .text                                    0x080004d8   Section        0  sys_exit.o(.text)
    .text                                    0x080004e4   Section        2  use_no_semi.o(.text)
    .text                                    0x080004e6   Section        0  indicate_semi.o(.text)
    [Anonymous Symbol]                       0x080004e8   Section        0  adxl375.o(.text.ADXL375_Master_Init)
    [Anonymous Symbol]                       0x08000554   Section        0  adxl375.o(.text.ADXL375_Master_Read_Regs)
    ADXL375_ReadWriteByte                    0x0800061d   Thumb Code    42  adxl375.o(.text.ADXL375_ReadWriteByte)
    [Anonymous Symbol]                       0x0800061c   Section        0  adxl375.o(.text.ADXL375_ReadWriteByte)
    ADXL375_Write_Reg                        0x08000649   Thumb Code    56  adxl375.o(.text.ADXL375_Write_Reg)
    [Anonymous Symbol]                       0x08000648   Section        0  adxl375.o(.text.ADXL375_Write_Reg)
    [Anonymous Symbol]                       0x08000680   Section        0  at32f435_437_int.o(.text.BusFault_Handler)
    [Anonymous Symbol]                       0x08000684   Section        0  at32f435_437_int.o(.text.DebugMon_Handler)
    [Anonymous Symbol]                       0x08000688   Section        0  at32f435_437_int.o(.text.HardFault_Handler)
    [Anonymous Symbol]                       0x0800068c   Section        0  at32f435_437_int.o(.text.MemManage_Handler)
    [Anonymous Symbol]                       0x08000690   Section        0  at32f435_437_int.o(.text.NMI_Handler)
    NVIC_EncodePriority                      0x08000695   Thumb Code   108  at32f435_437_wk_config.o(.text.NVIC_EncodePriority)
    [Anonymous Symbol]                       0x08000694   Section        0  at32f435_437_wk_config.o(.text.NVIC_EncodePriority)
    NVIC_EncodePriority                      0x08000701   Thumb Code   108  at32f435_437_misc.o(.text.NVIC_EncodePriority)
    [Anonymous Symbol]                       0x08000700   Section        0  at32f435_437_misc.o(.text.NVIC_EncodePriority)
    [Anonymous Symbol]                       0x0800076c   Section        0  at32f435_437_int.o(.text.PendSV_Handler)
    [Anonymous Symbol]                       0x08000770   Section        0  at32f435_437_int.o(.text.SVC_Handler)
    [Anonymous Symbol]                       0x08000774   Section        0  errorcor.o(.text.SixPosition_cor)
    [Anonymous Symbol]                       0x08000d10   Section        0  at32f435_437_int.o(.text.SysTick_Handler)
    [Anonymous Symbol]                       0x08000d48   Section        0  system_at32f435_437.o(.text.SystemInit)
    [Anonymous Symbol]                       0x08000e00   Section        0  at32f435_437_int.o(.text.USART1_IRQHandler)
    [Anonymous Symbol]                       0x08000e04   Section        0  at32f435_437_int.o(.text.UsageFault_Handler)
    __NVIC_EnableIRQ                         0x08000e09   Thumb Code    48  at32f435_437_misc.o(.text.__NVIC_EnableIRQ)
    [Anonymous Symbol]                       0x08000e08   Section        0  at32f435_437_misc.o(.text.__NVIC_EnableIRQ)
    __NVIC_GetPriorityGrouping               0x08000e39   Thumb Code    16  at32f435_437_wk_config.o(.text.__NVIC_GetPriorityGrouping)
    [Anonymous Symbol]                       0x08000e38   Section        0  at32f435_437_wk_config.o(.text.__NVIC_GetPriorityGrouping)
    __NVIC_GetPriorityGrouping               0x08000e49   Thumb Code    16  at32f435_437_misc.o(.text.__NVIC_GetPriorityGrouping)
    [Anonymous Symbol]                       0x08000e48   Section        0  at32f435_437_misc.o(.text.__NVIC_GetPriorityGrouping)
    __NVIC_SetPriority                       0x08000e59   Thumb Code    66  at32f435_437_wk_config.o(.text.__NVIC_SetPriority)
    [Anonymous Symbol]                       0x08000e58   Section        0  at32f435_437_wk_config.o(.text.__NVIC_SetPriority)
    __NVIC_SetPriority                       0x08000e9d   Thumb Code    66  at32f435_437_misc.o(.text.__NVIC_SetPriority)
    [Anonymous Symbol]                       0x08000e9c   Section        0  at32f435_437_misc.o(.text.__NVIC_SetPriority)
    __NVIC_SetPriorityGrouping               0x08000ee1   Thumb Code    60  at32f435_437_misc.o(.text.__NVIC_SetPriorityGrouping)
    [Anonymous Symbol]                       0x08000ee0   Section        0  at32f435_437_misc.o(.text.__NVIC_SetPriorityGrouping)
    asm330lhhx_byte_read                     0x08000f1d   Thumb Code    46  asm330lhhx.o(.text.asm330lhhx_byte_read)
    [Anonymous Symbol]                       0x08000f1c   Section        0  asm330lhhx.o(.text.asm330lhhx_byte_read)
    asm330lhhx_byte_write                    0x08000f4d   Thumb Code    38  asm330lhhx.o(.text.asm330lhhx_byte_write)
    [Anonymous Symbol]                       0x08000f4c   Section        0  asm330lhhx.o(.text.asm330lhhx_byte_write)
    [Anonymous Symbol]                       0x08000f74   Section        0  asm330lhhx.o(.text.asm330lhhx_data)
    asm330lhhx_id                            0x080010b9   Thumb Code    90  asm330lhhx.o(.text.asm330lhhx_id)
    [Anonymous Symbol]                       0x080010b8   Section        0  asm330lhhx.o(.text.asm330lhhx_id)
    [Anonymous Symbol]                       0x08001114   Section        0  asm330lhhx.o(.text.asm330lhhx_init)
    asm330lhhx_mutiRead                      0x08001239   Thumb Code   408  asm330lhhx.o(.text.asm330lhhx_mutiRead)
    [Anonymous Symbol]                       0x08001238   Section        0  asm330lhhx.o(.text.asm330lhhx_mutiRead)
    asm330lhhx_read                          0x080013d1   Thumb Code   210  asm330lhhx.o(.text.asm330lhhx_read)
    [Anonymous Symbol]                       0x080013d0   Section        0  asm330lhhx.o(.text.asm330lhhx_read)
    asm330lhhx_write                         0x080014a5   Thumb Code   208  asm330lhhx.o(.text.asm330lhhx_write)
    [Anonymous Symbol]                       0x080014a4   Section        0  asm330lhhx.o(.text.asm330lhhx_write)
    [Anonymous Symbol]                       0x08001574   Section        0  atspi.o(.text.at_spi_transmit_receive8)
    [Anonymous Symbol]                       0x080015b8   Section        0  atusart.o(.text.at_usart_transmit)
    [Anonymous Symbol]                       0x08001608   Section        0  at32f435_437_crm.o(.text.crm_ahb_div_set)
    [Anonymous Symbol]                       0x08001630   Section        0  at32f435_437_crm.o(.text.crm_apb1_div_set)
    [Anonymous Symbol]                       0x08001658   Section        0  at32f435_437_crm.o(.text.crm_apb2_div_set)
    [Anonymous Symbol]                       0x08001680   Section        0  at32f435_437_crm.o(.text.crm_auto_step_mode_enable)
    [Anonymous Symbol]                       0x080016b8   Section        0  at32f435_437_crm.o(.text.crm_clock_source_enable)
    [Anonymous Symbol]                       0x08001760   Section        0  at32f435_437_crm.o(.text.crm_clocks_freq_get)
    [Anonymous Symbol]                       0x080018d0   Section        0  at32f435_437_crm.o(.text.crm_flag_get)
    [Anonymous Symbol]                       0x08001910   Section        0  at32f435_437_crm.o(.text.crm_hext_stable_wait)
    [Anonymous Symbol]                       0x08001974   Section        0  at32f435_437_crm.o(.text.crm_periph_clock_enable)
    [Anonymous Symbol]                       0x080019c8   Section        0  at32f435_437_crm.o(.text.crm_pll_config)
    [Anonymous Symbol]                       0x08001a4c   Section        0  at32f435_437_crm.o(.text.crm_reset)
    [Anonymous Symbol]                       0x08001ae8   Section        0  at32f435_437_crm.o(.text.crm_sysclk_switch)
    [Anonymous Symbol]                       0x08001b30   Section        0  at32f435_437_crm.o(.text.crm_sysclk_switch_status_get)
    [Anonymous Symbol]                       0x08001b40   Section        0  main.o(.text.dataSend)
    [Anonymous Symbol]                       0x08001ce8   Section        0  at32f435_437_dma.o(.text.dma_channel_enable)
    [Anonymous Symbol]                       0x08001d04   Section        0  at32f435_437_dma.o(.text.dma_default_para_init)
    [Anonymous Symbol]                       0x08001d38   Section        0  at32f435_437_dma.o(.text.dma_init)
    [Anonymous Symbol]                       0x08001e00   Section        0  at32f435_437_dma.o(.text.dma_reset)
    [Anonymous Symbol]                       0x08001ea8   Section        0  at32f435_437_dma.o(.text.dmamux_enable)
    [Anonymous Symbol]                       0x08001ec8   Section        0  at32f435_437_dma.o(.text.dmamux_init)
    [Anonymous Symbol]                       0x08001ee4   Section        0  errorcor.o(.text.errorcor)
    [Anonymous Symbol]                       0x08002208   Section        0  at32f435_437_gpio.o(.text.gpio_bits_set)
    [Anonymous Symbol]                       0x0800221c   Section        0  at32f435_437_gpio.o(.text.gpio_default_para_init)
    [Anonymous Symbol]                       0x08002240   Section        0  at32f435_437_gpio.o(.text.gpio_init)
    [Anonymous Symbol]                       0x08002328   Section        0  at32f435_437_gpio.o(.text.gpio_pin_mux_config)
    [Anonymous Symbol]                       0x080023b0   Section        0  errorcor.o(.text.gyro_calibration)
    [Anonymous Symbol]                       0x08002864   Section        0  main.o(.text.main)
    [Anonymous Symbol]                       0x08002a78   Section        0  main.o(.text.mean)
    [Anonymous Symbol]                       0x08002ac8   Section        0  at32f435_437_misc.o(.text.nvic_irq_enable)
    [Anonymous Symbol]                       0x08002afc   Section        0  at32f435_437_misc.o(.text.nvic_priority_group_config)
    [Anonymous Symbol]                       0x08002b10   Section        0  at32f435_437_spi.o(.text.spi_default_para_init)
    [Anonymous Symbol]                       0x08002b3c   Section        0  at32f435_437_spi.o(.text.spi_enable)
    [Anonymous Symbol]                       0x08002b60   Section        0  at32f435_437_spi.o(.text.spi_init)
    [Anonymous Symbol]                       0x08002d58   Section        0  system_at32f435_437.o(.text.system_core_clock_update)
    [Anonymous Symbol]                       0x08002ea8   Section        0  at32f435_437_misc.o(.text.systick_clock_source_config)
    [Anonymous Symbol]                       0x08002ee0   Section        0  at32f435_437_usart.o(.text.usart_dma_transmitter_enable)
    [Anonymous Symbol]                       0x08002f04   Section        0  at32f435_437_usart.o(.text.usart_enable)
    [Anonymous Symbol]                       0x08002f28   Section        0  at32f435_437_usart.o(.text.usart_hardware_flow_control_set)
    [Anonymous Symbol]                       0x08002fb8   Section        0  at32f435_437_usart.o(.text.usart_init)
    [Anonymous Symbol]                       0x080030d8   Section        0  at32f435_437_usart.o(.text.usart_interrupt_enable)
    [Anonymous Symbol]                       0x08003120   Section        0  at32f435_437_usart.o(.text.usart_parity_selection_config)
    [Anonymous Symbol]                       0x08003190   Section        0  at32f435_437_usart.o(.text.usart_receiver_enable)
    [Anonymous Symbol]                       0x080031b4   Section        0  at32f435_437_usart.o(.text.usart_transmitter_enable)
    [Anonymous Symbol]                       0x080031d8   Section        0  wk_system.o(.text.wk_delay_ms)
    [Anonymous Symbol]                       0x0800320c   Section        0  at32f435_437_wk_config.o(.text.wk_dma1_channel1_init)
    [Anonymous Symbol]                       0x080032d0   Section        0  at32f435_437_wk_config.o(.text.wk_dma_channel_config)
    [Anonymous Symbol]                       0x080032f4   Section        0  at32f435_437_wk_config.o(.text.wk_gpio_config)
    [Anonymous Symbol]                       0x080033d0   Section        0  at32f435_437_wk_config.o(.text.wk_nvic_config)
    [Anonymous Symbol]                       0x08003400   Section        0  at32f435_437_wk_config.o(.text.wk_periph_clock_config)
    [Anonymous Symbol]                       0x08003468   Section        0  at32f435_437_wk_config.o(.text.wk_spi1_init)
    [Anonymous Symbol]                       0x08003628   Section        0  at32f435_437_wk_config.o(.text.wk_system_clock_config)
    [Anonymous Symbol]                       0x0800370c   Section        0  wk_system.o(.text.wk_timebase_get)
    [Anonymous Symbol]                       0x08003718   Section        0  wk_system.o(.text.wk_timebase_handler)
    [Anonymous Symbol]                       0x08003720   Section        0  wk_system.o(.text.wk_timebase_increase)
    [Anonymous Symbol]                       0x08003730   Section        0  wk_system.o(.text.wk_timebase_init)
    [Anonymous Symbol]                       0x0800378c   Section        0  at32f435_437_wk_config.o(.text.wk_usart1_init)
    $v0                                      0x080038fc   Number         0  d2f.o(x$fpl$d2f)
    x$fpl$d2f                                0x080038fc   Section       98  d2f.o(x$fpl$d2f)
    $v0                                      0x0800395e   Number         0  dflt_clz.o(x$fpl$dflt)
    x$fpl$dflt                               0x0800395e   Section       46  dflt_clz.o(x$fpl$dflt)
    $v0                                      0x0800398c   Number         0  dnaninf.o(x$fpl$dnaninf)
    x$fpl$dnaninf                            0x0800398c   Section      156  dnaninf.o(x$fpl$dnaninf)
    $v0                                      0x08003a28   Number         0  fpinit.o(x$fpl$fpinit)
    x$fpl$fpinit                             0x08003a28   Section       26  fpinit.o(x$fpl$fpinit)
    $v0                                      0x08003a42   Number         0  fretinf.o(x$fpl$fretinf)
    x$fpl$fretinf                            0x08003a42   Section       10  fretinf.o(x$fpl$fretinf)
    .L__const.SixPosition_cor.acc_scale      0x08003a4c   Data          12  errorcor.o(.rodata..L__const.SixPosition_cor.acc_scale)
    x$fpl$usenofp                            0x08003a4c   Section        0  usenofp.o(x$fpl$usenofp)
    .L__const.SixPosition_cor.acc_scale.1    0x08003a58   Data          12  errorcor.o(.rodata..L__const.SixPosition_cor.acc_scale.1)
    .L__const.SixPosition_cor.acc_scale.2    0x08003a64   Data          12  errorcor.o(.rodata..L__const.SixPosition_cor.acc_scale.2)
    .L__const.SixPosition_cor.acc_scale.3    0x08003a70   Data          12  errorcor.o(.rodata..L__const.SixPosition_cor.acc_scale.3)
    .L__const.SixPosition_cor.acc_scale.4    0x08003a7c   Data          12  errorcor.o(.rodata..L__const.SixPosition_cor.acc_scale.4)
    .L__const.gyro_calibration.gyro_scale    0x08003a88   Data          12  errorcor.o(.rodata..L__const.gyro_calibration.gyro_scale)
    .L__const.gyro_calibration.gyro_scale.5  0x08003a94   Data          12  errorcor.o(.rodata..L__const.gyro_calibration.gyro_scale.5)
    .L__const.gyro_calibration.gyro_scale.6  0x08003aa0   Data          12  errorcor.o(.rodata..L__const.gyro_calibration.gyro_scale.6)
    .L__const.gyro_calibration.gyro_scale.7  0x08003aac   Data          12  errorcor.o(.rodata..L__const.gyro_calibration.gyro_scale.7)
    crm_clocks_freq_get.ahb_apb1_div_table   0x08003ab8   Data           8  at32f435_437_crm.o(.rodata.crm_clocks_freq_get.ahb_apb1_div_table)
    [Anonymous Symbol]                       0x08003ab8   Section        0  at32f435_437_crm.o(.rodata.crm_clocks_freq_get.ahb_apb1_div_table)
    crm_clocks_freq_get.ahb_apb2_div_table   0x08003ac0   Data           8  at32f435_437_crm.o(.rodata.crm_clocks_freq_get.ahb_apb2_div_table)
    [Anonymous Symbol]                       0x08003ac0   Section        0  at32f435_437_crm.o(.rodata.crm_clocks_freq_get.ahb_apb2_div_table)
    crm_clocks_freq_get.pll_fr_table         0x08003ac8   Data           6  at32f435_437_crm.o(.rodata.crm_clocks_freq_get.pll_fr_table)
    [Anonymous Symbol]                       0x08003ac8   Section        0  at32f435_437_crm.o(.rodata.crm_clocks_freq_get.pll_fr_table)
    crm_clocks_freq_get.sclk_ahb_div_table   0x08003ace   Data          16  at32f435_437_crm.o(.rodata.crm_clocks_freq_get.sclk_ahb_div_table)
    [Anonymous Symbol]                       0x08003ace   Section        0  at32f435_437_crm.o(.rodata.crm_clocks_freq_get.sclk_ahb_div_table)
    system_core_clock_update.pll_fr_table    0x08003ade   Data           6  system_at32f435_437.o(.rodata.system_core_clock_update.pll_fr_table)
    [Anonymous Symbol]                       0x08003ade   Section        0  system_at32f435_437.o(.rodata.system_core_clock_update.pll_fr_table)
    system_core_clock_update.sys_ahb_div_table 0x08003ae4   Data          16  system_at32f435_437.o(.rodata.system_core_clock_update.sys_ahb_div_table)
    [Anonymous Symbol]                       0x08003ae4   Section        0  system_at32f435_437.o(.rodata.system_core_clock_update.sys_ahb_div_table)
    .bss                                     0x20000008   Section       96  libspace.o(.bss)
    dataSend.num_send                        0x20000140   Data           4  main.o(.bss.dataSend.num_send)
    [Anonymous Symbol]                       0x20000140   Section        0  main.o(.bss.dataSend.num_send)
    Heap_Mem                                 0x20000188   Data         512  startup_at32f435_437.o(HEAP)
    HEAP                                     0x20000188   Section      512  startup_at32f435_437.o(HEAP)
    Stack_Mem                                0x20000388   Data       65536  startup_at32f435_437.o(STACK)
    STACK                                    0x20000388   Section    65536  startup_at32f435_437.o(STACK)
    __initial_sp                             0x20010388   Data           0  startup_at32f435_437.o(STACK)

    Global Symbols

    Symbol Name                              Value     Ov Type        Size  Object(Section)

    BuildAttributes$$THM_ISAv4$E$P$D$K$B$S$7EM$VFPi3$EXTD16$VFPS$VFMA$PE$A:L22UL41UL21$X:L11$S22US41US21$IEEE1$IW$~IW$USESV6$~STKCKD$USESV7$~SHL$OTIME$ROPI$IEEEJ$EBA8$UX$STANDARDLIB$REQ8$PRES8$EABIv2 0x00000000   Number         0  anon$$obj.o ABSOLUTE
    _printf_flags                            0x00000000   Number         0  printf_stubs.o ABSOLUTE
    _printf_return_value                     0x00000000   Number         0  printf_stubs.o ABSOLUTE
    _printf_sizespec                         0x00000000   Number         0  printf_stubs.o ABSOLUTE
    _printf_widthprec                        0x00000000   Number         0  printf_stubs.o ABSOLUTE
    __ARM_exceptions_init                     - Undefined Weak Reference
    __alloca_initialize                       - Undefined Weak Reference
    __arm_preinit_                            - Undefined Weak Reference
    __cpp_initialize__aeabi_                  - Undefined Weak Reference
    __cxa_finalize                            - Undefined Weak Reference
    __sigvec_lookup                           - Undefined Weak Reference
    _atexit_init                              - Undefined Weak Reference
    _call_atexit_fns                          - Undefined Weak Reference
    _clock_init                               - Undefined Weak Reference
    _fp_trap_init                             - Undefined Weak Reference
    _fp_trap_shutdown                         - Undefined Weak Reference
    _get_lc_collate                           - Undefined Weak Reference
    _get_lc_monetary                          - Undefined Weak Reference
    _get_lc_time                              - Undefined Weak Reference
    _getenv_init                              - Undefined Weak Reference
    _handle_redirection                       - Undefined Weak Reference
    _init_alloc                               - Undefined Weak Reference
    _init_user_alloc                          - Undefined Weak Reference
    _initio                                   - Undefined Weak Reference
    _printf_mbtowc                            - Undefined Weak Reference
    _printf_wc                                - Undefined Weak Reference
    _rand_init                                - Undefined Weak Reference
    _signal_finish                            - Undefined Weak Reference
    _signal_init                              - Undefined Weak Reference
    _terminate_alloc                          - Undefined Weak Reference
    _terminate_user_alloc                     - Undefined Weak Reference
    _terminateio                              - Undefined Weak Reference
    __Vectors_Size                           0x0000020c   Number         0  startup_at32f435_437.o ABSOLUTE
    __Vectors                                0x08000000   Data           4  startup_at32f435_437.o(RESET)
    __Vectors_End                            0x0800020c   Data           0  startup_at32f435_437.o(RESET)
    __main                                   0x0800020d   Thumb Code     8  __main.o(!!!main)
    __scatterload                            0x08000215   Thumb Code     0  __scatter.o(!!!scatter)
    __scatterload_rt2                        0x08000215   Thumb Code    44  __scatter.o(!!!scatter)
    __scatterload_rt2_thumb_only             0x08000215   Thumb Code     0  __scatter.o(!!!scatter)
    __scatterload_null                       0x08000223   Thumb Code     0  __scatter.o(!!!scatter)
    __scatterload_copy                       0x08000249   Thumb Code    26  __scatter_copy.o(!!handler_copy)
    __scatterload_zeroinit                   0x08000265   Thumb Code    28  __scatter_zi.o(!!handler_zi)
    __rt_lib_init                            0x08000281   Thumb Code     0  libinit.o(.ARM.Collect$$libinit$$00000000)
    __rt_lib_init_fp_1                       0x08000283   Thumb Code     0  libinit2.o(.ARM.Collect$$libinit$$00000001)
    __rt_lib_init_alloca_1                   0x08000287   Thumb Code     0  libinit2.o(.ARM.Collect$$libinit$$0000002E)
    __rt_lib_init_argv_1                     0x08000287   Thumb Code     0  libinit2.o(.ARM.Collect$$libinit$$0000002C)
    __rt_lib_init_atexit_1                   0x08000287   Thumb Code     0  libinit2.o(.ARM.Collect$$libinit$$0000001B)
    __rt_lib_init_clock_1                    0x08000287   Thumb Code     0  libinit2.o(.ARM.Collect$$libinit$$00000021)
    __rt_lib_init_cpp_1                      0x08000287   Thumb Code     0  libinit2.o(.ARM.Collect$$libinit$$00000032)
    __rt_lib_init_exceptions_1               0x08000287   Thumb Code     0  libinit2.o(.ARM.Collect$$libinit$$00000030)
    __rt_lib_init_fp_trap_1                  0x08000287   Thumb Code     0  libinit2.o(.ARM.Collect$$libinit$$0000001F)
    __rt_lib_init_getenv_1                   0x08000287   Thumb Code     0  libinit2.o(.ARM.Collect$$libinit$$00000023)
    __rt_lib_init_heap_1                     0x08000287   Thumb Code     0  libinit2.o(.ARM.Collect$$libinit$$0000000A)
    __rt_lib_init_lc_collate_1               0x08000287   Thumb Code     0  libinit2.o(.ARM.Collect$$libinit$$00000011)
    __rt_lib_init_lc_ctype_1                 0x08000287   Thumb Code     0  libinit2.o(.ARM.Collect$$libinit$$00000013)
    __rt_lib_init_lc_monetary_1              0x08000287   Thumb Code     0  libinit2.o(.ARM.Collect$$libinit$$00000015)
    __rt_lib_init_lc_numeric_1               0x08000287   Thumb Code     0  libinit2.o(.ARM.Collect$$libinit$$00000017)
    __rt_lib_init_lc_time_1                  0x08000287   Thumb Code     0  libinit2.o(.ARM.Collect$$libinit$$00000019)
    __rt_lib_init_preinit_1                  0x08000287   Thumb Code     0  libinit2.o(.ARM.Collect$$libinit$$00000004)
    __rt_lib_init_rand_1                     0x08000287   Thumb Code     0  libinit2.o(.ARM.Collect$$libinit$$0000000E)
    __rt_lib_init_return                     0x08000287   Thumb Code     0  libinit2.o(.ARM.Collect$$libinit$$00000033)
    __rt_lib_init_signal_1                   0x08000287   Thumb Code     0  libinit2.o(.ARM.Collect$$libinit$$0000001D)
    __rt_lib_init_stdio_1                    0x08000287   Thumb Code     0  libinit2.o(.ARM.Collect$$libinit$$00000025)
    __rt_lib_init_user_alloc_1               0x08000287   Thumb Code     0  libinit2.o(.ARM.Collect$$libinit$$0000000C)
    __rt_lib_shutdown                        0x08000289   Thumb Code     0  libshutdown.o(.ARM.Collect$$libshutdown$$00000000)
    __rt_lib_shutdown_cpp_1                  0x0800028b   Thumb Code     0  libshutdown2.o(.ARM.Collect$$libshutdown$$00000002)
    __rt_lib_shutdown_fp_trap_1              0x0800028b   Thumb Code     0  libshutdown2.o(.ARM.Collect$$libshutdown$$00000007)
    __rt_lib_shutdown_heap_1                 0x0800028b   Thumb Code     0  libshutdown2.o(.ARM.Collect$$libshutdown$$0000000F)
    __rt_lib_shutdown_return                 0x0800028b   Thumb Code     0  libshutdown2.o(.ARM.Collect$$libshutdown$$00000010)
    __rt_lib_shutdown_signal_1               0x0800028b   Thumb Code     0  libshutdown2.o(.ARM.Collect$$libshutdown$$0000000A)
    __rt_lib_shutdown_stdio_1                0x0800028b   Thumb Code     0  libshutdown2.o(.ARM.Collect$$libshutdown$$00000004)
    __rt_lib_shutdown_user_alloc_1           0x0800028b   Thumb Code     0  libshutdown2.o(.ARM.Collect$$libshutdown$$0000000C)
    __rt_entry                               0x0800028d   Thumb Code     0  __rtentry.o(.ARM.Collect$$rtentry$$00000000)
    __rt_entry_presh_1                       0x0800028d   Thumb Code     0  __rtentry2.o(.ARM.Collect$$rtentry$$00000002)
    __rt_entry_sh                            0x0800028d   Thumb Code     0  __rtentry4.o(.ARM.Collect$$rtentry$$00000004)
    __rt_entry_li                            0x08000293   Thumb Code     0  __rtentry2.o(.ARM.Collect$$rtentry$$0000000A)
    __rt_entry_postsh_1                      0x08000293   Thumb Code     0  __rtentry2.o(.ARM.Collect$$rtentry$$00000009)
    __rt_entry_main                          0x08000297   Thumb Code     0  __rtentry2.o(.ARM.Collect$$rtentry$$0000000D)
    __rt_entry_postli_1                      0x08000297   Thumb Code     0  __rtentry2.o(.ARM.Collect$$rtentry$$0000000C)
    __rt_exit                                0x0800029f   Thumb Code     0  rtexit.o(.ARM.Collect$$rtexit$$00000000)
    __rt_exit_ls                             0x080002a1   Thumb Code     0  rtexit2.o(.ARM.Collect$$rtexit$$00000003)
    __rt_exit_prels_1                        0x080002a1   Thumb Code     0  rtexit2.o(.ARM.Collect$$rtexit$$00000002)
    __rt_exit_exit                           0x080002a5   Thumb Code     0  rtexit2.o(.ARM.Collect$$rtexit$$00000004)
    Reset_Handler                            0x080002ad   Thumb Code     8  startup_at32f435_437.o(.text)
    ACC_IRQHandler                           0x080002c7   Thumb Code     0  startup_at32f435_437.o(.text)
    ADC1_2_3_IRQHandler                      0x080002c7   Thumb Code     0  startup_at32f435_437.o(.text)
    CAN1_RX0_IRQHandler                      0x080002c7   Thumb Code     0  startup_at32f435_437.o(.text)
    CAN1_RX1_IRQHandler                      0x080002c7   Thumb Code     0  startup_at32f435_437.o(.text)
    CAN1_SE_IRQHandler                       0x080002c7   Thumb Code     0  startup_at32f435_437.o(.text)
    CAN1_TX_IRQHandler                       0x080002c7   Thumb Code     0  startup_at32f435_437.o(.text)
    CAN2_RX0_IRQHandler                      0x080002c7   Thumb Code     0  startup_at32f435_437.o(.text)
    CAN2_RX1_IRQHandler                      0x080002c7   Thumb Code     0  startup_at32f435_437.o(.text)
    CAN2_SE_IRQHandler                       0x080002c7   Thumb Code     0  startup_at32f435_437.o(.text)
    CAN2_TX_IRQHandler                       0x080002c7   Thumb Code     0  startup_at32f435_437.o(.text)
    CRM_IRQHandler                           0x080002c7   Thumb Code     0  startup_at32f435_437.o(.text)
    DMA1_Channel1_IRQHandler                 0x080002c7   Thumb Code     0  startup_at32f435_437.o(.text)
    DMA1_Channel2_IRQHandler                 0x080002c7   Thumb Code     0  startup_at32f435_437.o(.text)
    DMA1_Channel3_IRQHandler                 0x080002c7   Thumb Code     0  startup_at32f435_437.o(.text)
    DMA1_Channel4_IRQHandler                 0x080002c7   Thumb Code     0  startup_at32f435_437.o(.text)
    DMA1_Channel5_IRQHandler                 0x080002c7   Thumb Code     0  startup_at32f435_437.o(.text)
    DMA1_Channel6_IRQHandler                 0x080002c7   Thumb Code     0  startup_at32f435_437.o(.text)
    DMA1_Channel7_IRQHandler                 0x080002c7   Thumb Code     0  startup_at32f435_437.o(.text)
    DMA2_Channel1_IRQHandler                 0x080002c7   Thumb Code     0  startup_at32f435_437.o(.text)
    DMA2_Channel2_IRQHandler                 0x080002c7   Thumb Code     0  startup_at32f435_437.o(.text)
    DMA2_Channel3_IRQHandler                 0x080002c7   Thumb Code     0  startup_at32f435_437.o(.text)
    DMA2_Channel4_IRQHandler                 0x080002c7   Thumb Code     0  startup_at32f435_437.o(.text)
    DMA2_Channel5_IRQHandler                 0x080002c7   Thumb Code     0  startup_at32f435_437.o(.text)
    DMA2_Channel6_IRQHandler                 0x080002c7   Thumb Code     0  startup_at32f435_437.o(.text)
    DMA2_Channel7_IRQHandler                 0x080002c7   Thumb Code     0  startup_at32f435_437.o(.text)
    DMAMUX_IRQHandler                        0x080002c7   Thumb Code     0  startup_at32f435_437.o(.text)
    DVP_IRQHandler                           0x080002c7   Thumb Code     0  startup_at32f435_437.o(.text)
    EDMA_Stream1_IRQHandler                  0x080002c7   Thumb Code     0  startup_at32f435_437.o(.text)
    EDMA_Stream2_IRQHandler                  0x080002c7   Thumb Code     0  startup_at32f435_437.o(.text)
    EDMA_Stream3_IRQHandler                  0x080002c7   Thumb Code     0  startup_at32f435_437.o(.text)
    EDMA_Stream4_IRQHandler                  0x080002c7   Thumb Code     0  startup_at32f435_437.o(.text)
    EDMA_Stream5_IRQHandler                  0x080002c7   Thumb Code     0  startup_at32f435_437.o(.text)
    EDMA_Stream6_IRQHandler                  0x080002c7   Thumb Code     0  startup_at32f435_437.o(.text)
    EDMA_Stream7_IRQHandler                  0x080002c7   Thumb Code     0  startup_at32f435_437.o(.text)
    EDMA_Stream8_IRQHandler                  0x080002c7   Thumb Code     0  startup_at32f435_437.o(.text)
    EMAC_IRQHandler                          0x080002c7   Thumb Code     0  startup_at32f435_437.o(.text)
    EMAC_WKUP_IRQHandler                     0x080002c7   Thumb Code     0  startup_at32f435_437.o(.text)
    ERTCAlarm_IRQHandler                     0x080002c7   Thumb Code     0  startup_at32f435_437.o(.text)
    ERTC_WKUP_IRQHandler                     0x080002c7   Thumb Code     0  startup_at32f435_437.o(.text)
    EXINT0_IRQHandler                        0x080002c7   Thumb Code     0  startup_at32f435_437.o(.text)
    EXINT15_10_IRQHandler                    0x080002c7   Thumb Code     0  startup_at32f435_437.o(.text)
    EXINT1_IRQHandler                        0x080002c7   Thumb Code     0  startup_at32f435_437.o(.text)
    EXINT2_IRQHandler                        0x080002c7   Thumb Code     0  startup_at32f435_437.o(.text)
    EXINT3_IRQHandler                        0x080002c7   Thumb Code     0  startup_at32f435_437.o(.text)
    EXINT4_IRQHandler                        0x080002c7   Thumb Code     0  startup_at32f435_437.o(.text)
    EXINT9_5_IRQHandler                      0x080002c7   Thumb Code     0  startup_at32f435_437.o(.text)
    FLASH_IRQHandler                         0x080002c7   Thumb Code     0  startup_at32f435_437.o(.text)
    FPU_IRQHandler                           0x080002c7   Thumb Code     0  startup_at32f435_437.o(.text)
    I2C1_ERR_IRQHandler                      0x080002c7   Thumb Code     0  startup_at32f435_437.o(.text)
    I2C1_EVT_IRQHandler                      0x080002c7   Thumb Code     0  startup_at32f435_437.o(.text)
    I2C2_ERR_IRQHandler                      0x080002c7   Thumb Code     0  startup_at32f435_437.o(.text)
    I2C2_EVT_IRQHandler                      0x080002c7   Thumb Code     0  startup_at32f435_437.o(.text)
    I2C3_ERR_IRQHandler                      0x080002c7   Thumb Code     0  startup_at32f435_437.o(.text)
    I2C3_EVT_IRQHandler                      0x080002c7   Thumb Code     0  startup_at32f435_437.o(.text)
    OTGFS1_IRQHandler                        0x080002c7   Thumb Code     0  startup_at32f435_437.o(.text)
    OTGFS1_WKUP_IRQHandler                   0x080002c7   Thumb Code     0  startup_at32f435_437.o(.text)
    OTGFS2_IRQHandler                        0x080002c7   Thumb Code     0  startup_at32f435_437.o(.text)
    OTGFS2_WKUP_IRQHandler                   0x080002c7   Thumb Code     0  startup_at32f435_437.o(.text)
    PVM_IRQHandler                           0x080002c7   Thumb Code     0  startup_at32f435_437.o(.text)
    QSPI1_IRQHandler                         0x080002c7   Thumb Code     0  startup_at32f435_437.o(.text)
    QSPI2_IRQHandler                         0x080002c7   Thumb Code     0  startup_at32f435_437.o(.text)
    SDIO1_IRQHandler                         0x080002c7   Thumb Code     0  startup_at32f435_437.o(.text)
    SDIO2_IRQHandler                         0x080002c7   Thumb Code     0  startup_at32f435_437.o(.text)
    SPI1_IRQHandler                          0x080002c7   Thumb Code     0  startup_at32f435_437.o(.text)
    SPI2_I2S2EXT_IRQHandler                  0x080002c7   Thumb Code     0  startup_at32f435_437.o(.text)
    SPI3_I2S3EXT_IRQHandler                  0x080002c7   Thumb Code     0  startup_at32f435_437.o(.text)
    SPI4_IRQHandler                          0x080002c7   Thumb Code     0  startup_at32f435_437.o(.text)
    TAMP_STAMP_IRQHandler                    0x080002c7   Thumb Code     0  startup_at32f435_437.o(.text)
    TMR1_BRK_TMR9_IRQHandler                 0x080002c7   Thumb Code     0  startup_at32f435_437.o(.text)
    TMR1_CH_IRQHandler                       0x080002c7   Thumb Code     0  startup_at32f435_437.o(.text)
    TMR1_OVF_TMR10_IRQHandler                0x080002c7   Thumb Code     0  startup_at32f435_437.o(.text)
    TMR1_TRG_HALL_TMR11_IRQHandler           0x080002c7   Thumb Code     0  startup_at32f435_437.o(.text)
    TMR20_BRK_IRQHandler                     0x080002c7   Thumb Code     0  startup_at32f435_437.o(.text)
    TMR20_CH_IRQHandler                      0x080002c7   Thumb Code     0  startup_at32f435_437.o(.text)
    TMR20_OVF_IRQHandler                     0x080002c7   Thumb Code     0  startup_at32f435_437.o(.text)
    TMR20_TRG_HALL_IRQHandler                0x080002c7   Thumb Code     0  startup_at32f435_437.o(.text)
    TMR2_GLOBAL_IRQHandler                   0x080002c7   Thumb Code     0  startup_at32f435_437.o(.text)
    TMR3_GLOBAL_IRQHandler                   0x080002c7   Thumb Code     0  startup_at32f435_437.o(.text)
    TMR4_GLOBAL_IRQHandler                   0x080002c7   Thumb Code     0  startup_at32f435_437.o(.text)
    TMR5_GLOBAL_IRQHandler                   0x080002c7   Thumb Code     0  startup_at32f435_437.o(.text)
    TMR6_DAC_GLOBAL_IRQHandler               0x080002c7   Thumb Code     0  startup_at32f435_437.o(.text)
    TMR7_GLOBAL_IRQHandler                   0x080002c7   Thumb Code     0  startup_at32f435_437.o(.text)
    TMR8_BRK_TMR12_IRQHandler                0x080002c7   Thumb Code     0  startup_at32f435_437.o(.text)
    TMR8_CH_IRQHandler                       0x080002c7   Thumb Code     0  startup_at32f435_437.o(.text)
    TMR8_OVF_TMR13_IRQHandler                0x080002c7   Thumb Code     0  startup_at32f435_437.o(.text)
    TMR8_TRG_HALL_TMR14_IRQHandler           0x080002c7   Thumb Code     0  startup_at32f435_437.o(.text)
    UART4_IRQHandler                         0x080002c7   Thumb Code     0  startup_at32f435_437.o(.text)
    UART5_IRQHandler                         0x080002c7   Thumb Code     0  startup_at32f435_437.o(.text)
    UART7_IRQHandler                         0x080002c7   Thumb Code     0  startup_at32f435_437.o(.text)
    UART8_IRQHandler                         0x080002c7   Thumb Code     0  startup_at32f435_437.o(.text)
    USART2_IRQHandler                        0x080002c7   Thumb Code     0  startup_at32f435_437.o(.text)
    USART3_IRQHandler                        0x080002c7   Thumb Code     0  startup_at32f435_437.o(.text)
    USART6_IRQHandler                        0x080002c7   Thumb Code     0  startup_at32f435_437.o(.text)
    WWDT_IRQHandler                          0x080002c7   Thumb Code     0  startup_at32f435_437.o(.text)
    XMC_IRQHandler                           0x080002c7   Thumb Code     0  startup_at32f435_437.o(.text)
    __user_initial_stackheap                 0x080002c9   Thumb Code     0  startup_at32f435_437.o(.text)
    __aeabi_uldivmod                         0x080002ed   Thumb Code     0  lludivv7m.o(.text)
    _ll_udiv                                 0x080002ed   Thumb Code   240  lludivv7m.o(.text)
    __aeabi_memclr                           0x080003dd   Thumb Code     0  rt_memclr.o(.text)
    __rt_memclr                              0x080003dd   Thumb Code     0  rt_memclr.o(.text)
    _memset                                  0x080003e1   Thumb Code    64  rt_memclr.o(.text)
    __aeabi_memclr4                          0x08000421   Thumb Code     0  rt_memclr_w.o(.text)
    __aeabi_memclr8                          0x08000421   Thumb Code     0  rt_memclr_w.o(.text)
    __rt_memclr_w                            0x08000421   Thumb Code     0  rt_memclr_w.o(.text)
    _memset_w                                0x08000425   Thumb Code    74  rt_memclr_w.o(.text)
    __use_two_region_memory                  0x0800046f   Thumb Code     2  heapauxi.o(.text)
    __rt_heap_escrow$2region                 0x08000471   Thumb Code     2  heapauxi.o(.text)
    __rt_heap_expand$2region                 0x08000473   Thumb Code     2  heapauxi.o(.text)
    __user_setup_stackheap                   0x08000475   Thumb Code    74  sys_stackheap_outer.o(.text)
    exit                                     0x080004bf   Thumb Code    18  exit.o(.text)
    __user_libspace                          0x080004d1   Thumb Code     8  libspace.o(.text)
    __user_perproc_libspace                  0x080004d1   Thumb Code     0  libspace.o(.text)
    __user_perthread_libspace                0x080004d1   Thumb Code     0  libspace.o(.text)
    _sys_exit                                0x080004d9   Thumb Code     8  sys_exit.o(.text)
    __I$use$semihosting                      0x080004e5   Thumb Code     0  use_no_semi.o(.text)
    __use_no_semihosting_swi                 0x080004e5   Thumb Code     2  use_no_semi.o(.text)
    __semihosting_library_function           0x080004e7   Thumb Code     0  indicate_semi.o(.text)
    ADXL375_Master_Init                      0x080004e9   Thumb Code   106  adxl375.o(.text.ADXL375_Master_Init)
    ADXL375_Master_Read_Regs                 0x08000555   Thumb Code   200  adxl375.o(.text.ADXL375_Master_Read_Regs)
    BusFault_Handler                         0x08000681   Thumb Code     4  at32f435_437_int.o(.text.BusFault_Handler)
    DebugMon_Handler                         0x08000685   Thumb Code     2  at32f435_437_int.o(.text.DebugMon_Handler)
    HardFault_Handler                        0x08000689   Thumb Code     4  at32f435_437_int.o(.text.HardFault_Handler)
    MemManage_Handler                        0x0800068d   Thumb Code     4  at32f435_437_int.o(.text.MemManage_Handler)
    NMI_Handler                              0x08000691   Thumb Code     2  at32f435_437_int.o(.text.NMI_Handler)
    PendSV_Handler                           0x0800076d   Thumb Code     2  at32f435_437_int.o(.text.PendSV_Handler)
    SVC_Handler                              0x08000771   Thumb Code     2  at32f435_437_int.o(.text.SVC_Handler)
    SixPosition_cor                          0x08000775   Thumb Code  1436  errorcor.o(.text.SixPosition_cor)
    SysTick_Handler                          0x08000d11   Thumb Code    56  at32f435_437_int.o(.text.SysTick_Handler)
    SystemInit                               0x08000d49   Thumb Code   184  system_at32f435_437.o(.text.SystemInit)
    USART1_IRQHandler                        0x08000e01   Thumb Code     2  at32f435_437_int.o(.text.USART1_IRQHandler)
    UsageFault_Handler                       0x08000e05   Thumb Code     4  at32f435_437_int.o(.text.UsageFault_Handler)
    asm330lhhx_data                          0x08000f75   Thumb Code   324  asm330lhhx.o(.text.asm330lhhx_data)
    asm330lhhx_init                          0x08001115   Thumb Code   290  asm330lhhx.o(.text.asm330lhhx_init)
    at_spi_transmit_receive8                 0x08001575   Thumb Code    68  atspi.o(.text.at_spi_transmit_receive8)
    at_usart_transmit                        0x080015b9   Thumb Code    78  atusart.o(.text.at_usart_transmit)
    crm_ahb_div_set                          0x08001609   Thumb Code    38  at32f435_437_crm.o(.text.crm_ahb_div_set)
    crm_apb1_div_set                         0x08001631   Thumb Code    38  at32f435_437_crm.o(.text.crm_apb1_div_set)
    crm_apb2_div_set                         0x08001659   Thumb Code    38  at32f435_437_crm.o(.text.crm_apb2_div_set)
    crm_auto_step_mode_enable                0x08001681   Thumb Code    56  at32f435_437_crm.o(.text.crm_auto_step_mode_enable)
    crm_clock_source_enable                  0x080016b9   Thumb Code   166  at32f435_437_crm.o(.text.crm_clock_source_enable)
    crm_clocks_freq_get                      0x08001761   Thumb Code   366  at32f435_437_crm.o(.text.crm_clocks_freq_get)
    crm_flag_get                             0x080018d1   Thumb Code    62  at32f435_437_crm.o(.text.crm_flag_get)
    crm_hext_stable_wait                     0x08001911   Thumb Code   100  at32f435_437_crm.o(.text.crm_hext_stable_wait)
    crm_periph_clock_enable                  0x08001975   Thumb Code    82  at32f435_437_crm.o(.text.crm_periph_clock_enable)
    crm_pll_config                           0x080019c9   Thumb Code   130  at32f435_437_crm.o(.text.crm_pll_config)
    crm_reset                                0x08001a4d   Thumb Code   154  at32f435_437_crm.o(.text.crm_reset)
    crm_sysclk_switch                        0x08001ae9   Thumb Code    70  at32f435_437_crm.o(.text.crm_sysclk_switch)
    crm_sysclk_switch_status_get             0x08001b31   Thumb Code    16  at32f435_437_crm.o(.text.crm_sysclk_switch_status_get)
    dataSend                                 0x08001b41   Thumb Code   424  main.o(.text.dataSend)
    dma_channel_enable                       0x08001ce9   Thumb Code    26  at32f435_437_dma.o(.text.dma_channel_enable)
    dma_default_para_init                    0x08001d05   Thumb Code    50  at32f435_437_dma.o(.text.dma_default_para_init)
    dma_init                                 0x08001d39   Thumb Code   200  at32f435_437_dma.o(.text.dma_init)
    dma_reset                                0x08001e01   Thumb Code   168  at32f435_437_dma.o(.text.dma_reset)
    dmamux_enable                            0x08001ea9   Thumb Code    30  at32f435_437_dma.o(.text.dmamux_enable)
    dmamux_init                              0x08001ec9   Thumb Code    26  at32f435_437_dma.o(.text.dmamux_init)
    errorcor                                 0x08001ee5   Thumb Code   804  errorcor.o(.text.errorcor)
    gpio_bits_set                            0x08002209   Thumb Code    20  at32f435_437_gpio.o(.text.gpio_bits_set)
    gpio_default_para_init                   0x0800221d   Thumb Code    36  at32f435_437_gpio.o(.text.gpio_default_para_init)
    gpio_init                                0x08002241   Thumb Code   232  at32f435_437_gpio.o(.text.gpio_init)
    gpio_pin_mux_config                      0x08002329   Thumb Code   136  at32f435_437_gpio.o(.text.gpio_pin_mux_config)
    gyro_calibration                         0x080023b1   Thumb Code  1202  errorcor.o(.text.gyro_calibration)
    main                                     0x08002865   Thumb Code   532  main.o(.text.main)
    mean                                     0x08002a79   Thumb Code    78  main.o(.text.mean)
    nvic_irq_enable                          0x08002ac9   Thumb Code    52  at32f435_437_misc.o(.text.nvic_irq_enable)
    nvic_priority_group_config               0x08002afd   Thumb Code    20  at32f435_437_misc.o(.text.nvic_priority_group_config)
    spi_default_para_init                    0x08002b11   Thumb Code    44  at32f435_437_spi.o(.text.spi_default_para_init)
    spi_enable                               0x08002b3d   Thumb Code    34  at32f435_437_spi.o(.text.spi_enable)
    spi_init                                 0x08002b61   Thumb Code   502  at32f435_437_spi.o(.text.spi_init)
    system_core_clock_update                 0x08002d59   Thumb Code   336  system_at32f435_437.o(.text.system_core_clock_update)
    systick_clock_source_config              0x08002ea9   Thumb Code    56  at32f435_437_misc.o(.text.systick_clock_source_config)
    usart_dma_transmitter_enable             0x08002ee1   Thumb Code    34  at32f435_437_usart.o(.text.usart_dma_transmitter_enable)
    usart_enable                             0x08002f05   Thumb Code    34  at32f435_437_usart.o(.text.usart_enable)
    usart_hardware_flow_control_set          0x08002f29   Thumb Code   144  at32f435_437_usart.o(.text.usart_hardware_flow_control_set)
    usart_init                               0x08002fb9   Thumb Code   286  at32f435_437_usart.o(.text.usart_init)
    usart_interrupt_enable                   0x080030d9   Thumb Code    72  at32f435_437_usart.o(.text.usart_interrupt_enable)
    usart_parity_selection_config            0x08003121   Thumb Code   110  at32f435_437_usart.o(.text.usart_parity_selection_config)
    usart_receiver_enable                    0x08003191   Thumb Code    34  at32f435_437_usart.o(.text.usart_receiver_enable)
    usart_transmitter_enable                 0x080031b5   Thumb Code    34  at32f435_437_usart.o(.text.usart_transmitter_enable)
    wk_delay_ms                              0x080031d9   Thumb Code    52  wk_system.o(.text.wk_delay_ms)
    wk_dma1_channel1_init                    0x0800320d   Thumb Code   194  at32f435_437_wk_config.o(.text.wk_dma1_channel1_init)
    wk_dma_channel_config                    0x080032d1   Thumb Code    36  at32f435_437_wk_config.o(.text.wk_dma_channel_config)
    wk_gpio_config                           0x080032f5   Thumb Code   220  at32f435_437_wk_config.o(.text.wk_gpio_config)
    wk_nvic_config                           0x080033d1   Thumb Code    48  at32f435_437_wk_config.o(.text.wk_nvic_config)
    wk_periph_clock_config                   0x08003401   Thumb Code   104  at32f435_437_wk_config.o(.text.wk_periph_clock_config)
    wk_spi1_init                             0x08003469   Thumb Code   446  at32f435_437_wk_config.o(.text.wk_spi1_init)
    wk_system_clock_config                   0x08003629   Thumb Code   226  at32f435_437_wk_config.o(.text.wk_system_clock_config)
    wk_timebase_get                          0x0800370d   Thumb Code    12  wk_system.o(.text.wk_timebase_get)
    wk_timebase_handler                      0x08003719   Thumb Code     8  wk_system.o(.text.wk_timebase_handler)
    wk_timebase_increase                     0x08003721   Thumb Code    16  wk_system.o(.text.wk_timebase_increase)
    wk_timebase_init                         0x08003731   Thumb Code    92  wk_system.o(.text.wk_timebase_init)
    wk_usart1_init                           0x0800378d   Thumb Code   368  at32f435_437_wk_config.o(.text.wk_usart1_init)
    __aeabi_d2f                              0x080038fd   Thumb Code     0  d2f.o(x$fpl$d2f)
    _d2f                                     0x080038fd   Thumb Code    98  d2f.o(x$fpl$d2f)
    __aeabi_i2d                              0x0800395f   Thumb Code     0  dflt_clz.o(x$fpl$dflt)
    _dflt                                    0x0800395f   Thumb Code    46  dflt_clz.o(x$fpl$dflt)
    __fpl_dnaninf                            0x0800398d   Thumb Code   156  dnaninf.o(x$fpl$dnaninf)
    _fp_init                                 0x08003a29   Thumb Code    26  fpinit.o(x$fpl$fpinit)
    __fplib_config_fpu_vfp                   0x08003a41   Thumb Code     0  fpinit.o(x$fpl$fpinit)
    __fplib_config_pureend_doubles           0x08003a41   Thumb Code     0  fpinit.o(x$fpl$fpinit)
    __fpl_fretinf                            0x08003a43   Thumb Code    10  fretinf.o(x$fpl$fretinf)
    __I$use$fp                               0x08003a4c   Number         0  usenofp.o(x$fpl$usenofp)
    Region$$Table$$Base                      0x08003af4   Number         0  anon$$obj.o(Region$$Table)
    Region$$Table$$Limit                     0x08003b14   Number         0  anon$$obj.o(Region$$Table)
    system_core_clock                        0x20000000   Data           4  system_at32f435_437.o(.data.system_core_clock)
    __libspace_start                         0x20000008   Data          96  libspace.o(.bss)
    __temporary_stack_top$libspace           0x20000068   Data           0  libspace.o(.bss)
    accx_                                    0x20000068   Data          16  main.o(.bss.accx_)
    accy_                                    0x20000078   Data          16  main.o(.bss.accy_)
    accz_                                    0x20000088   Data          16  main.o(.bss.accz_)
    adxl375_regs_data                        0x20000098   Data          28  adxl375.o(.bss.adxl375_regs_data)
    asm330_data1_                            0x200000b4   Data          28  main.o(.bss.asm330_data1_)
    asm330_data2_                            0x200000d0   Data          28  main.o(.bss.asm330_data2_)
    asm330_data3_                            0x200000ec   Data          28  main.o(.bss.asm330_data3_)
    asm330_data4_                            0x20000108   Data          28  main.o(.bss.asm330_data4_)
    asm330_data_mean_                        0x20000124   Data          28  main.o(.bss.asm330_data_mean_)
    gyrox_                                   0x20000144   Data          16  main.o(.bss.gyrox_)
    gyroy_                                   0x20000154   Data          16  main.o(.bss.gyroy_)
    gyroz_                                   0x20000164   Data          16  main.o(.bss.gyroz_)
    imu_data                                 0x20000174   Data           6  adxl375.o(.bss.imu_data)
    timebase_ticks                           0x2000017c   Data           4  wk_system.o(.bss.timebase_ticks)
    timer5ms                                 0x20000180   Data           1  at32f435_437_int.o(.bss.timer5ms)
    timerCnt                                 0x20000181   Data           1  at32f435_437_int.o(.bss.timerCnt)



==============================================================================

Memory Map of the image

  Image Entry point : 0x0800020d

  Load Region LR_IROM1 (Base: 0x08000000, Size: 0x00003b20, Max: 0x003f0000, ABSOLUTE)

    Execution Region ER_IROM1 (Exec base: 0x08000000, Load base: 0x08000000, Size: 0x00003b14, Max: 0x003f0000, ABSOLUTE)

    Exec Addr    Load Addr    Size         Type   Attr      Idx    E Section Name        Object

    0x08000000   0x08000000   0x0000020c   Data   RO         1722    RESET               startup_at32f435_437.o
    0x0800020c   0x0800020c   0x00000008   Code   RO         1913  * !!!main             c_w.l(__main.o)
    0x08000214   0x08000214   0x00000034   Code   RO         2276    !!!scatter          c_w.l(__scatter.o)
    0x08000248   0x08000248   0x0000001a   Code   RO         2278    !!handler_copy      c_w.l(__scatter_copy.o)
    0x08000262   0x08000262   0x00000002   PAD
    0x08000264   0x08000264   0x0000001c   Code   RO         2280    !!handler_zi        c_w.l(__scatter_zi.o)
    0x08000280   0x08000280   0x00000002   Code   RO         2127    .ARM.Collect$$libinit$$00000000  c_w.l(libinit.o)
    0x08000282   0x08000282   0x00000004   Code   RO         2150    .ARM.Collect$$libinit$$00000001  c_w.l(libinit2.o)
    0x08000286   0x08000286   0x00000000   Code   RO         2153    .ARM.Collect$$libinit$$00000004  c_w.l(libinit2.o)
    0x08000286   0x08000286   0x00000000   Code   RO         2156    .ARM.Collect$$libinit$$0000000A  c_w.l(libinit2.o)
    0x08000286   0x08000286   0x00000000   Code   RO         2158    .ARM.Collect$$libinit$$0000000C  c_w.l(libinit2.o)
    0x08000286   0x08000286   0x00000000   Code   RO         2160    .ARM.Collect$$libinit$$0000000E  c_w.l(libinit2.o)
    0x08000286   0x08000286   0x00000000   Code   RO         2163    .ARM.Collect$$libinit$$00000011  c_w.l(libinit2.o)
    0x08000286   0x08000286   0x00000000   Code   RO         2165    .ARM.Collect$$libinit$$00000013  c_w.l(libinit2.o)
    0x08000286   0x08000286   0x00000000   Code   RO         2167    .ARM.Collect$$libinit$$00000015  c_w.l(libinit2.o)
    0x08000286   0x08000286   0x00000000   Code   RO         2169    .ARM.Collect$$libinit$$00000017  c_w.l(libinit2.o)
    0x08000286   0x08000286   0x00000000   Code   RO         2171    .ARM.Collect$$libinit$$00000019  c_w.l(libinit2.o)
    0x08000286   0x08000286   0x00000000   Code   RO         2173    .ARM.Collect$$libinit$$0000001B  c_w.l(libinit2.o)
    0x08000286   0x08000286   0x00000000   Code   RO         2175    .ARM.Collect$$libinit$$0000001D  c_w.l(libinit2.o)
    0x08000286   0x08000286   0x00000000   Code   RO         2177    .ARM.Collect$$libinit$$0000001F  c_w.l(libinit2.o)
    0x08000286   0x08000286   0x00000000   Code   RO         2179    .ARM.Collect$$libinit$$00000021  c_w.l(libinit2.o)
    0x08000286   0x08000286   0x00000000   Code   RO         2181    .ARM.Collect$$libinit$$00000023  c_w.l(libinit2.o)
    0x08000286   0x08000286   0x00000000   Code   RO         2183    .ARM.Collect$$libinit$$00000025  c_w.l(libinit2.o)
    0x08000286   0x08000286   0x00000000   Code   RO         2187    .ARM.Collect$$libinit$$0000002C  c_w.l(libinit2.o)
    0x08000286   0x08000286   0x00000000   Code   RO         2189    .ARM.Collect$$libinit$$0000002E  c_w.l(libinit2.o)
    0x08000286   0x08000286   0x00000000   Code   RO         2191    .ARM.Collect$$libinit$$00000030  c_w.l(libinit2.o)
    0x08000286   0x08000286   0x00000000   Code   RO         2193    .ARM.Collect$$libinit$$00000032  c_w.l(libinit2.o)
    0x08000286   0x08000286   0x00000002   Code   RO         2194    .ARM.Collect$$libinit$$00000033  c_w.l(libinit2.o)
    0x08000288   0x08000288   0x00000002   Code   RO         2231    .ARM.Collect$$libshutdown$$00000000  c_w.l(libshutdown.o)
    0x0800028a   0x0800028a   0x00000000   Code   RO         2259    .ARM.Collect$$libshutdown$$00000002  c_w.l(libshutdown2.o)
    0x0800028a   0x0800028a   0x00000000   Code   RO         2261    .ARM.Collect$$libshutdown$$00000004  c_w.l(libshutdown2.o)
    0x0800028a   0x0800028a   0x00000000   Code   RO         2264    .ARM.Collect$$libshutdown$$00000007  c_w.l(libshutdown2.o)
    0x0800028a   0x0800028a   0x00000000   Code   RO         2267    .ARM.Collect$$libshutdown$$0000000A  c_w.l(libshutdown2.o)
    0x0800028a   0x0800028a   0x00000000   Code   RO         2269    .ARM.Collect$$libshutdown$$0000000C  c_w.l(libshutdown2.o)
    0x0800028a   0x0800028a   0x00000000   Code   RO         2272    .ARM.Collect$$libshutdown$$0000000F  c_w.l(libshutdown2.o)
    0x0800028a   0x0800028a   0x00000002   Code   RO         2273    .ARM.Collect$$libshutdown$$00000010  c_w.l(libshutdown2.o)
    0x0800028c   0x0800028c   0x00000000   Code   RO         1925    .ARM.Collect$$rtentry$$00000000  c_w.l(__rtentry.o)
    0x0800028c   0x0800028c   0x00000000   Code   RO         2039    .ARM.Collect$$rtentry$$00000002  c_w.l(__rtentry2.o)
    0x0800028c   0x0800028c   0x00000006   Code   RO         2051    .ARM.Collect$$rtentry$$00000004  c_w.l(__rtentry4.o)
    0x08000292   0x08000292   0x00000000   Code   RO         2041    .ARM.Collect$$rtentry$$00000009  c_w.l(__rtentry2.o)
    0x08000292   0x08000292   0x00000004   Code   RO         2042    .ARM.Collect$$rtentry$$0000000A  c_w.l(__rtentry2.o)
    0x08000296   0x08000296   0x00000000   Code   RO         2044    .ARM.Collect$$rtentry$$0000000C  c_w.l(__rtentry2.o)
    0x08000296   0x08000296   0x00000008   Code   RO         2045    .ARM.Collect$$rtentry$$0000000D  c_w.l(__rtentry2.o)
    0x0800029e   0x0800029e   0x00000002   Code   RO         2135    .ARM.Collect$$rtexit$$00000000  c_w.l(rtexit.o)
    0x080002a0   0x080002a0   0x00000000   Code   RO         2200    .ARM.Collect$$rtexit$$00000002  c_w.l(rtexit2.o)
    0x080002a0   0x080002a0   0x00000004   Code   RO         2201    .ARM.Collect$$rtexit$$00000003  c_w.l(rtexit2.o)
    0x080002a4   0x080002a4   0x00000006   Code   RO         2202    .ARM.Collect$$rtexit$$00000004  c_w.l(rtexit2.o)
    0x080002aa   0x080002aa   0x00000002   PAD
    0x080002ac   0x080002ac   0x00000040   Code   RO         1723    .text               startup_at32f435_437.o
    0x080002ec   0x080002ec   0x000000f0   Code   RO         1901    .text               c_w.l(lludivv7m.o)
    0x080003dc   0x080003dc   0x00000044   Code   RO         1907    .text               c_w.l(rt_memclr.o)
    0x08000420   0x08000420   0x0000004e   Code   RO         1909    .text               c_w.l(rt_memclr_w.o)
    0x0800046e   0x0800046e   0x00000006   Code   RO         1911    .text               c_w.l(heapauxi.o)
    0x08000474   0x08000474   0x0000004a   Code   RO         2075    .text               c_w.l(sys_stackheap_outer.o)
    0x080004be   0x080004be   0x00000012   Code   RO         2116    .text               c_w.l(exit.o)
    0x080004d0   0x080004d0   0x00000008   Code   RO         2132    .text               c_w.l(libspace.o)
    0x080004d8   0x080004d8   0x0000000c   Code   RO         2195    .text               c_w.l(sys_exit.o)
    0x080004e4   0x080004e4   0x00000002   Code   RO         2220    .text               c_w.l(use_no_semi.o)
    0x080004e6   0x080004e6   0x00000000   Code   RO         2222    .text               c_w.l(indicate_semi.o)
    0x080004e6   0x080004e6   0x00000002   PAD
    0x080004e8   0x080004e8   0x0000006a   Code   RO         1844    .text.ADXL375_Master_Init  adxl375.o
    0x08000552   0x08000552   0x00000002   PAD
    0x08000554   0x08000554   0x000000c8   Code   RO         1848    .text.ADXL375_Master_Read_Regs  adxl375.o
    0x0800061c   0x0800061c   0x0000002a   Code   RO         1842    .text.ADXL375_ReadWriteByte  adxl375.o
    0x08000646   0x08000646   0x00000002   PAD
    0x08000648   0x08000648   0x00000038   Code   RO         1846    .text.ADXL375_Write_Reg  adxl375.o
    0x08000680   0x08000680   0x00000004   Code   RO            8    .text.BusFault_Handler  at32f435_437_int.o
    0x08000684   0x08000684   0x00000002   Code   RO           14    .text.DebugMon_Handler  at32f435_437_int.o
    0x08000686   0x08000686   0x00000002   PAD
    0x08000688   0x08000688   0x00000004   Code   RO            4    .text.HardFault_Handler  at32f435_437_int.o
    0x0800068c   0x0800068c   0x00000004   Code   RO            6    .text.MemManage_Handler  at32f435_437_int.o
    0x08000690   0x08000690   0x00000002   Code   RO            2    .text.NMI_Handler   at32f435_437_int.o
    0x08000692   0x08000692   0x00000002   PAD
    0x08000694   0x08000694   0x0000006c   Code   RO           39    .text.NVIC_EncodePriority  at32f435_437_wk_config.o
    0x08000700   0x08000700   0x0000006c   Code   RO         1057    .text.NVIC_EncodePriority  at32f435_437_misc.o
    0x0800076c   0x0800076c   0x00000002   Code   RO           16    .text.PendSV_Handler  at32f435_437_int.o
    0x0800076e   0x0800076e   0x00000002   PAD
    0x08000770   0x08000770   0x00000002   Code   RO           12    .text.SVC_Handler   at32f435_437_int.o
    0x08000772   0x08000772   0x00000002   PAD
    0x08000774   0x08000774   0x0000059c   Code   RO         1809    .text.SixPosition_cor  errorcor.o
    0x08000d10   0x08000d10   0x00000038   Code   RO           18    .text.SysTick_Handler  at32f435_437_int.o
    0x08000d48   0x08000d48   0x000000b8   Code   RO         1730    .text.SystemInit    system_at32f435_437.o
    0x08000e00   0x08000e00   0x00000002   Code   RO           20    .text.USART1_IRQHandler  at32f435_437_int.o
    0x08000e02   0x08000e02   0x00000002   PAD
    0x08000e04   0x08000e04   0x00000004   Code   RO           10    .text.UsageFault_Handler  at32f435_437_int.o
    0x08000e08   0x08000e08   0x00000030   Code   RO         1063    .text.__NVIC_EnableIRQ  at32f435_437_misc.o
    0x08000e38   0x08000e38   0x00000010   Code   RO           41    .text.__NVIC_GetPriorityGrouping  at32f435_437_wk_config.o
    0x08000e48   0x08000e48   0x00000010   Code   RO         1059    .text.__NVIC_GetPriorityGrouping  at32f435_437_misc.o
    0x08000e58   0x08000e58   0x00000042   Code   RO           37    .text.__NVIC_SetPriority  at32f435_437_wk_config.o
    0x08000e9a   0x08000e9a   0x00000002   PAD
    0x08000e9c   0x08000e9c   0x00000042   Code   RO         1061    .text.__NVIC_SetPriority  at32f435_437_misc.o
    0x08000ede   0x08000ede   0x00000002   PAD
    0x08000ee0   0x08000ee0   0x0000003c   Code   RO         1071    .text.__NVIC_SetPriorityGrouping  at32f435_437_misc.o
    0x08000f1c   0x08000f1c   0x0000002e   Code   RO         1800    .text.asm330lhhx_byte_read  asm330lhhx.o
    0x08000f4a   0x08000f4a   0x00000002   PAD
    0x08000f4c   0x08000f4c   0x00000026   Code   RO         1796    .text.asm330lhhx_byte_write  asm330lhhx.o
    0x08000f72   0x08000f72   0x00000002   PAD
    0x08000f74   0x08000f74   0x00000144   Code   RO         1792    .text.asm330lhhx_data  asm330lhhx.o
    0x080010b8   0x080010b8   0x0000005a   Code   RO         1788    .text.asm330lhhx_id  asm330lhhx.o
    0x08001112   0x08001112   0x00000002   PAD
    0x08001114   0x08001114   0x00000122   Code   RO         1786    .text.asm330lhhx_init  asm330lhhx.o
    0x08001236   0x08001236   0x00000002   PAD
    0x08001238   0x08001238   0x00000198   Code   RO         1794    .text.asm330lhhx_mutiRead  asm330lhhx.o
    0x080013d0   0x080013d0   0x000000d2   Code   RO         1798    .text.asm330lhhx_read  asm330lhhx.o
    0x080014a2   0x080014a2   0x00000002   PAD
    0x080014a4   0x080014a4   0x000000d0   Code   RO         1790    .text.asm330lhhx_write  asm330lhhx.o
    0x08001574   0x08001574   0x00000044   Code   RO         1766    .text.at_spi_transmit_receive8  atspi.o
    0x080015b8   0x080015b8   0x0000004e   Code   RO         1775    .text.at_usart_transmit  atusart.o
    0x08001606   0x08001606   0x00000002   PAD
    0x08001608   0x08001608   0x00000026   Code   RO          374    .text.crm_ahb_div_set  at32f435_437_crm.o
    0x0800162e   0x0800162e   0x00000002   PAD
    0x08001630   0x08001630   0x00000026   Code   RO          376    .text.crm_apb1_div_set  at32f435_437_crm.o
    0x08001656   0x08001656   0x00000002   PAD
    0x08001658   0x08001658   0x00000026   Code   RO          378    .text.crm_apb2_div_set  at32f435_437_crm.o
    0x0800167e   0x0800167e   0x00000002   PAD
    0x08001680   0x08001680   0x00000038   Code   RO          386    .text.crm_auto_step_mode_enable  at32f435_437_crm.o
    0x080016b8   0x080016b8   0x000000a6   Code   RO          366    .text.crm_clock_source_enable  at32f435_437_crm.o
    0x0800175e   0x0800175e   0x00000002   PAD
    0x08001760   0x08001760   0x0000016e   Code   RO          402    .text.crm_clocks_freq_get  at32f435_437_crm.o
    0x080018ce   0x080018ce   0x00000002   PAD
    0x080018d0   0x080018d0   0x0000003e   Code   RO          350    .text.crm_flag_get  at32f435_437_crm.o
    0x0800190e   0x0800190e   0x00000002   PAD
    0x08001910   0x08001910   0x00000064   Code   RO          354    .text.crm_hext_stable_wait  at32f435_437_crm.o
    0x08001974   0x08001974   0x00000052   Code   RO          360    .text.crm_periph_clock_enable  at32f435_437_crm.o
    0x080019c6   0x080019c6   0x00000002   PAD
    0x080019c8   0x080019c8   0x00000082   Code   RO          396    .text.crm_pll_config  at32f435_437_crm.o
    0x08001a4a   0x08001a4a   0x00000002   PAD
    0x08001a4c   0x08001a4c   0x0000009a   Code   RO          344    .text.crm_reset     at32f435_437_crm.o
    0x08001ae6   0x08001ae6   0x00000002   PAD
    0x08001ae8   0x08001ae8   0x00000046   Code   RO          398    .text.crm_sysclk_switch  at32f435_437_crm.o
    0x08001b2e   0x08001b2e   0x00000002   PAD
    0x08001b30   0x08001b30   0x00000010   Code   RO          400    .text.crm_sysclk_switch_status_get  at32f435_437_crm.o
    0x08001b40   0x08001b40   0x000001a8   Code   RO           62    .text.dataSend      main.o
    0x08001ce8   0x08001ce8   0x0000001a   Code   RO          493    .text.dma_channel_enable  at32f435_437_dma.o
    0x08001d02   0x08001d02   0x00000002   PAD
    0x08001d04   0x08001d04   0x00000032   Code   RO          501    .text.dma_default_para_init  at32f435_437_dma.o
    0x08001d36   0x08001d36   0x00000002   PAD
    0x08001d38   0x08001d38   0x000000c8   Code   RO          503    .text.dma_init      at32f435_437_dma.o
    0x08001e00   0x08001e00   0x000000a8   Code   RO          485    .text.dma_reset     at32f435_437_dma.o
    0x08001ea8   0x08001ea8   0x0000001e   Code   RO          507    .text.dmamux_enable  at32f435_437_dma.o
    0x08001ec6   0x08001ec6   0x00000002   PAD
    0x08001ec8   0x08001ec8   0x0000001a   Code   RO          509    .text.dmamux_init   at32f435_437_dma.o
    0x08001ee2   0x08001ee2   0x00000002   PAD
    0x08001ee4   0x08001ee4   0x00000324   Code   RO         1813    .text.errorcor      errorcor.o
    0x08002208   0x08002208   0x00000014   Code   RO          941    .text.gpio_bits_set  at32f435_437_gpio.o
    0x0800221c   0x0800221c   0x00000024   Code   RO          931    .text.gpio_default_para_init  at32f435_437_gpio.o
    0x08002240   0x08002240   0x000000e8   Code   RO          929    .text.gpio_init     at32f435_437_gpio.o
    0x08002328   0x08002328   0x00000088   Code   RO          953    .text.gpio_pin_mux_config  at32f435_437_gpio.o
    0x080023b0   0x080023b0   0x000004b2   Code   RO         1811    .text.gyro_calibration  errorcor.o
    0x08002862   0x08002862   0x00000002   PAD
    0x08002864   0x08002864   0x00000214   Code   RO           64    .text.main          main.o
    0x08002a78   0x08002a78   0x0000004e   Code   RO           60    .text.mean          main.o
    0x08002ac6   0x08002ac6   0x00000002   PAD
    0x08002ac8   0x08002ac8   0x00000034   Code   RO         1055    .text.nvic_irq_enable  at32f435_437_misc.o
    0x08002afc   0x08002afc   0x00000014   Code   RO         1069    .text.nvic_priority_group_config  at32f435_437_misc.o
    0x08002b10   0x08002b10   0x0000002c   Code   RO         1256    .text.spi_default_para_init  at32f435_437_spi.o
    0x08002b3c   0x08002b3c   0x00000022   Code   RO         1280    .text.spi_enable    at32f435_437_spi.o
    0x08002b5e   0x08002b5e   0x00000002   PAD
    0x08002b60   0x08002b60   0x000001f6   Code   RO         1258    .text.spi_init      at32f435_437_spi.o
    0x08002d56   0x08002d56   0x00000002   PAD
    0x08002d58   0x08002d58   0x00000150   Code   RO         1732    .text.system_core_clock_update  system_at32f435_437.o
    0x08002ea8   0x08002ea8   0x00000038   Code   RO         1077    .text.systick_clock_source_config  at32f435_437_misc.o
    0x08002ee0   0x08002ee0   0x00000022   Code   RO         1452    .text.usart_dma_transmitter_enable  at32f435_437_usart.o
    0x08002f02   0x08002f02   0x00000002   PAD
    0x08002f04   0x08002f04   0x00000022   Code   RO         1440    .text.usart_enable  at32f435_437_usart.o
    0x08002f26   0x08002f26   0x00000002   PAD
    0x08002f28   0x08002f28   0x00000090   Code   RO         1486    .text.usart_hardware_flow_control_set  at32f435_437_usart.o
    0x08002fb8   0x08002fb8   0x0000011e   Code   RO         1436    .text.usart_init    at32f435_437_usart.o
    0x080030d6   0x080030d6   0x00000002   PAD
    0x080030d8   0x080030d8   0x00000048   Code   RO         1450    .text.usart_interrupt_enable  at32f435_437_usart.o
    0x08003120   0x08003120   0x0000006e   Code   RO         1438    .text.usart_parity_selection_config  at32f435_437_usart.o
    0x0800318e   0x0800318e   0x00000002   PAD
    0x08003190   0x08003190   0x00000022   Code   RO         1444    .text.usart_receiver_enable  at32f435_437_usart.o
    0x080031b2   0x080031b2   0x00000002   PAD
    0x080031b4   0x080031b4   0x00000022   Code   RO         1442    .text.usart_transmitter_enable  at32f435_437_usart.o
    0x080031d6   0x080031d6   0x00000002   PAD
    0x080031d8   0x080031d8   0x00000034   Code   RO          102    .text.wk_delay_ms   wk_system.o
    0x0800320c   0x0800320c   0x000000c2   Code   RO           49    .text.wk_dma1_channel1_init  at32f435_437_wk_config.o
    0x080032ce   0x080032ce   0x00000002   PAD
    0x080032d0   0x080032d0   0x00000024   Code   RO           51    .text.wk_dma_channel_config  at32f435_437_wk_config.o
    0x080032f4   0x080032f4   0x000000dc   Code   RO           43    .text.wk_gpio_config  at32f435_437_wk_config.o
    0x080033d0   0x080033d0   0x00000030   Code   RO           35    .text.wk_nvic_config  at32f435_437_wk_config.o
    0x08003400   0x08003400   0x00000068   Code   RO           33    .text.wk_periph_clock_config  at32f435_437_wk_config.o
    0x08003468   0x08003468   0x000001be   Code   RO           47    .text.wk_spi1_init  at32f435_437_wk_config.o
    0x08003626   0x08003626   0x00000002   PAD
    0x08003628   0x08003628   0x000000e2   Code   RO           31    .text.wk_system_clock_config  at32f435_437_wk_config.o
    0x0800370a   0x0800370a   0x00000002   PAD
    0x0800370c   0x0800370c   0x0000000c   Code   RO          100    .text.wk_timebase_get  wk_system.o
    0x08003718   0x08003718   0x00000008   Code   RO          106    .text.wk_timebase_handler  wk_system.o
    0x08003720   0x08003720   0x00000010   Code   RO           98    .text.wk_timebase_increase  wk_system.o
    0x08003730   0x08003730   0x0000005c   Code   RO          104    .text.wk_timebase_init  wk_system.o
    0x0800378c   0x0800378c   0x00000170   Code   RO           45    .text.wk_usart1_init  at32f435_437_wk_config.o
    0x080038fc   0x080038fc   0x00000062   Code   RO         1915    x$fpl$d2f           fz_wm.l(d2f.o)
    0x0800395e   0x0800395e   0x0000002e   Code   RO         1918    x$fpl$dflt          fz_wm.l(dflt_clz.o)
    0x0800398c   0x0800398c   0x0000009c   Code   RO         2021    x$fpl$dnaninf       fz_wm.l(dnaninf.o)
    0x08003a28   0x08003a28   0x0000001a   Code   RO         2214    x$fpl$fpinit        fz_wm.l(fpinit.o)
    0x08003a42   0x08003a42   0x0000000a   Code   RO         2027    x$fpl$fretinf       fz_wm.l(fretinf.o)
    0x08003a4c   0x08003a4c   0x00000000   Code   RO         2037    x$fpl$usenofp       fz_wm.l(usenofp.o)
    0x08003a4c   0x08003a4c   0x0000000c   Data   RO         1824    .rodata..L__const.SixPosition_cor.acc_scale  errorcor.o
    0x08003a58   0x08003a58   0x0000000c   Data   RO         1825    .rodata..L__const.SixPosition_cor.acc_scale.1  errorcor.o
    0x08003a64   0x08003a64   0x0000000c   Data   RO         1826    .rodata..L__const.SixPosition_cor.acc_scale.2  errorcor.o
    0x08003a70   0x08003a70   0x0000000c   Data   RO         1827    .rodata..L__const.SixPosition_cor.acc_scale.3  errorcor.o
    0x08003a7c   0x08003a7c   0x0000000c   Data   RO         1828    .rodata..L__const.SixPosition_cor.acc_scale.4  errorcor.o
    0x08003a88   0x08003a88   0x0000000c   Data   RO         1829    .rodata..L__const.gyro_calibration.gyro_scale  errorcor.o
    0x08003a94   0x08003a94   0x0000000c   Data   RO         1830    .rodata..L__const.gyro_calibration.gyro_scale.5  errorcor.o
    0x08003aa0   0x08003aa0   0x0000000c   Data   RO         1831    .rodata..L__const.gyro_calibration.gyro_scale.6  errorcor.o
    0x08003aac   0x08003aac   0x0000000c   Data   RO         1832    .rodata..L__const.gyro_calibration.gyro_scale.7  errorcor.o
    0x08003ab8   0x08003ab8   0x00000008   Data   RO          417    .rodata.crm_clocks_freq_get.ahb_apb1_div_table  at32f435_437_crm.o
    0x08003ac0   0x08003ac0   0x00000008   Data   RO          418    .rodata.crm_clocks_freq_get.ahb_apb2_div_table  at32f435_437_crm.o
    0x08003ac8   0x08003ac8   0x00000006   Data   RO          419    .rodata.crm_clocks_freq_get.pll_fr_table  at32f435_437_crm.o
    0x08003ace   0x08003ace   0x00000010   Data   RO          416    .rodata.crm_clocks_freq_get.sclk_ahb_div_table  at32f435_437_crm.o
    0x08003ade   0x08003ade   0x00000006   Data   RO         1736    .rodata.system_core_clock_update.pll_fr_table  system_at32f435_437.o
    0x08003ae4   0x08003ae4   0x00000010   Data   RO         1735    .rodata.system_core_clock_update.sys_ahb_div_table  system_at32f435_437.o
    0x08003af4   0x08003af4   0x00000020   Data   RO         2275    Region$$Table       anon$$obj.o


    Execution Region RW_IRAM1 (Exec base: 0x20000000, Load base: 0x08003b18, Size: 0x00010388, Max: 0x00060000, ABSOLUTE)

    Exec Addr    Load Addr    Size         Type   Attr      Idx    E Section Name        Object

    0x20000000   0x08003b18   0x00000004   Data   RW         1734    .data.system_core_clock  system_at32f435_437.o
    0x20000004   0x08003b1c   0x00000004   PAD
    0x20000008        -       0x00000060   Zero   RW         2133    .bss                c_w.l(libspace.o)
    0x20000068        -       0x00000010   Zero   RW           66    .bss.accx_          main.o
    0x20000078        -       0x00000010   Zero   RW           67    .bss.accy_          main.o
    0x20000088        -       0x00000010   Zero   RW           68    .bss.accz_          main.o
    0x20000098        -       0x0000001c   Zero   RW         1852    .bss.adxl375_regs_data  adxl375.o
    0x200000b4        -       0x0000001c   Zero   RW           80    .bss.asm330_data1_  main.o
    0x200000d0        -       0x0000001c   Zero   RW           81    .bss.asm330_data2_  main.o
    0x200000ec        -       0x0000001c   Zero   RW           82    .bss.asm330_data3_  main.o
    0x20000108        -       0x0000001c   Zero   RW           83    .bss.asm330_data4_  main.o
    0x20000124        -       0x0000001c   Zero   RW           84    .bss.asm330_data_mean_  main.o
    0x20000140        -       0x00000004   Zero   RW           79    .bss.dataSend.num_send  main.o
    0x20000144        -       0x00000010   Zero   RW           69    .bss.gyrox_         main.o
    0x20000154        -       0x00000010   Zero   RW           70    .bss.gyroy_         main.o
    0x20000164        -       0x00000010   Zero   RW           71    .bss.gyroz_         main.o
    0x20000174        -       0x00000006   Zero   RW         1850    .bss.imu_data       adxl375.o
    0x2000017a   0x08003b1c   0x00000002   PAD
    0x2000017c        -       0x00000004   Zero   RW          108    .bss.timebase_ticks  wk_system.o
    0x20000180        -       0x00000001   Zero   RW           22    .bss.timer5ms       at32f435_437_int.o
    0x20000181        -       0x00000001   Zero   RW           23    .bss.timerCnt       at32f435_437_int.o
    0x20000182   0x08003b1c   0x00000006   PAD
    0x20000188        -       0x00000200   Zero   RW         1721    HEAP                startup_at32f435_437.o
    0x20000388        -       0x00010000   Zero   RW         1720    STACK               startup_at32f435_437.o


==============================================================================

Image component sizes


      Code (inc. data)   RO Data    RW Data    ZI Data      Debug   Object Name

       404          4          0          0         34       3892   adxl375.o
      1614         28          0          0          0       5737   asm330lhhx.o
      1316          6         38          0          0      27291   at32f435_437_crm.o
       500          0          0          0          0      15454   at32f435_437_dma.o
       424          0          0          0          0      11958   at32f435_437_gpio.o
        82          0          0          0          2       1334   at32f435_437_int.o
       426          0          0          0          0       7078   at32f435_437_misc.o
       580          0          0          0          0      12859   at32f435_437_spi.o
       748          0          0          0          0      12073   at32f435_437_usart.o
      1832          0          0          0          0      32736   at32f435_437_wk_config.o
        68          0          0          0          0       2954   atspi.o
        78          0          0          0          0       2993   atusart.o
      3442          0        108          0          0       4476   errorcor.o
      1034          0          0          0        240       7309   main.o
        64         26        524          0      66048        860   startup_at32f435_437.o
       520          0         22          4          0      11608   system_at32f435_437.o
       180          0          0          0          4       1734   wk_system.o

    ----------------------------------------------------------------------
     13396         64        724          4      66340     162346   Object Totals
         0          0         32          0          0          0   (incl. Generated)
        84          0          0          0         12          0   (incl. Padding)

    ----------------------------------------------------------------------

      Code (inc. data)   RO Data    RW Data    ZI Data      Debug   Library Member Name

         8          0          0          0          0         68   __main.o
         0          0          0          0          0          0   __rtentry.o
        12          0          0          0          0          0   __rtentry2.o
         6          0          0          0          0          0   __rtentry4.o
        52          8          0          0          0          0   __scatter.o
        26          0          0          0          0          0   __scatter_copy.o
        28          0          0          0          0          0   __scatter_zi.o
        18          0          0          0          0         80   exit.o
         6          0          0          0          0        152   heapauxi.o
         0          0          0          0          0          0   indicate_semi.o
         2          0          0          0          0          0   libinit.o
         6          0          0          0          0          0   libinit2.o
         2          0          0          0          0          0   libshutdown.o
         2          0          0          0          0          0   libshutdown2.o
         8          4          0          0         96         68   libspace.o
       240          0          0          0          0        100   lludivv7m.o
        68          0          0          0          0         68   rt_memclr.o
        78          0          0          0          0         80   rt_memclr_w.o
         2          0          0          0          0          0   rtexit.o
        10          0          0          0          0          0   rtexit2.o
        12          4          0          0          0         68   sys_exit.o
        74          0          0          0          0         80   sys_stackheap_outer.o
         2          0          0          0          0         68   use_no_semi.o
        98          4          0          0          0        140   d2f.o
        46          0          0          0          0        116   dflt_clz.o
       156          4          0          0          0        140   dnaninf.o
        26          0          0          0          0        116   fpinit.o
        10          0          0          0          0        116   fretinf.o
         0          0          0          0          0          0   usenofp.o

    ----------------------------------------------------------------------
      1004         24          0          0         96       1460   Library Totals
         6          0          0          0          0          0   (incl. Padding)

    ----------------------------------------------------------------------

      Code (inc. data)   RO Data    RW Data    ZI Data      Debug   Library Name

       662         16          0          0         96        832   c_w.l
       336          8          0          0          0        628   fz_wm.l

    ----------------------------------------------------------------------
      1004         24          0          0         96       1460   Library Totals

    ----------------------------------------------------------------------

==============================================================================


      Code (inc. data)   RO Data    RW Data    ZI Data      Debug   

     14400         88        724          4      66436     162794   Grand Totals
     14400         88        724          4      66436     162794   ELF Image Totals
     14400         88        724          4          0          0   ROM Totals

==============================================================================

    Total RO  Size (Code + RO Data)                15124 (  14.77kB)
    Total RW  Size (RW Data + ZI Data)             66440 (  64.88kB)
    Total ROM Size (Code + RO Data + RW Data)      15128 (  14.77kB)

==============================================================================

