Component: ARM Compiler 6.16 Tool: armlink [5dfeaa00]

==============================================================================

Section Cross References

    at32f435_437_int.o(.ARM.exidx.text.NMI_Handler) refers to at32f435_437_int.o(.text.NMI_Handler) for [Anonymous Symbol]
    at32f435_437_int.o(.ARM.exidx.text.HardFault_Handler) refers to at32f435_437_int.o(.text.HardFault_Handler) for [Anonymous Symbol]
    at32f435_437_int.o(.ARM.exidx.text.MemManage_Handler) refers to at32f435_437_int.o(.text.MemManage_Handler) for [Anonymous Symbol]
    at32f435_437_int.o(.ARM.exidx.text.BusFault_Handler) refers to at32f435_437_int.o(.text.BusFault_Handler) for [Anonymous Symbol]
    at32f435_437_int.o(.ARM.exidx.text.UsageFault_Handler) refers to at32f435_437_int.o(.text.UsageFault_Handler) for [Anonymous Symbol]
    at32f435_437_int.o(.ARM.exidx.text.SVC_Handler) refers to at32f435_437_int.o(.text.SVC_Handler) for [Anonymous Symbol]
    at32f435_437_int.o(.ARM.exidx.text.DebugMon_Handler) refers to at32f435_437_int.o(.text.DebugMon_Handler) for [Anonymous Symbol]
    at32f435_437_int.o(.ARM.exidx.text.PendSV_Handler) refers to at32f435_437_int.o(.text.PendSV_Handler) for [Anonymous Symbol]
    at32f435_437_int.o(.text.SysTick_Handler) refers to wk_system.o(.text.wk_timebase_handler) for wk_timebase_handler
    at32f435_437_int.o(.text.SysTick_Handler) refers to at32f435_437_int.o(.bss.timerCnt) for timerCnt
    at32f435_437_int.o(.text.SysTick_Handler) refers to at32f435_437_int.o(.bss.timer5ms) for timer5ms
    at32f435_437_int.o(.text.SysTick_Handler) refers to at32f435_437_int.o(.bss.timer10ms) for timer10ms
    at32f435_437_int.o(.ARM.exidx.text.SysTick_Handler) refers to at32f435_437_int.o(.text.SysTick_Handler) for [Anonymous Symbol]
    at32f435_437_int.o(.text.USART1_IRQHandler) refers to at32f435_437_usart.o(.text.usart_interrupt_flag_get) for usart_interrupt_flag_get
    at32f435_437_int.o(.text.USART1_IRQHandler) refers to at32f435_437_usart.o(.text.usart_flag_clear) for usart_flag_clear
    at32f435_437_int.o(.text.USART1_IRQHandler) refers to jump2app.o(.text.jumpToApp) for jumpToApp
    at32f435_437_int.o(.text.USART1_IRQHandler) refers to at32f435_437_int.o(.bss.settingFlag) for settingFlag
    at32f435_437_int.o(.text.USART1_IRQHandler) refers to at32f435_437_int.o(.bss.settingCnt) for settingCnt
    at32f435_437_int.o(.text.USART1_IRQHandler) refers to at32f435_437_int.o(.bss.settingBuf) for settingBuf
    at32f435_437_int.o(.text.USART1_IRQHandler) refers to at32f435_437_int.o(.bss.commandSize_) for commandSize_
    at32f435_437_int.o(.text.USART1_IRQHandler) refers to at32f435_437_int.o(.bss.commandBuf_) for commandBuf_
    at32f435_437_int.o(.text.USART1_IRQHandler) refers to rt_memcpy_v6.o(.text) for __aeabi_memcpy
    at32f435_437_int.o(.text.USART1_IRQHandler) refers to option.o(.text.command_decode) for command_decode
    at32f435_437_int.o(.text.USART1_IRQHandler) refers to at32f435_437_int.o(.bss.cmd_flag) for cmd_flag
    at32f435_437_int.o(.text.USART1_IRQHandler) refers to at32f435_437_int.o(.bss.buff_count) for buff_count
    at32f435_437_int.o(.text.USART1_IRQHandler) refers to at32f435_437_int.o(.bss.srcount) for srcount
    at32f435_437_int.o(.text.USART1_IRQHandler) refers to at32f435_437_int.o(.bss.buff_uart1) for buff_uart1
    at32f435_437_int.o(.text.USART1_IRQHandler) refers to at32f435_437_int.o(.bss.check) for check
    at32f435_437_int.o(.text.USART1_IRQHandler) refers to at32f435_437_int.o(.bss.rcmd_flag) for rcmd_flag
    at32f435_437_int.o(.text.USART1_IRQHandler) refers to at32f435_437_int.o(.bss.buff_head) for buff_head
    at32f435_437_int.o(.text.USART1_IRQHandler) refers to wk_system.o(.text.wk_timebase_get) for wk_timebase_get
    at32f435_437_int.o(.text.USART1_IRQHandler) refers to at32f435_437_int.o(.bss.rbegintime) for rbegintime
    at32f435_437_int.o(.ARM.exidx.text.USART1_IRQHandler) refers to at32f435_437_int.o(.text.USART1_IRQHandler) for [Anonymous Symbol]
    at32f435_437_int.o(.text.EXINT0_IRQHandler) refers to at32f435_437_exint.o(.text.exint_interrupt_flag_get) for exint_interrupt_flag_get
    at32f435_437_int.o(.text.EXINT0_IRQHandler) refers to wk_system.o(.text.wk_timebase_get) for wk_timebase_get
    at32f435_437_int.o(.text.EXINT0_IRQHandler) refers to at32f435_437_int.o(.bss.ir_rise_now) for ir_rise_now
    at32f435_437_int.o(.ARM.exidx.text.EXINT0_IRQHandler) refers to at32f435_437_int.o(.text.EXINT0_IRQHandler) for [Anonymous Symbol]
    at32f435_437_wk_config.o(.text.wk_system_clock_config) refers to at32f435_437_crm.o(.text.crm_reset) for crm_reset
    at32f435_437_wk_config.o(.text.wk_system_clock_config) refers to at32f435_437_crm.o(.text.crm_periph_clock_enable) for crm_periph_clock_enable
    at32f435_437_wk_config.o(.text.wk_system_clock_config) refers to at32f435_437_crm.o(.text.crm_clock_source_enable) for crm_clock_source_enable
[...]
    __rt_lib_init_lc_time_1                  0x08000333   Thumb Code     0  libinit2.o(.ARM.Collect$$libinit$$00000019)
    __rt_lib_init_return                     0x08000333   Thumb Code     0  libinit2.o(.ARM.Collect$$libinit$$00000033)
    __rt_lib_init_signal_1                   0x08000333   Thumb Code     0  libinit2.o(.ARM.Collect$$libinit$$0000001D)
    __rt_lib_init_stdio_1                    0x08000333   Thumb Code     0  libinit2.o(.ARM.Collect$$libinit$$00000025)
    __rt_lib_shutdown                        0x08000335   Thumb Code     0  libshutdown.o(.ARM.Collect$$libshutdown$$00000000)
    __rt_lib_shutdown_cpp_1                  0x08000337   Thumb Code     0  libshutdown2.o(.ARM.Collect$$libshutdown$$00000002)
    __rt_lib_shutdown_fp_trap_1              0x08000337   Thumb Code     0  libshutdown2.o(.ARM.Collect$$libshutdown$$00000007)
    __rt_lib_shutdown_heap_1                 0x08000337   Thumb Code     0  libshutdown2.o(.ARM.Collect$$libshutdown$$0000000F)
    __rt_lib_shutdown_return                 0x08000337   Thumb Code     0  libshutdown2.o(.ARM.Collect$$libshutdown$$00000010)
    __rt_lib_shutdown_signal_1               0x08000337   Thumb Code     0  libshutdown2.o(.ARM.Collect$$libshutdown$$0000000A)
    __rt_lib_shutdown_stdio_1                0x08000337   Thumb Code     0  libshutdown2.o(.ARM.Collect$$libshutdown$$00000004)
    __rt_lib_shutdown_user_alloc_1           0x08000337   Thumb Code     0  libshutdown2.o(.ARM.Collect$$libshutdown$$0000000C)
    __rt_entry                               0x08000339   Thumb Code     0  __rtentry.o(.ARM.Collect$$rtentry$$00000000)
    __rt_entry_presh_1                       0x08000339   Thumb Code     0  __rtentry2.o(.ARM.Collect$$rtentry$$00000002)
    __rt_entry_sh                            0x08000339   Thumb Code     0  __rtentry4.o(.ARM.Collect$$rtentry$$00000004)
    __rt_entry_li                            0x0800033f   Thumb Code     0  __rtentry2.o(.ARM.Collect$$rtentry$$0000000A)
    __rt_entry_postsh_1                      0x0800033f   Thumb Code     0  __rtentry2.o(.ARM.Collect$$rtentry$$00000009)
    __rt_entry_main                          0x08000343   Thumb Code     0  __rtentry2.o(.ARM.Collect$$rtentry$$0000000D)
    __rt_entry_postli_1                      0x08000343   Thumb Code     0  __rtentry2.o(.ARM.Collect$$rtentry$$0000000C)
    __rt_exit                                0x0800034b   Thumb Code     0  rtexit.o(.ARM.Collect$$rtexit$$00000000)
    __rt_exit_ls                             0x0800034d   Thumb Code     0  rtexit2.o(.ARM.Collect$$rtexit$$00000003)
    __rt_exit_prels_1                        0x0800034d   Thumb Code     0  rtexit2.o(.ARM.Collect$$rtexit$$00000002)
    __rt_exit_exit                           0x08000351   Thumb Code     0  rtexit2.o(.ARM.Collect$$rtexit$$00000004)
    Reset_Handler                            0x08000359   Thumb Code     8  startup_at32f435_437.o(.text)
    ACC_IRQHandler                           0x08000373   Thumb Code     0  startup_at32f435_437.o(.text)
    ADC1_2_3_IRQHandler                      0x08000373   Thumb Code     0  startup_at32f435_437.o(.text)
    CAN1_RX0_IRQHandler                      0x08000373   Thumb Code     0  startup_at32f435_437.o(.text)
    CAN1_RX1_IRQHandler                      0x08000373   Thumb Code     0  startup_at32f435_437.o(.text)
    CAN1_SE_IRQHandler                       0x08000373   Thumb Code     0  startup_at32f435_437.o(.text)
    CAN1_TX_IRQHandler                       0x08000373   Thumb Code     0  startup_at32f435_437.o(.text)
    CAN2_RX0_IRQHandler                      0x08000373   Thumb Code     0  startup_at32f435_437.o(.text)
    CAN2_RX1_IRQHandler                      0x08000373   Thumb Code     0  startup_at32f435_437.o(.text)
    CAN2_SE_IRQHandler                       0x08000373   Thumb Code     0  startup_at32f435_437.o(.text)
    CAN2_TX_IRQHandler                       0x08000373   Thumb Code     0  startup_at32f435_437.o(.text)
    CRM_IRQHandler                           0x08000373   Thumb Code     0  startup_at32f435_437.o(.text)
    DMA1_Channel1_IRQHandler                 0x08000373   Thumb Code     0  startup_at32f435_437.o(.text)
    DMA1_Channel2_IRQHandler                 0x08000373   Thumb Code     0  startup_at32f435_437.o(.text)
    DMA1_Channel3_IRQHandler                 0x08000373   Thumb Code     0  startup_at32f435_437.o(.text)
    DMA1_Channel4_IRQHandler                 0x08000373   Thumb Code     0  startup_at32f435_437.o(.text)
    DMA1_Channel5_IRQHandler                 0x08000373   Thumb Code     0  startup_at32f435_437.o(.text)
    DMA1_Channel6_IRQHandler                 0x08000373   Thumb Code     0  startup_at32f435_437.o(.text)
    DMA1_Channel7_IRQHandler                 0x08000373   Thumb Code     0  startup_at32f435_437.o(.text)
    DMA2_Channel1_IRQHandler                 0x08000373   Thumb Code     0  startup_at32f435_437.o(.text)
    DMA2_Channel2_IRQHandler                 0x08000373   Thumb Code     0  startup_at32f435_437.o(.text)
    DMA2_Channel3_IRQHandler                 0x08000373   Thumb Code     0  startup_at32f435_437.o(.text)
    DMA2_Channel4_IRQHandler                 0x08000373   Thumb Code     0  startup_at32f435_437.o(.text)
    DMA2_Channel5_IRQHandler                 0x08000373   Thumb Code     0  startup_at32f435_437.o(.text)
    DMA2_Channel6_IRQHandler                 0x08000373   Thumb Code     0  startup_at32f435_437.o(.text)
    DMA2_Channel7_IRQHandler                 0x08000373   Thumb Code     0  startup_at32f435_437.o(.text)
    DMAMUX_IRQHandler                        0x08000373   Thumb Code     0  startup_at32f435_437.o(.text)
    DVP_IRQHandler                           0x08000373   Thumb Code     0  startup_at32f435_437.o(.text)
    EDMA_Stream1_IRQHandler                  0x08000373   Thumb Code     0  startup_at32f435_437.o(.text)
    EDMA_Stream2_IRQHandler                  0x08000373   Thumb Code     0  startup_at32f435_437.o(.text)
    EDMA_Stream3_IRQHandler                  0x08000373   Thumb Code     0  startup_at32f435_437.o(.text)
    EDMA_Stream4_IRQHandler                  0x08000373   Thumb Code     0  startup_at32f435_437.o(.text)
    EDMA_Stream5_IRQHandler                  0x08000373   Thumb Code     0  startup_at32f435_437.o(.text)
    EDMA_Stream6_IRQHandler                  0x08000373   Thumb Code     0  startup_at32f435_437.o(.text)
    EDMA_Stream7_IRQHandler                  0x08000373   Thumb Code     0  startup_at32f435_437.o(.text)
    EDMA_Stream8_IRQHandler                  0x08000373   Thumb Code     0  startup_at32f435_437.o(.text)
    EMAC_IRQHandler                          0x08000373   Thumb Code     0  startup_at32f435_437.o(.text)
    EMAC_WKUP_IRQHandler                     0x08000373   Thumb Code     0  startup_at32f435_437.o(.text)
    ERTCAlarm_IRQHandler                     0x08000373   Thumb Code     0  startup_at32f435_437.o(.text)
    ERTC_WKUP_IRQHandler                     0x08000373   Thumb Code     0  startup_at32f435_437.o(.text)
    EXINT15_10_IRQHandler                    0x08000373   Thumb Code     0  startup_at32f435_437.o(.text)
    EXINT1_IRQHandler                        0x08000373   Thumb Code     0  startup_at32f435_437.o(.text)
    EXINT2_IRQHandler                        0x08000373   Thumb Code     0  startup_at32f435_437.o(.text)
    EXINT3_IRQHandler                        0x08000373   Thumb Code     0  startup_at32f435_437.o(.text)
    EXINT4_IRQHandler                        0x08000373   Thumb Code     0  startup_at32f435_437.o(.text)
    EXINT9_5_IRQHandler                      0x08000373   Thumb Code     0  startup_at32f435_437.o(.text)
    FLASH_IRQHandler                         0x08000373   Thumb Code     0  startup_at32f435_437.o(.text)
    FPU_IRQHandler                           0x08000373   Thumb Code     0  startup_at32f435_437.o(.text)
    I2C1_ERR_IRQHandler                      0x08000373   Thumb Code     0  startup_at32f435_437.o(.text)
    I2C1_EVT_IRQHandler                      0x08000373   Thumb Code     0  startup_at32f435_437.o(.text)
    I2C2_ERR_IRQHandler                      0x08000373   Thumb Code     0  startup_at32f435_437.o(.text)
    I2C2_EVT_IRQHandler                      0x08000373   Thumb Code     0  startup_at32f435_437.o(.text)
    I2C3_ERR_IRQHandler                      0x08000373   Thumb Code     0  startup_at32f435_437.o(.text)
    I2C3_EVT_IRQHandler                      0x08000373   Thumb Code     0  startup_at32f435_437.o(.text)
    OTGFS1_IRQHandler                        0x08000373   Thumb Code     0  startup_at32f435_437.o(.text)
    OTGFS1_WKUP_IRQHandler                   0x08000373   Thumb Code     0  startup_at32f435_437.o(.text)
    OTGFS2_IRQHandler                        0x08000373   Thumb Code     0  startup_at32f435_437.o(.text)
    OTGFS2_WKUP_IRQHandler                   0x08000373   Thumb Code     0  startup_at32f435_437.o(.text)
    PVM_IRQHandler                           0x08000373   Thumb Code     0  startup_at32f435_437.o(.text)
    QSPI1_IRQHandler                         0x08000373   Thumb Code     0  startup_at32f435_437.o(.text)
    QSPI2_IRQHandler                         0x08000373   Thumb Code     0  startup_at32f435_437.o(.text)
    SDIO1_IRQHandler                         0x08000373   Thumb Code     0  startup_at32f435_437.o(.text)
    SDIO2_IRQHandler                         0x08000373   Thumb Code     0  startup_at32f435_437.o(.text)
    SPI1_IRQHandler                          0x08000373   Thumb Code     0  startup_at32f435_437.o(.text)
    SPI2_I2S2EXT_IRQHandler                  0x08000373   Thumb Code     0  startup_at32f435_437.o(.text)
    SPI3_I2S3EXT_IRQHandler                  0x08000373   Thumb Code     0  startup_at32f435_437.o(.text)
    SPI4_IRQHandler                          0x08000373   Thumb Code     0  startup_at32f435_437.o(.text)
    TAMP_STAMP_IRQHandler                    0x08000373   Thumb Code     0  startup_at32f435_437.o(.text)
    TMR1_BRK_TMR9_IRQHandler                 0x08000373   Thumb Code     0  startup_at32f435_437.o(.text)
    TMR1_CH_IRQHandler                       0x08000373   Thumb Code     0  startup_at32f435_437.o(.text)
    TMR1_OVF_TMR10_IRQHandler                0x08000373   Thumb Code     0  startup_at32f435_437.o(.text)
    TMR1_TRG_HALL_TMR11_IRQHandler           0x08000373   Thumb Code     0  startup_at32f435_437.o(.text)
    TMR20_BRK_IRQHandler                     0x08000373   Thumb Code     0  startup_at32f435_437.o(.text)
    TMR20_CH_IRQHandler                      0x08000373   Thumb Code     0  startup_at32f435_437.o(.text)
    TMR20_OVF_IRQHandler                     0x08000373   Thumb Code     0  startup_at32f435_437.o(.text)
    TMR20_TRG_HALL_IRQHandler                0x08000373   Thumb Code     0  startup_at32f435_437.o(.text)
    TMR2_GLOBAL_IRQHandler                   0x08000373   Thumb Code     0  startup_at32f435_437.o(.text)
    TMR3_GLOBAL_IRQHandler                   0x08000373   Thumb Code     0  startup_at32f435_437.o(.text)
    TMR4_GLOBAL_IRQHandler                   0x08000373   Thumb Code     0  startup_at32f435_437.o(.text)
    TMR5_GLOBAL_IRQHandler                   0x08000373   Thumb Code     0  startup_at32f435_437.o(.text)
    TMR6_DAC_GLOBAL_IRQHandler               0x08000373   Thumb Code     0  startup_at32f435_437.o(.text)
    TMR7_GLOBAL_IRQHandler                   0x08000373   Thumb Code     0  startup_at32f435_437.o(.text)
    TMR8_BRK_TMR12_IRQHandler                0x08000373   Thumb Code     0  startup_at32f435_437.o(.text)
    TMR8_CH_IRQHandler                       0x08000373   Thumb Code     0  startup_at32f435_437.o(.text)
    TMR8_OVF_TMR13_IRQHandler                0x08000373   Thumb Code     0  startup_at32f435_437.o(.text)
    TMR8_TRG_HALL_TMR14_IRQHandler           0x08000373   Thumb Code     0  startup_at32f435_437.o(.text)
    UART4_IRQHandler                         0x08000373   Thumb Code     0  startup_at32f435_437.o(.text)
    UART5_IRQHandler                         0x08000373   Thumb Code     0  startup_at32f435_437.o(.text)
    UART7_IRQHandler                         0x08000373   Thumb Code     0  startup_at32f435_437.o(.text)
    UART8_IRQHandler                         0x08000373   Thumb Code     0  startup_at32f435_437.o(.text)
    USART2_IRQHandler                        0x08000373   Thumb Code     0  startup_at32f435_437.o(.text)
    USART3_IRQHandler                        0x08000373   Thumb Code     0  startup_at32f435_437.o(.text)
    USART6_IRQHandler                        0x08000373   Thumb Code     0  startup_at32f435_437.o(.text)
    WWDT_IRQHandler                          0x08000373   Thumb Code     0  startup_at32f435_437.o(.text)
    XMC_IRQHandler                           0x08000373   Thumb Code     0  startup_at32f435_437.o(.text)
    __user_initial_stackheap                 0x08000375   Thumb Code     0  startup_at32f435_437.o(.text)
    __aeabi_uldivmod                         0x08000399   Thumb Code     0  lludivv7m.o(.text)
    _ll_udiv                                 0x08000399   Thumb Code   240  lludivv7m.o(.text)
    sprintf                                  0x08000489   Thumb Code    38  sprintf.o(.text)
    strlen                                   0x080004b5   Thumb Code    62  strlen.o(.text)
    __aeabi_memcpy                           0x080004f3   Thumb Code     0  rt_memcpy_v6.o(.text)
    __rt_memcpy                              0x080004f3   Thumb Code   138  rt_memcpy_v6.o(.text)
    _memcpy_lastbytes                        0x08000559   Thumb Code     0  rt_memcpy_v6.o(.text)
    __aeabi_memclr                           0x0800057d   Thumb Code     0  rt_memclr.o(.text)
    __rt_memclr                              0x0800057d   Thumb Code     0  rt_memclr.o(.text)
    _memset                                  0x08000581   Thumb Code    64  rt_memclr.o(.text)
    __use_two_region_memory                  0x080005c1   Thumb Code     2  heapauxi.o(.text)
    __rt_heap_escrow$2region                 0x080005c3   Thumb Code     2  heapauxi.o(.text)
    __rt_heap_expand$2region                 0x080005c5   Thumb Code     2  heapauxi.o(.text)
    _printf_pre_padding                      0x080005c7   Thumb Code    44  _printf_pad.o(.text)
    _printf_post_padding                     0x080005f3   Thumb Code    34  _printf_pad.o(.text)
    _printf_truncate_signed                  0x08000615   Thumb Code    18  _printf_truncate.o(.text)
    _printf_truncate_unsigned                0x08000627   Thumb Code    18  _printf_truncate.o(.text)
    _printf_str                              0x08000639   Thumb Code    82  _printf_str.o(.text)
    _printf_int_dec                          0x0800068d   Thumb Code   104  _printf_dec.o(.text)
    _printf_charcount                        0x08000705   Thumb Code    40  _printf_charcount.o(.text)
    _printf_char_common                      0x08000737   Thumb Code    32  _printf_char_common.o(.text)
    _sputc                                   0x0800075d   Thumb Code    10  _sputc.o(.text)
    _printf_wctomb                           0x08000769   Thumb Code   182  _printf_wctomb.o(.text)
    _printf_longlong_dec                     0x08000825   Thumb Code   108  _printf_longlong_dec.o(.text)
    _printf_longlong_oct                     0x080008a1   Thumb Code    68  _printf_oct_int_ll.o(.text)
    _printf_int_oct                          0x080008e5   Thumb Code    24  _printf_oct_int_ll.o(.text)
    _printf_ll_oct                           0x080008fd   Thumb Code    12  _printf_oct_int_ll.o(.text)
    _printf_longlong_hex                     0x08000911   Thumb Code    86  _printf_hex_int_ll_ptr.o(.text)
    _printf_int_hex                          0x08000967   Thumb Code    28  _printf_hex_int_ll_ptr.o(.text)
    _printf_ll_hex                           0x08000983   Thumb Code    12  _printf_hex_int_ll_ptr.o(.text)
    _printf_hex_ptr                          0x0800098f   Thumb Code    18  _printf_hex_int_ll_ptr.o(.text)
    __printf                                 0x080009a5   Thumb Code   388  __printf_flags_ss_wp.o(.text)
    __aeabi_memcpy4                          0x08000b2d   Thumb Code     0  rt_memcpy_w.o(.text)
    __aeabi_memcpy8                          0x08000b2d   Thumb Code     0  rt_memcpy_w.o(.text)
    __rt_memcpy_w                            0x08000b2d   Thumb Code   100  rt_memcpy_w.o(.text)
    _memcpy_lastbytes_aligned                0x08000b75   Thumb Code     0  rt_memcpy_w.o(.text)
    __aeabi_memclr4                          0x08000b91   Thumb Code     0  rt_memclr_w.o(.text)
    __aeabi_memclr8                          0x08000b91   Thumb Code     0  rt_memclr_w.o(.text)
    __rt_memclr_w                            0x08000b91   Thumb Code     0  rt_memclr_w.o(.text)
    _memset_w                                0x08000b95   Thumb Code    74  rt_memclr_w.o(.text)
    _ll_udiv10                               0x08000bdf   Thumb Code   138  lludiv10.o(.text)
    _printf_int_common                       0x08000c69   Thumb Code   178  _printf_intcommon.o(.text)
    _printf_fp_dec_real                      0x08000ecb   Thumb Code   620  _printf_fp_dec.o(.text)
    _printf_fp_hex_real                      0x08001139   Thumb Code   756  _printf_fp_hex.o(.text)
    _printf_cs_common                        0x08001435   Thumb Code    20  _printf_char.o(.text)
    _printf_char                             0x08001449   Thumb Code    16  _printf_char.o(.text)
    _printf_string                           0x08001459   Thumb Code     8  _printf_char.o(.text)
    _printf_lcs_common                       0x08001461   Thumb Code    20  _printf_wchar.o(.text)
    _printf_wchar                            0x08001475   Thumb Code    16  _printf_wchar.o(.text)
    _printf_wstring                          0x08001485   Thumb Code     8  _printf_wchar.o(.text)
    _c16rtomb                                0x0800148d   Thumb Code    72  _c16rtomb.o(.text)
    _wcrtomb                                 0x0800148d   Thumb Code     0  _c16rtomb.o(.text)
    __user_setup_stackheap                   0x080014d5   Thumb Code    74  sys_stackheap_outer.o(.text)
    __rt_ctype_table                         0x08001521   Thumb Code    16  rt_ctype_table.o(.text)
    __rt_locale                              0x08001531   Thumb Code     8  rt_locale_intlibspace.o(.text)
    _printf_fp_infnan                        0x08001539   Thumb Code   112  _printf_fp_infnan.o(.text)
    _btod_etento                             0x080015b9   Thumb Code   224  bigflt0.o(.text)
    exit                                     0x0800169d   Thumb Code    18  exit.o(.text)
    __user_libspace                          0x080016b1   Thumb Code     8  libspace.o(.text)
    __user_perproc_libspace                  0x080016b1   Thumb Code     0  libspace.o(.text)
    __user_perthread_libspace                0x080016b1   Thumb Code     0  libspace.o(.text)
    strcmp                                   0x080016b9   Thumb Code   124  strcmpv7em.o(.text)
    _sys_exit                                0x08001735   Thumb Code     8  sys_exit.o(.text)
    __I$use$semihosting                      0x08001741   Thumb Code     0  use_no_semi.o(.text)
    __use_no_semihosting_swi                 0x08001741   Thumb Code     2  use_no_semi.o(.text)
    __semihosting_library_function           0x08001743   Thumb Code     0  indicate_semi.o(.text)
    ADXL375_Master_Init                      0x08001745   Thumb Code   106  adxl375.o(.text.ADXL375_Master_Init)
    BusFault_Handler                         0x08001815   Thumb Code     4  at32f435_437_int.o(.text.BusFault_Handler)
    DebugMon_Handler                         0x08001819   Thumb Code     2  at32f435_437_int.o(.text.DebugMon_Handler)
    EXINT0_IRQHandler                        0x0800181d   Thumb Code    30  at32f435_437_int.o(.text.EXINT0_IRQHandler)
    HardFault_Handler                        0x0800183d   Thumb Code     4  at32f435_437_int.o(.text.HardFault_Handler)
    MemManage_Handler                        0x08001841   Thumb Code     4  at32f435_437_int.o(.text.MemManage_Handler)
    NMI_Handler                              0x08001845   Thumb Code     2  at32f435_437_int.o(.text.NMI_Handler)
    PendSV_Handler                           0x08001921   Thumb Code     2  at32f435_437_int.o(.text.PendSV_Handler)
    SVC_Handler                              0x08001925   Thumb Code     2  at32f435_437_int.o(.text.SVC_Handler)
    SixPosition_cor                          0x08001929   Thumb Code  2006  errorcor.o(.text.SixPosition_cor)
    SysTick_Handler                          0x08002101   Thumb Code   142  at32f435_437_int.o(.text.SysTick_Handler)
    SystemInit                               0x08002191   Thumb Code   184  system_at32f435_437.o(.text.SystemInit)
    USART1_IRQHandler                        0x08002249   Thumb Code   672  at32f435_437_int.o(.text.USART1_IRQHandler)
    UsageFault_Handler                       0x080024e9   Thumb Code     4  at32f435_437_int.o(.text.UsageFault_Handler)
    asm330lhhx_data                          0x08002681   Thumb Code   324  asm330lhhx.o(.text.asm330lhhx_data)
    asm330lhhx_init                          0x08002821   Thumb Code   292  asm330lhhx.o(.text.asm330lhhx_init)
    at_spi_transmit_receive8                 0x08002c81   Thumb Code    68  atspi.o(.text.at_spi_transmit_receive8)
    at_usart_transmit                        0x08002cc5   Thumb Code    78  atusart.o(.text.at_usart_transmit)
    command_decode                           0x08002d15   Thumb Code   484  option.o(.text.command_decode)
    crm_ahb_div_set                          0x08002ef9   Thumb Code    38  at32f435_437_crm.o(.text.crm_ahb_div_set)
    crm_apb1_div_set                         0x08002f21   Thumb Code    38  at32f435_437_crm.o(.text.crm_apb1_div_set)
    crm_apb2_div_set                         0x08002f49   Thumb Code    38  at32f435_437_crm.o(.text.crm_apb2_div_set)
    crm_auto_step_mode_enable                0x08002f71   Thumb Code    56  at32f435_437_crm.o(.text.crm_auto_step_mode_enable)
    crm_clock_source_enable                  0x08002fa9   Thumb Code   166  at32f435_437_crm.o(.text.crm_clock_source_enable)
    crm_clocks_freq_get                      0x08003051   Thumb Code   366  at32f435_437_crm.o(.text.crm_clocks_freq_get)
    crm_flag_get                             0x080031c1   Thumb Code    62  at32f435_437_crm.o(.text.crm_flag_get)
    crm_hext_stable_wait                     0x08003201   Thumb Code   100  at32f435_437_crm.o(.text.crm_hext_stable_wait)
    crm_periph_clock_enable                  0x08003265   Thumb Code    82  at32f435_437_crm.o(.text.crm_periph_clock_enable)
    crm_pll_config                           0x080032b9   Thumb Code   130  at32f435_437_crm.o(.text.crm_pll_config)
    crm_reset                                0x0800333d   Thumb Code   154  at32f435_437_crm.o(.text.crm_reset)
    crm_sysclk_switch                        0x080033d9   Thumb Code    70  at32f435_437_crm.o(.text.crm_sysclk_switch)
    crm_sysclk_switch_status_get             0x08003421   Thumb Code    16  at32f435_437_crm.o(.text.crm_sysclk_switch_status_get)
    dataSend_22                              0x08003431   Thumb Code   680  main.o(.text.dataSend_22)
    dma_channel_enable                       0x080036d9   Thumb Code    26  at32f435_437_dma.o(.text.dma_channel_enable)
    dma_default_para_init                    0x080036f5   Thumb Code    50  at32f435_437_dma.o(.text.dma_default_para_init)
    dma_init                                 0x08003729   Thumb Code   200  at32f435_437_dma.o(.text.dma_init)
    dma_reset                                0x080037f1   Thumb Code   168  at32f435_437_dma.o(.text.dma_reset)
    dmamux_enable                            0x08003899   Thumb Code    30  at32f435_437_dma.o(.text.dmamux_enable)
    dmamux_init                              0x080038b9   Thumb Code    26  at32f435_437_dma.o(.text.dmamux_init)
    errorcor                                 0x080038d5   Thumb Code   962  errorcor.o(.text.errorcor)
    exint_default_para_init                  0x08003c99   Thumb Code    28  at32f435_437_exint.o(.text.exint_default_para_init)
    exint_init                               0x08003cb5   Thumb Code   228  at32f435_437_exint.o(.text.exint_init)
    exint_interrupt_enable                   0x08003d99   Thumb Code    58  at32f435_437_exint.o(.text.exint_interrupt_enable)
    exint_interrupt_flag_get                 0x08003dd5   Thumb Code    74  at32f435_437_exint.o(.text.exint_interrupt_flag_get)
    flash_bank1_operation_status_get         0x08003e21   Thumb Code   104  at32f435_437_flash.o(.text.flash_bank1_operation_status_get)
    flash_bank1_operation_wait_for           0x08003e89   Thumb Code    92  at32f435_437_flash.o(.text.flash_bank1_operation_wait_for)
    flash_bank2_operation_status_get         0x08003ee5   Thumb Code   104  at32f435_437_flash.o(.text.flash_bank2_operation_status_get)
    flash_bank2_operation_wait_for           0x08003f4d   Thumb Code    92  at32f435_437_flash.o(.text.flash_bank2_operation_wait_for)
    flash_byte_program                       0x08003fa9   Thumb Code   172  at32f435_437_flash.o(.text.flash_byte_program)
    flash_halfword_program                   0x08004055   Thumb Code   172  at32f435_437_flash.o(.text.flash_halfword_program)
    flash_lock                               0x08004101   Thumb Code    34  at32f435_437_flash.o(.text.flash_lock)
    flash_sector_erase                       0x08004125   Thumb Code   192  at32f435_437_flash.o(.text.flash_sector_erase)
    flash_unlock                             0x080041e5   Thumb Code    42  at32f435_437_flash.o(.text.flash_unlock)
    flash_word_program                       0x08004211   Thumb Code   166  at32f435_437_flash.o(.text.flash_word_program)
    gpio_bits_set                            0x080042b9   Thumb Code    20  at32f435_437_gpio.o(.text.gpio_bits_set)
    gpio_default_para_init                   0x080042cd   Thumb Code    36  at32f435_437_gpio.o(.text.gpio_default_para_init)
    gpio_init                                0x080042f1   Thumb Code   232  at32f435_437_gpio.o(.text.gpio_init)
    gpio_pin_mux_config                      0x080043d9   Thumb Code   136  at32f435_437_gpio.o(.text.gpio_pin_mux_config)
    gyro_calibration                         0x08004461   Thumb Code  1736  errorcor.o(.text.gyro_calibration)
    jumpToApp                                0x08004b29   Thumb Code   194  jump2app.o(.text.jumpToApp)
    main                                     0x08004bed   Thumb Code  1332  main.o(.text.main)
    mul1x4                                   0x08005121   Thumb Code    74  main.o(.text.mul1x4)
    nvic_irq_enable                          0x0800516d   Thumb Code    52  at32f435_437_misc.o(.text.nvic_irq_enable)
    nvic_priority_group_config               0x080051a1   Thumb Code    20  at32f435_437_misc.o(.text.nvic_priority_group_config)
    nvic_system_reset                        0x080051b5   Thumb Code     4  at32f435_437_misc.o(.text.nvic_system_reset)
    option_erase                             0x080051b9   Thumb Code    46  option.o(.text.option_erase)
    option_init                              0x080051e9   Thumb Code   178  option.o(.text.option_init)
    option_read                              0x0800529d   Thumb Code   262  option.o(.text.option_read)
    option_write                             0x080053a5   Thumb Code   920  option.o(.text.option_write)
    printOption                              0x0800573d   Thumb Code   882  option.o(.text.printOption)
    printSerialNumber                        0x08005ab1   Thumb Code     2  option.o(.text.printSerialNumber)
    scfg_exint_line_config                   0x08005ab5   Thumb Code   228  at32f435_437_scfg.o(.text.scfg_exint_line_config)
    set_baud                                 0x08005b99   Thumb Code    26  option.o(.text.set_baud)
    set_uart_ed                              0x08005bb5   Thumb Code    24  option.o(.text.set_uart_ed)
    spi_default_para_init                    0x08005bcd   Thumb Code    44  at32f435_437_spi.o(.text.spi_default_para_init)
    spi_enable                               0x08005bf9   Thumb Code    34  at32f435_437_spi.o(.text.spi_enable)
    spi_init                                 0x08005c1d   Thumb Code   502  at32f435_437_spi.o(.text.spi_init)
    system_core_clock_update                 0x08005e15   Thumb Code   336  system_at32f435_437.o(.text.system_core_clock_update)
    systick_clock_source_config              0x08005f65   Thumb Code    56  at32f435_437_misc.o(.text.systick_clock_source_config)
    usart_dma_transmitter_enable             0x08005f9d   Thumb Code    34  at32f435_437_usart.o(.text.usart_dma_transmitter_enable)
    usart_enable                             0x08005fc1   Thumb Code    34  at32f435_437_usart.o(.text.usart_enable)
    usart_flag_clear                         0x08005fe5   Thumb Code    40  at32f435_437_usart.o(.text.usart_flag_clear)
    usart_hardware_flow_control_set          0x0800600d   Thumb Code   144  at32f435_437_usart.o(.text.usart_hardware_flow_control_set)
    usart_init                               0x0800609d   Thumb Code   286  at32f435_437_usart.o(.text.usart_init)
    usart_interrupt_enable                   0x080061bd   Thumb Code    72  at32f435_437_usart.o(.text.usart_interrupt_enable)
    usart_interrupt_flag_get                 0x08006205   Thumb Code   312  at32f435_437_usart.o(.text.usart_interrupt_flag_get)
    usart_parity_selection_config            0x0800633d   Thumb Code   110  at32f435_437_usart.o(.text.usart_parity_selection_config)
    usart_receiver_enable                    0x080063ad   Thumb Code    34  at32f435_437_usart.o(.text.usart_receiver_enable)
    usart_transmitter_enable                 0x080063d1   Thumb Code    34  at32f435_437_usart.o(.text.usart_transmitter_enable)
    use_default                              0x080063f5   Thumb Code    98  option.o(.text.use_default)
    wk_delay_ms                              0x08006459   Thumb Code    52  wk_system.o(.text.wk_delay_ms)
    wk_dma1_channel1_init                    0x0800648d   Thumb Code   194  at32f435_437_wk_config.o(.text.wk_dma1_channel1_init)
    wk_dma_channel_config                    0x08006551   Thumb Code    36  at32f435_437_wk_config.o(.text.wk_dma_channel_config)
    wk_exint_config                          0x08006575   Thumb Code    86  at32f435_437_wk_config.o(.text.wk_exint_config)
    wk_gpio_config                           0x080065cd   Thumb Code   220  at32f435_437_wk_config.o(.text.wk_gpio_config)
    wk_nvic_config                           0x080066a9   Thumb Code    58  at32f435_437_wk_config.o(.text.wk_nvic_config)
    wk_periph_clock_config                   0x080066e5   Thumb Code   116  at32f435_437_wk_config.o(.text.wk_periph_clock_config)
    wk_spi1_init                             0x08006759   Thumb Code   446  at32f435_437_wk_config.o(.text.wk_spi1_init)
    wk_system_clock_config                   0x08006919   Thumb Code   226  at32f435_437_wk_config.o(.text.wk_system_clock_config)
    wk_timebase_get                          0x080069fd   Thumb Code    12  wk_system.o(.text.wk_timebase_get)
    wk_timebase_handler                      0x08006a09   Thumb Code     8  wk_system.o(.text.wk_timebase_handler)
    wk_timebase_increase                     0x08006a11   Thumb Code    16  wk_system.o(.text.wk_timebase_increase)
    wk_timebase_init                         0x08006a21   Thumb Code    92  wk_system.o(.text.wk_timebase_init)
    wk_usart1_init                           0x08006a7d   Thumb Code   374  at32f435_437_wk_config.o(.text.wk_usart1_init)
    _btod_d2e                                0x08006bf3   Thumb Code    62  btod.o(CL$$btod_d2e)
    _d2e_denorm_low                          0x08006c31   Thumb Code    70  btod.o(CL$$btod_d2e_denorm_low)
    _d2e_norm_op1                            0x08006c77   Thumb Code    96  btod.o(CL$$btod_d2e_norm_op1)
    __btod_div_common                        0x08006cd9   Thumb Code   696  btod.o(CL$$btod_div_common)
    _e2e                                     0x08007011   Thumb Code   220  btod.o(CL$$btod_e2e)
    _btod_ediv                               0x080070ed   Thumb Code    42  btod.o(CL$$btod_ediv)
    _btod_emul                               0x08007117   Thumb Code    42  btod.o(CL$$btod_emul)
    __btod_mult_common                       0x08007141   Thumb Code   580  btod.o(CL$$btod_mult_common)
    __ARM_fpclassify                         0x08007385   Thumb Code    48  fpclassify.o(i.__ARM_fpclassify)
    _is_digit                                0x080073b5   Thumb Code    14  __printf_wp.o(i._is_digit)
    _get_lc_numeric                          0x080073c5   Thumb Code    44  lc_numeric_c.o(locale$$code)
    _get_lc_ctype                            0x080073f1   Thumb Code    44  lc_ctype_c.o(locale$$code)
    __aeabi_ddiv                             0x0800741d   Thumb Code     0  ddiv.o(x$fpl$ddiv)
    _ddiv                                    0x0800741d   Thumb Code   556  ddiv.o(x$fpl$ddiv)
    __aeabi_d2uiz                            0x080076d1   Thumb Code     0  dfixu.o(x$fpl$dfixu)
    _dfixu                                   0x080076d1   Thumb Code    90  dfixu.o(x$fpl$dfixu)
    __aeabi_dmul                             0x0800772d   Thumb Code     0  dmul.o(x$fpl$dmul)
    _dmul                                    0x0800772d   Thumb Code   332  dmul.o(x$fpl$dmul)
    __fpl_dnaninf                            0x08007881   Thumb Code   156  dnaninf.o(x$fpl$dnaninf)
    __fpl_dretinf                            0x0800791d   Thumb Code    12  dretinf.o(x$fpl$dretinf)
    __aeabi_f2d                              0x08007929   Thumb Code     0  f2d.o(x$fpl$f2d)
    _f2d                                     0x08007929   Thumb Code    86  f2d.o(x$fpl$f2d)
    __fpl_fnaninf                            0x0800797f   Thumb Code   140  fnaninf.o(x$fpl$fnaninf)
    _fp_init                                 0x08007a0b   Thumb Code    26  fpinit.o(x$fpl$fpinit)
    __fplib_config_fpu_vfp                   0x08007a23   Thumb Code     0  fpinit.o(x$fpl$fpinit)
    __fplib_config_pureend_doubles           0x08007a23   Thumb Code     0  fpinit.o(x$fpl$fpinit)
    _printf_fp_dec                           0x08007a25   Thumb Code     4  printf1.o(x$fpl$printf1)
    _printf_fp_hex                           0x08007a29   Thumb Code     4  printf2.o(x$fpl$printf2)
    __I$use$fp                               0x08007a2c   Number         0  usenofp.o(x$fpl$usenofp)
    Region$$Table$$Base                      0x08007ec8   Number         0  anon$$obj.o(Region$$Table)
    Region$$Table$$Limit                     0x08007ee8   Number         0  anon$$obj.o(Region$$Table)
    __ctype                                  0x08007f11   Data           0  lc_ctype_c.o(locale$$data)
    mean_cofe                                0x20000000   Data          96  main.o(.data.mean_cofe)
    system_core_clock                        0x20000060   Data           4  system_at32f435_437.o(.data.system_core_clock)
    __libspace_start                         0x20000068   Data          96  libspace.o(.bss)
    WG200G                                   0x200000c8   Data          52  main.o(.bss.WG200G)
    __temporary_stack_top$libspace           0x200000c8   Data           0  libspace.o(.bss)
    accx_                                    0x200000fc   Data          16  main.o(.bss.accx_)
    accy_                                    0x2000010c   Data          16  main.o(.bss.accy_)
    accz_                                    0x2000011c   Data          16  main.o(.bss.accz_)
    adxl375_regs_data                        0x2000012c   Data          28  adxl375.o(.bss.adxl375_regs_data)
    asm330_data1_                            0x20000148   Data          28  main.o(.bss.asm330_data1_)
    asm330_data2_                            0x20000164   Data          28  main.o(.bss.asm330_data2_)
    asm330_data3_                            0x20000180   Data          28  main.o(.bss.asm330_data3_)
    asm330_data4_                            0x2000019c   Data          28  main.o(.bss.asm330_data4_)
    asm330_data_mean_                        0x200001b8   Data          28  main.o(.bss.asm330_data_mean_)
    buff                                     0x200001d4   Data           5  jump2app.o(.bss.buff)
    buff_uart1                               0x200001dc   Data          64  at32f435_437_int.o(.bss.buff_uart1)
    ch_buf                                   0x2000021c   Data         256  main.o(.bss.ch_buf)
    commandBuf_                              0x2000031f   Data          13  at32f435_437_int.o(.bss.commandBuf_)
    commandSize_                             0x2000032c   Data           1  at32f435_437_int.o(.bss.commandSize_)
    delat_time                               0x20000330   Data           4  main.o(.bss.delat_time)
    gyrox_                                   0x20000334   Data          16  main.o(.bss.gyrox_)
    gyroy_                                   0x20000344   Data          16  main.o(.bss.gyroy_)
    gyroz_                                   0x20000354   Data          16  main.o(.bss.gyroz_)
    hz100_cnt                                0x20000364   Data           1  main.o(.bss.hz100_cnt)
    hz200_cnt                                0x20000365   Data           1  main.o(.bss.hz200_cnt)
    hz50_cnt                                 0x20000366   Data           1  main.o(.bss.hz50_cnt)
    imu_simple_time                          0x20000368   Data           2  main.o(.bss.imu_simple_time)
    ir_rise_now                              0x2000036c   Data           4  at32f435_437_int.o(.bss.ir_rise_now)
    rcmd_flag                                0x20000378   Data           1  at32f435_437_int.o(.bss.rcmd_flag)
    settingBuf                               0x20000379   Data          20  at32f435_437_int.o(.bss.settingBuf)
    settingCnt                               0x2000038d   Data           1  at32f435_437_int.o(.bss.settingCnt)
    settingFlag                              0x2000038e   Data           1  at32f435_437_int.o(.bss.settingFlag)
    settingRate                              0x2000038f   Data           1  at32f435_437_int.o(.bss.settingRate)
    timebase_ticks                           0x20000394   Data           4  wk_system.o(.bss.timebase_ticks)
    timer10ms                                0x20000398   Data           1  at32f435_437_int.o(.bss.timer10ms)
    timer5ms                                 0x20000399   Data           1  at32f435_437_int.o(.bss.timer5ms)
    timerCnt                                 0x2000039a   Data           2  at32f435_437_int.o(.bss.timerCnt)



==============================================================================

Memory Map of the image

  Image Entry point : 0x0800020d

  Load Region LR_IROM1 (Base: 0x08000000, Size: 0x00008080, Max: 0x003f0000, ABSOLUTE)

    Execution Region ER_IROM1 (Exec base: 0x08000000, Load base: 0x08000000, Size: 0x00008014, Max: 0x003f0000, ABSOLUTE)

    Exec Addr    Load Addr    Size         Type   Attr      Idx    E Section Name        Object

    0x08000000   0x08000000   0x0000020c   Data   RO         1766    RESET               startup_at32f435_437.o
    0x0800020c   0x0800020c   0x00000008   Code   RO         2005  * !!!main             c_w.l(__main.o)
    0x08000214   0x08000214   0x00000034   Code   RO         2382    !!!scatter          c_w.l(__scatter.o)
    0x08000248   0x08000248   0x0000001a   Code   RO         2384    !!handler_copy      c_w.l(__scatter_copy.o)
    0x08000262   0x08000262   0x00000002   PAD
    0x08000264   0x08000264   0x0000001c   Code   RO         2386    !!handler_zi        c_w.l(__scatter_zi.o)
    0x08000280   0x08000280   0x00000000   Code   RO         2113    .ARM.Collect$$_printf_percent$$00000000  c_w.l(_printf_percent.o)
    0x08000280   0x08000280   0x00000006   Code   RO         2102    .ARM.Collect$$_printf_percent$$00000001  c_w.l(_printf_n.o)
    0x08000286   0x08000286   0x00000006   Code   RO         2104    .ARM.Collect$$_printf_percent$$00000002  c_w.l(_printf_p.o)
    0x0800028c   0x0800028c   0x00000006   Code   RO         2109    .ARM.Collect$$_printf_percent$$00000003  c_w.l(_printf_f.o)
    0x08000292   0x08000292   0x00000006   Code   RO         2110    .ARM.Collect$$_printf_percent$$00000004  c_w.l(_printf_e.o)
    0x08000298   0x08000298   0x00000006   Code   RO         2111    .ARM.Collect$$_printf_percent$$00000005  c_w.l(_printf_g.o)
    0x0800029e   0x0800029e   0x00000006   Code   RO         2112    .ARM.Collect$$_printf_percent$$00000006  c_w.l(_printf_a.o)
    0x080002a4   0x080002a4   0x0000000a   Code   RO         2117    .ARM.Collect$$_printf_percent$$00000007  c_w.l(_printf_ll.o)
    0x080002ae   0x080002ae   0x00000006   Code   RO         2106    .ARM.Collect$$_printf_percent$$00000008  c_w.l(_printf_i.o)
    0x080002b4   0x080002b4   0x00000006   Code   RO         2107    .ARM.Collect$$_printf_percent$$00000009  c_w.l(_printf_d.o)
    0x080002ba   0x080002ba   0x00000006   Code   RO         2108    .ARM.Collect$$_printf_percent$$0000000A  c_w.l(_printf_u.o)
    0x080002c0   0x080002c0   0x00000006   Code   RO         2105    .ARM.Collect$$_printf_percent$$0000000B  c_w.l(_printf_o.o)
    0x080002c6   0x080002c6   0x00000006   Code   RO         2103    .ARM.Collect$$_printf_percent$$0000000C  c_w.l(_printf_x.o)
    0x080002cc   0x080002cc   0x00000006   Code   RO         2114    .ARM.Collect$$_printf_percent$$0000000D  c_w.l(_printf_lli.o)
    0x080002d2   0x080002d2   0x00000006   Code   RO         2115    .ARM.Collect$$_printf_percent$$0000000E  c_w.l(_printf_lld.o)
    0x080002d8   0x080002d8   0x00000006   Code   RO         2116    .ARM.Collect$$_printf_percent$$0000000F  c_w.l(_printf_llu.o)
    0x080002de   0x080002de   0x00000006   Code   RO         2121    .ARM.Collect$$_printf_percent$$00000010  c_w.l(_printf_llo.o)
    0x080002e4   0x080002e4   0x00000006   Code   RO         2122    .ARM.Collect$$_printf_percent$$00000011  c_w.l(_printf_llx.o)
    0x080002ea   0x080002ea   0x0000000a   Code   RO         2118    .ARM.Collect$$_printf_percent$$00000012  c_w.l(_printf_l.o)
    0x080002f4   0x080002f4   0x00000006   Code   RO         2100    .ARM.Collect$$_printf_percent$$00000013  c_w.l(_printf_c.o)
    0x080002fa   0x080002fa   0x00000006   Code   RO         2101    .ARM.Collect$$_printf_percent$$00000014  c_w.l(_printf_s.o)
    0x08000300   0x08000300   0x00000006   Code   RO         2119    .ARM.Collect$$_printf_percent$$00000015  c_w.l(_printf_lc.o)
    0x08000306   0x08000306   0x00000006   Code   RO         2120    .ARM.Collect$$_printf_percent$$00000016  c_w.l(_printf_ls.o)
    0x0800030c   0x0800030c   0x00000004   Code   RO         2178    .ARM.Collect$$_printf_percent$$00000017  c_w.l(_printf_percent_end.o)
    0x08000310   0x08000310   0x00000002   Code   RO         2233    .ARM.Collect$$libinit$$00000000  c_w.l(libinit.o)
    0x08000312   0x08000312   0x00000004   Code   RO         2256    .ARM.Collect$$libinit$$00000001  c_w.l(libinit2.o)
    0x08000316   0x08000316   0x00000000   Code   RO         2259    .ARM.Collect$$libinit$$00000004  c_w.l(libinit2.o)
    0x08000316   0x08000316   0x00000000   Code   RO         2262    .ARM.Collect$$libinit$$0000000A  c_w.l(libinit2.o)
    0x08000316   0x08000316   0x00000000   Code   RO         2264    .ARM.Collect$$libinit$$0000000C  c_w.l(libinit2.o)
    0x08000316   0x08000316   0x00000000   Code   RO         2266    .ARM.Collect$$libinit$$0000000E  c_w.l(libinit2.o)
    0x08000316   0x08000316   0x00000006   Code   RO         2267    .ARM.Collect$$libinit$$0000000F  c_w.l(libinit2.o)
    0x0800031c   0x0800031c   0x00000000   Code   RO         2269    .ARM.Collect$$libinit$$00000011  c_w.l(libinit2.o)
    0x0800031c   0x0800031c   0x0000000c   Code   RO         2270    .ARM.Collect$$libinit$$00000012  c_w.l(libinit2.o)
    0x08000328   0x08000328   0x00000000   Code   RO         2271    .ARM.Collect$$libinit$$00000013  c_w.l(libinit2.o)
    0x08000328   0x08000328   0x00000000   Code   RO         2273    .ARM.Collect$$libinit$$00000015  c_w.l(libinit2.o)
    0x08000328   0x08000328   0x0000000a   Code   RO         2274    .ARM.Collect$$libinit$$00000016  c_w.l(libinit2.o)
    0x08000332   0x08000332   0x00000000   Code   RO         2275    .ARM.Collect$$libinit$$00000017  c_w.l(libinit2.o)
    0x08000332   0x08000332   0x00000000   Code   RO         2277    .ARM.Collect$$libinit$$00000019  c_w.l(libinit2.o)
    0x08000332   0x08000332   0x00000000   Code   RO         2279    .ARM.Collect$$libinit$$0000001B  c_w.l(libinit2.o)
    0x08000332   0x08000332   0x00000000   Code   RO         2281    .ARM.Collect$$libinit$$0000001D  c_w.l(libinit2.o)
    0x08000332   0x08000332   0x00000000   Code   RO         2283    .ARM.Collect$$libinit$$0000001F  c_w.l(libinit2.o)
    0x08000332   0x08000332   0x00000000   Code   RO         2285    .ARM.Collect$$libinit$$00000021  c_w.l(libinit2.o)
    0x08000332   0x08000332   0x00000000   Code   RO         2287    .ARM.Collect$$libinit$$00000023  c_w.l(libinit2.o)
    0x08000332   0x08000332   0x00000000   Code   RO         2289    .ARM.Collect$$libinit$$00000025  c_w.l(libinit2.o)
    0x08000332   0x08000332   0x00000000   Code   RO         2293    .ARM.Collect$$libinit$$0000002C  c_w.l(libinit2.o)
    0x08000332   0x08000332   0x00000000   Code   RO         2295    .ARM.Collect$$libinit$$0000002E  c_w.l(libinit2.o)
    0x08000332   0x08000332   0x00000000   Code   RO         2297    .ARM.Collect$$libinit$$00000030  c_w.l(libinit2.o)
    0x08000332   0x08000332   0x00000000   Code   RO         2299    .ARM.Collect$$libinit$$00000032  c_w.l(libinit2.o)
    0x08000332   0x08000332   0x00000002   Code   RO         2300    .ARM.Collect$$libinit$$00000033  c_w.l(libinit2.o)
    0x08000334   0x08000334   0x00000002   Code   RO         2337    .ARM.Collect$$libshutdown$$00000000  c_w.l(libshutdown.o)
    0x08000336   0x08000336   0x00000000   Code   RO         2365    .ARM.Collect$$libshutdown$$00000002  c_w.l(libshutdown2.o)
    0x08000336   0x08000336   0x00000000   Code   RO         2367    .ARM.Collect$$libshutdown$$00000004  c_w.l(libshutdown2.o)
    0x08000336   0x08000336   0x00000000   Code   RO         2370    .ARM.Collect$$libshutdown$$00000007  c_w.l(libshutdown2.o)
    0x08000336   0x08000336   0x00000000   Code   RO         2373    .ARM.Collect$$libshutdown$$0000000A  c_w.l(libshutdown2.o)
    0x08000336   0x08000336   0x00000000   Code   RO         2375    .ARM.Collect$$libshutdown$$0000000C  c_w.l(libshutdown2.o)
    0x08000336   0x08000336   0x00000000   Code   RO         2378    .ARM.Collect$$libshutdown$$0000000F  c_w.l(libshutdown2.o)
    0x08000336   0x08000336   0x00000002   Code   RO         2379    .ARM.Collect$$libshutdown$$00000010  c_w.l(libshutdown2.o)
    0x08000338   0x08000338   0x00000000   Code   RO         2027    .ARM.Collect$$rtentry$$00000000  c_w.l(__rtentry.o)
    0x08000338   0x08000338   0x00000000   Code   RO         2145    .ARM.Collect$$rtentry$$00000002  c_w.l(__rtentry2.o)
    0x08000338   0x08000338   0x00000006   Code   RO         2157    .ARM.Collect$$rtentry$$00000004  c_w.l(__rtentry4.o)
    0x0800033e   0x0800033e   0x00000000   Code   RO         2147    .ARM.Collect$$rtentry$$00000009  c_w.l(__rtentry2.o)
    0x0800033e   0x0800033e   0x00000004   Code   RO         2148    .ARM.Collect$$rtentry$$0000000A  c_w.l(__rtentry2.o)
    0x08000342   0x08000342   0x00000000   Code   RO         2150    .ARM.Collect$$rtentry$$0000000C  c_w.l(__rtentry2.o)
    0x08000342   0x08000342   0x00000008   Code   RO         2151    .ARM.Collect$$rtentry$$0000000D  c_w.l(__rtentry2.o)
    0x0800034a   0x0800034a   0x00000002   Code   RO         2241    .ARM.Collect$$rtexit$$00000000  c_w.l(rtexit.o)
    0x0800034c   0x0800034c   0x00000000   Code   RO         2306    .ARM.Collect$$rtexit$$00000002  c_w.l(rtexit2.o)
    0x0800034c   0x0800034c   0x00000004   Code   RO         2307    .ARM.Collect$$rtexit$$00000003  c_w.l(rtexit2.o)
    0x08000350   0x08000350   0x00000006   Code   RO         2308    .ARM.Collect$$rtexit$$00000004  c_w.l(rtexit2.o)
    0x08000356   0x08000356   0x00000002   PAD
    0x08000358   0x08000358   0x00000040   Code   RO         1767    .text               startup_at32f435_437.o
    0x08000398   0x08000398   0x000000f0   Code   RO         1993    .text               c_w.l(lludivv7m.o)
    0x08000488   0x08000488   0x0000002c   Code   RO         1995    .text               c_w.l(sprintf.o)
    0x080004b4   0x080004b4   0x0000003e   Code   RO         1997    .text               c_w.l(strlen.o)
    0x080004f2   0x080004f2   0x0000008a   Code   RO         1999    .text               c_w.l(rt_memcpy_v6.o)
    0x0800057c   0x0800057c   0x00000044   Code   RO         2001    .text               c_w.l(rt_memclr.o)
    0x080005c0   0x080005c0   0x00000006   Code   RO         2003    .text               c_w.l(heapauxi.o)
    0x080005c6   0x080005c6   0x0000004e   Code   RO         2034    .text               c_w.l(_printf_pad.o)
    0x08000614   0x08000614   0x00000024   Code   RO         2036    .text               c_w.l(_printf_truncate.o)
    0x08000638   0x08000638   0x00000052   Code   RO         2038    .text               c_w.l(_printf_str.o)
    0x0800068a   0x0800068a   0x00000002   PAD
    0x0800068c   0x0800068c   0x00000078   Code   RO         2040    .text               c_w.l(_printf_dec.o)
    0x08000704   0x08000704   0x00000028   Code   RO         2042    .text               c_w.l(_printf_charcount.o)
    0x0800072c   0x0800072c   0x00000030   Code   RO         2044    .text               c_w.l(_printf_char_common.o)
    0x0800075c   0x0800075c   0x0000000a   Code   RO         2046    .text               c_w.l(_sputc.o)
    0x08000766   0x08000766   0x00000002   PAD
    0x08000768   0x08000768   0x000000bc   Code   RO         2048    .text               c_w.l(_printf_wctomb.o)
    0x08000824   0x08000824   0x0000007c   Code   RO         2051    .text               c_w.l(_printf_longlong_dec.o)
    0x080008a0   0x080008a0   0x00000070   Code   RO         2057    .text               c_w.l(_printf_oct_int_ll.o)
    0x08000910   0x08000910   0x00000094   Code   RO         2077    .text               c_w.l(_printf_hex_int_ll_ptr.o)
    0x080009a4   0x080009a4   0x00000188   Code   RO         2097    .text               c_w.l(__printf_flags_ss_wp.o)
    0x08000b2c   0x08000b2c   0x00000064   Code   RO         2123    .text               c_w.l(rt_memcpy_w.o)
    0x08000b90   0x08000b90   0x0000004e   Code   RO         2125    .text               c_w.l(rt_memclr_w.o)
    0x08000bde   0x08000bde   0x0000008a   Code   RO         2161    .text               c_w.l(lludiv10.o)
    0x08000c68   0x08000c68   0x000000b2   Code   RO         2163    .text               c_w.l(_printf_intcommon.o)
    0x08000d1a   0x08000d1a   0x0000041c   Code   RO         2165    .text               c_w.l(_printf_fp_dec.o)
    0x08001136   0x08001136   0x00000002   PAD
    0x08001138   0x08001138   0x000002fc   Code   RO         2169    .text               c_w.l(_printf_fp_hex.o)
    0x08001434   0x08001434   0x0000002c   Code   RO         2174    .text               c_w.l(_printf_char.o)
    0x08001460   0x08001460   0x0000002c   Code   RO         2176    .text               c_w.l(_printf_wchar.o)
    0x0800148c   0x0800148c   0x00000048   Code   RO         2179    .text               c_w.l(_c16rtomb.o)
    0x080014d4   0x080014d4   0x0000004a   Code   RO         2181    .text               c_w.l(sys_stackheap_outer.o)
    0x0800151e   0x0800151e   0x00000002   PAD
    0x08001520   0x08001520   0x00000010   Code   RO         2183    .text               c_w.l(rt_ctype_table.o)
    0x08001530   0x08001530   0x00000008   Code   RO         2188    .text               c_w.l(rt_locale_intlibspace.o)
    0x08001538   0x08001538   0x00000080   Code   RO         2190    .text               c_w.l(_printf_fp_infnan.o)
    0x080015b8   0x080015b8   0x000000e4   Code   RO         2192    .text               c_w.l(bigflt0.o)
    0x0800169c   0x0800169c   0x00000012   Code   RO         2222    .text               c_w.l(exit.o)
    0x080016ae   0x080016ae   0x00000002   PAD
    0x080016b0   0x080016b0   0x00000008   Code   RO         2238    .text               c_w.l(libspace.o)
    0x080016b8   0x080016b8   0x0000007c   Code   RO         2254    .text               c_w.l(strcmpv7em.o)
    0x08001734   0x08001734   0x0000000c   Code   RO         2301    .text               c_w.l(sys_exit.o)
    0x08001740   0x08001740   0x00000002   Code   RO         2326    .text               c_w.l(use_no_semi.o)
    0x08001742   0x08001742   0x00000000   Code   RO         2328    .text               c_w.l(indicate_semi.o)
    0x08001742   0x08001742   0x00000002   PAD
    0x08001744   0x08001744   0x0000006a   Code   RO         1914    .text.ADXL375_Master_Init  adxl375.o
    0x080017ae   0x080017ae   0x00000002   PAD
    0x080017b0   0x080017b0   0x0000002a   Code   RO         1912    .text.ADXL375_ReadWriteByte  adxl375.o
    0x080017da   0x080017da   0x00000002   PAD
    0x080017dc   0x080017dc   0x00000038   Code   RO         1916    .text.ADXL375_Write_Reg  adxl375.o
    0x08001814   0x08001814   0x00000004   Code   RO            8    .text.BusFault_Handler  at32f435_437_int.o
    0x08001818   0x08001818   0x00000002   Code   RO           14    .text.DebugMon_Handler  at32f435_437_int.o
    0x0800181a   0x0800181a   0x00000002   PAD
    0x0800181c   0x0800181c   0x0000001e   Code   RO           22    .text.EXINT0_IRQHandler  at32f435_437_int.o
    0x0800183a   0x0800183a   0x00000002   PAD
    0x0800183c   0x0800183c   0x00000004   Code   RO            4    .text.HardFault_Handler  at32f435_437_int.o
    0x08001840   0x08001840   0x00000004   Code   RO            6    .text.MemManage_Handler  at32f435_437_int.o
    0x08001844   0x08001844   0x00000002   Code   RO            2    .text.NMI_Handler   at32f435_437_int.o
    0x08001846   0x08001846   0x00000002   PAD
    0x08001848   0x08001848   0x0000006c   Code   RO           63    .text.NVIC_EncodePriority  at32f435_437_wk_config.o
    0x080018b4   0x080018b4   0x0000006c   Code   RO         1101    .text.NVIC_EncodePriority  at32f435_437_misc.o
    0x08001920   0x08001920   0x00000002   Code   RO           16    .text.PendSV_Handler  at32f435_437_int.o
    0x08001922   0x08001922   0x00000002   PAD
    0x08001924   0x08001924   0x00000002   Code   RO           12    .text.SVC_Handler   at32f435_437_int.o
    0x08001926   0x08001926   0x00000002   PAD
    0x08001928   0x08001928   0x000007d6   Code   RO         1853    .text.SixPosition_cor  errorcor.o
    0x080020fe   0x080020fe   0x00000002   PAD
    0x08002100   0x08002100   0x0000008e   Code   RO           18    .text.SysTick_Handler  at32f435_437_int.o
    0x0800218e   0x0800218e   0x00000002   PAD
    0x08002190   0x08002190   0x000000b8   Code   RO         1774    .text.SystemInit    system_at32f435_437.o
    0x08002248   0x08002248   0x000002a0   Code   RO           20    .text.USART1_IRQHandler  at32f435_437_int.o
    0x080024e8   0x080024e8   0x00000004   Code   RO           10    .text.UsageFault_Handler  at32f435_437_int.o
    0x080024ec   0x080024ec   0x00000030   Code   RO         1107    .text.__NVIC_EnableIRQ  at32f435_437_misc.o
    0x0800251c   0x0800251c   0x00000010   Code   RO           65    .text.__NVIC_GetPriorityGrouping  at32f435_437_wk_config.o
    0x0800252c   0x0800252c   0x00000010   Code   RO         1103    .text.__NVIC_GetPriorityGrouping  at32f435_437_misc.o
    0x0800253c   0x0800253c   0x00000042   Code   RO           61    .text.__NVIC_SetPriority  at32f435_437_wk_config.o
    0x0800257e   0x0800257e   0x00000002   PAD
    0x08002580   0x08002580   0x00000042   Code   RO         1105    .text.__NVIC_SetPriority  at32f435_437_misc.o
    0x080025c2   0x080025c2   0x00000002   PAD
    0x080025c4   0x080025c4   0x0000003c   Code   RO         1115    .text.__NVIC_SetPriorityGrouping  at32f435_437_misc.o
    0x08002600   0x08002600   0x00000026   Code   RO         1097    .text.__NVIC_SystemReset  at32f435_437_misc.o
    0x08002626   0x08002626   0x00000002   PAD
    0x08002628   0x08002628   0x0000002e   Code   RO         1844    .text.asm330lhhx_byte_read  asm330lhhx.o
    0x08002656   0x08002656   0x00000002   PAD
    0x08002658   0x08002658   0x00000026   Code   RO         1840    .text.asm330lhhx_byte_write  asm330lhhx.o
    0x0800267e   0x0800267e   0x00000002   PAD
    0x08002680   0x08002680   0x00000144   Code   RO         1836    .text.asm330lhhx_data  asm330lhhx.o
    0x080027c4   0x080027c4   0x0000005a   Code   RO         1832    .text.asm330lhhx_id  asm330lhhx.o
    0x0800281e   0x0800281e   0x00000002   PAD
    0x08002820   0x08002820   0x00000124   Code   RO         1830    .text.asm330lhhx_init  asm330lhhx.o
    0x08002944   0x08002944   0x00000198   Code   RO         1838    .text.asm330lhhx_mutiRead  asm330lhhx.o
    0x08002adc   0x08002adc   0x000000d2   Code   RO         1842    .text.asm330lhhx_read  asm330lhhx.o
    0x08002bae   0x08002bae   0x00000002   PAD
    0x08002bb0   0x08002bb0   0x000000d0   Code   RO         1834    .text.asm330lhhx_write  asm330lhhx.o
    0x08002c80   0x08002c80   0x00000044   Code   RO         1810    .text.at_spi_transmit_receive8  atspi.o
    0x08002cc4   0x08002cc4   0x0000004e   Code   RO         1819    .text.at_usart_transmit  atusart.o
    0x08002d12   0x08002d12   0x00000002   PAD
    0x08002d14   0x08002d14   0x000001e4   Code   RO         1950    .text.command_decode  option.o
    0x08002ef8   0x08002ef8   0x00000026   Code   RO          418    .text.crm_ahb_div_set  at32f435_437_crm.o
    0x08002f1e   0x08002f1e   0x00000002   PAD
    0x08002f20   0x08002f20   0x00000026   Code   RO          420    .text.crm_apb1_div_set  at32f435_437_crm.o
    0x08002f46   0x08002f46   0x00000002   PAD
    0x08002f48   0x08002f48   0x00000026   Code   RO          422    .text.crm_apb2_div_set  at32f435_437_crm.o
    0x08002f6e   0x08002f6e   0x00000002   PAD
    0x08002f70   0x08002f70   0x00000038   Code   RO          430    .text.crm_auto_step_mode_enable  at32f435_437_crm.o
    0x08002fa8   0x08002fa8   0x000000a6   Code   RO          410    .text.crm_clock_source_enable  at32f435_437_crm.o
    0x0800304e   0x0800304e   0x00000002   PAD
    0x08003050   0x08003050   0x0000016e   Code   RO          446    .text.crm_clocks_freq_get  at32f435_437_crm.o
    0x080031be   0x080031be   0x00000002   PAD
    0x080031c0   0x080031c0   0x0000003e   Code   RO          394    .text.crm_flag_get  at32f435_437_crm.o
    0x080031fe   0x080031fe   0x00000002   PAD
    0x08003200   0x08003200   0x00000064   Code   RO          398    .text.crm_hext_stable_wait  at32f435_437_crm.o
    0x08003264   0x08003264   0x00000052   Code   RO          404    .text.crm_periph_clock_enable  at32f435_437_crm.o
    0x080032b6   0x080032b6   0x00000002   PAD
    0x080032b8   0x080032b8   0x00000082   Code   RO          440    .text.crm_pll_config  at32f435_437_crm.o
    0x0800333a   0x0800333a   0x00000002   PAD
    0x0800333c   0x0800333c   0x0000009a   Code   RO          388    .text.crm_reset     at32f435_437_crm.o
    0x080033d6   0x080033d6   0x00000002   PAD
    0x080033d8   0x080033d8   0x00000046   Code   RO          442    .text.crm_sysclk_switch  at32f435_437_crm.o
    0x0800341e   0x0800341e   0x00000002   PAD
    0x08003420   0x08003420   0x00000010   Code   RO          444    .text.crm_sysclk_switch_status_get  at32f435_437_crm.o
    0x08003430   0x08003430   0x000002a8   Code   RO           92    .text.dataSend_22   main.o
    0x080036d8   0x080036d8   0x0000001a   Code   RO          537    .text.dma_channel_enable  at32f435_437_dma.o
    0x080036f2   0x080036f2   0x00000002   PAD
    0x080036f4   0x080036f4   0x00000032   Code   RO          545    .text.dma_default_para_init  at32f435_437_dma.o
    0x08003726   0x08003726   0x00000002   PAD
    0x08003728   0x08003728   0x000000c8   Code   RO          547    .text.dma_init      at32f435_437_dma.o
    0x080037f0   0x080037f0   0x000000a8   Code   RO          529    .text.dma_reset     at32f435_437_dma.o
    0x08003898   0x08003898   0x0000001e   Code   RO          551    .text.dmamux_enable  at32f435_437_dma.o
    0x080038b6   0x080038b6   0x00000002   PAD
    0x080038b8   0x080038b8   0x0000001a   Code   RO          553    .text.dmamux_init   at32f435_437_dma.o
    0x080038d2   0x080038d2   0x00000002   PAD
    0x080038d4   0x080038d4   0x000003c2   Code   RO         1859    .text.errorcor      errorcor.o
    0x08003c96   0x08003c96   0x00000002   PAD
    0x08003c98   0x08003c98   0x0000001c   Code   RO          856    .text.exint_default_para_init  at32f435_437_exint.o
    0x08003cb4   0x08003cb4   0x000000e4   Code   RO          858    .text.exint_init    at32f435_437_exint.o
    0x08003d98   0x08003d98   0x0000003a   Code   RO          868    .text.exint_interrupt_enable  at32f435_437_exint.o
    0x08003dd2   0x08003dd2   0x00000002   PAD
    0x08003dd4   0x08003dd4   0x0000004a   Code   RO          864    .text.exint_interrupt_flag_get  at32f435_437_exint.o
    0x08003e1e   0x08003e1e   0x00000002   PAD
    0x08003e20   0x08003e20   0x00000068   Code   RO          885    .text.flash_bank1_operation_status_get  at32f435_437_flash.o
    0x08003e88   0x08003e88   0x0000005c   Code   RO          891    .text.flash_bank1_operation_wait_for  at32f435_437_flash.o
    0x08003ee4   0x08003ee4   0x00000068   Code   RO          887    .text.flash_bank2_operation_status_get  at32f435_437_flash.o
    0x08003f4c   0x08003f4c   0x0000005c   Code   RO          893    .text.flash_bank2_operation_wait_for  at32f435_437_flash.o
    0x08003fa8   0x08003fa8   0x000000ac   Code   RO          927    .text.flash_byte_program  at32f435_437_flash.o
    0x08004054   0x08004054   0x000000ac   Code   RO          925    .text.flash_halfword_program  at32f435_437_flash.o
    0x08004100   0x08004100   0x00000022   Code   RO          901    .text.flash_lock    at32f435_437_flash.o
    0x08004122   0x08004122   0x00000002   PAD
    0x08004124   0x08004124   0x000000c0   Code   RO          907    .text.flash_sector_erase  at32f435_437_flash.o
    0x080041e4   0x080041e4   0x0000002a   Code   RO          895    .text.flash_unlock  at32f435_437_flash.o
    0x0800420e   0x0800420e   0x00000002   PAD
    0x08004210   0x08004210   0x000000a6   Code   RO          923    .text.flash_word_program  at32f435_437_flash.o
    0x080042b6   0x080042b6   0x00000002   PAD
    0x080042b8   0x080042b8   0x00000014   Code   RO          985    .text.gpio_bits_set  at32f435_437_gpio.o
    0x080042cc   0x080042cc   0x00000024   Code   RO          975    .text.gpio_default_para_init  at32f435_437_gpio.o
    0x080042f0   0x080042f0   0x000000e8   Code   RO          973    .text.gpio_init     at32f435_437_gpio.o
    0x080043d8   0x080043d8   0x00000088   Code   RO          997    .text.gpio_pin_mux_config  at32f435_437_gpio.o
    0x08004460   0x08004460   0x000006c8   Code   RO         1855    .text.gyro_calibration  errorcor.o
    0x08004b28   0x08004b28   0x000000c2   Code   RO         1930    .text.jumpToApp     jump2app.o
    0x08004bea   0x08004bea   0x00000002   PAD
    0x08004bec   0x08004bec   0x00000534   Code   RO           94    .text.main          main.o
    0x08005120   0x08005120   0x0000004a   Code   RO           88    .text.mul1x4        main.o
    0x0800516a   0x0800516a   0x00000002   PAD
    0x0800516c   0x0800516c   0x00000034   Code   RO         1099    .text.nvic_irq_enable  at32f435_437_misc.o
    0x080051a0   0x080051a0   0x00000014   Code   RO         1113    .text.nvic_priority_group_config  at32f435_437_misc.o
    0x080051b4   0x080051b4   0x00000004   Code   RO         1095    .text.nvic_system_reset  at32f435_437_misc.o
    0x080051b8   0x080051b8   0x0000002e   Code   RO         1948    .text.option_erase  option.o
    0x080051e6   0x080051e6   0x00000002   PAD
    0x080051e8   0x080051e8   0x000000b2   Code   RO         1940    .text.option_init   option.o
    0x0800529a   0x0800529a   0x00000002   PAD
    0x0800529c   0x0800529c   0x00000106   Code   RO         1942    .text.option_read   option.o
    0x080053a2   0x080053a2   0x00000002   PAD
    0x080053a4   0x080053a4   0x00000398   Code   RO         1946    .text.option_write  option.o
    0x0800573c   0x0800573c   0x00000372   Code   RO         1954    .text.printOption   option.o
    0x08005aae   0x08005aae   0x00000002   PAD
    0x08005ab0   0x08005ab0   0x00000002   Code   RO         1956    .text.printSerialNumber  option.o
    0x08005ab2   0x08005ab2   0x00000002   PAD
    0x08005ab4   0x08005ab4   0x000000e4   Code   RO         1222    .text.scfg_exint_line_config  at32f435_437_scfg.o
    0x08005b98   0x08005b98   0x0000001a   Code   RO         1958    .text.set_baud      option.o
    0x08005bb2   0x08005bb2   0x00000002   PAD
    0x08005bb4   0x08005bb4   0x00000018   Code   RO         1952    .text.set_uart_ed   option.o
    0x08005bcc   0x08005bcc   0x0000002c   Code   RO         1300    .text.spi_default_para_init  at32f435_437_spi.o
    0x08005bf8   0x08005bf8   0x00000022   Code   RO         1324    .text.spi_enable    at32f435_437_spi.o
    0x08005c1a   0x08005c1a   0x00000002   PAD
    0x08005c1c   0x08005c1c   0x000001f6   Code   RO         1302    .text.spi_init      at32f435_437_spi.o
    0x08005e12   0x08005e12   0x00000002   PAD
    0x08005e14   0x08005e14   0x00000150   Code   RO         1776    .text.system_core_clock_update  system_at32f435_437.o
    0x08005f64   0x08005f64   0x00000038   Code   RO         1121    .text.systick_clock_source_config  at32f435_437_misc.o
    0x08005f9c   0x08005f9c   0x00000022   Code   RO         1496    .text.usart_dma_transmitter_enable  at32f435_437_usart.o
    0x08005fbe   0x08005fbe   0x00000002   PAD
    0x08005fc0   0x08005fc0   0x00000022   Code   RO         1484    .text.usart_enable  at32f435_437_usart.o
    0x08005fe2   0x08005fe2   0x00000002   PAD
    0x08005fe4   0x08005fe4   0x00000028   Code   RO         1536    .text.usart_flag_clear  at32f435_437_usart.o
    0x0800600c   0x0800600c   0x00000090   Code   RO         1530    .text.usart_hardware_flow_control_set  at32f435_437_usart.o
    0x0800609c   0x0800609c   0x0000011e   Code   RO         1480    .text.usart_init    at32f435_437_usart.o
    0x080061ba   0x080061ba   0x00000002   PAD
    0x080061bc   0x080061bc   0x00000048   Code   RO         1494    .text.usart_interrupt_enable  at32f435_437_usart.o
    0x08006204   0x08006204   0x00000138   Code   RO         1534    .text.usart_interrupt_flag_get  at32f435_437_usart.o
    0x0800633c   0x0800633c   0x0000006e   Code   RO         1482    .text.usart_parity_selection_config  at32f435_437_usart.o
    0x080063aa   0x080063aa   0x00000002   PAD
    0x080063ac   0x080063ac   0x00000022   Code   RO         1488    .text.usart_receiver_enable  at32f435_437_usart.o
    0x080063ce   0x080063ce   0x00000002   PAD
    0x080063d0   0x080063d0   0x00000022   Code   RO         1486    .text.usart_transmitter_enable  at32f435_437_usart.o
    0x080063f2   0x080063f2   0x00000002   PAD
    0x080063f4   0x080063f4   0x00000062   Code   RO         1944    .text.use_default   option.o
    0x08006456   0x08006456   0x00000002   PAD
    0x08006458   0x08006458   0x00000034   Code   RO          144    .text.wk_delay_ms   wk_system.o
    0x0800648c   0x0800648c   0x000000c2   Code   RO           73    .text.wk_dma1_channel1_init  at32f435_437_wk_config.o
    0x0800654e   0x0800654e   0x00000002   PAD
    0x08006550   0x08006550   0x00000024   Code   RO           75    .text.wk_dma_channel_config  at32f435_437_wk_config.o
    0x08006574   0x08006574   0x00000056   Code   RO           77    .text.wk_exint_config  at32f435_437_wk_config.o
    0x080065ca   0x080065ca   0x00000002   PAD
    0x080065cc   0x080065cc   0x000000dc   Code   RO           67    .text.wk_gpio_config  at32f435_437_wk_config.o
    0x080066a8   0x080066a8   0x0000003a   Code   RO           59    .text.wk_nvic_config  at32f435_437_wk_config.o
    0x080066e2   0x080066e2   0x00000002   PAD
    0x080066e4   0x080066e4   0x00000074   Code   RO           57    .text.wk_periph_clock_config  at32f435_437_wk_config.o
    0x08006758   0x08006758   0x000001be   Code   RO           71    .text.wk_spi1_init  at32f435_437_wk_config.o
    0x08006916   0x08006916   0x00000002   PAD
    0x08006918   0x08006918   0x000000e2   Code   RO           55    .text.wk_system_clock_config  at32f435_437_wk_config.o
    0x080069fa   0x080069fa   0x00000002   PAD
    0x080069fc   0x080069fc   0x0000000c   Code   RO          142    .text.wk_timebase_get  wk_system.o
    0x08006a08   0x08006a08   0x00000008   Code   RO          148    .text.wk_timebase_handler  wk_system.o
    0x08006a10   0x08006a10   0x00000010   Code   RO          140    .text.wk_timebase_increase  wk_system.o
    0x08006a20   0x08006a20   0x0000005c   Code   RO          146    .text.wk_timebase_init  wk_system.o
    0x08006a7c   0x08006a7c   0x00000176   Code   RO           69    .text.wk_usart1_init  at32f435_437_wk_config.o
    0x08006bf2   0x08006bf2   0x0000003e   Code   RO         2195    CL$$btod_d2e        c_w.l(btod.o)
    0x08006c30   0x08006c30   0x00000046   Code   RO         2197    CL$$btod_d2e_denorm_low  c_w.l(btod.o)
    0x08006c76   0x08006c76   0x00000060   Code   RO         2196    CL$$btod_d2e_norm_op1  c_w.l(btod.o)
    0x08006cd6   0x08006cd6   0x00000002   PAD
    0x08006cd8   0x08006cd8   0x00000338   Code   RO         2205    CL$$btod_div_common  c_w.l(btod.o)
    0x08007010   0x08007010   0x000000dc   Code   RO         2202    CL$$btod_e2e        c_w.l(btod.o)
    0x080070ec   0x080070ec   0x0000002a   Code   RO         2199    CL$$btod_ediv       c_w.l(btod.o)
    0x08007116   0x08007116   0x0000002a   Code   RO         2198    CL$$btod_emul       c_w.l(btod.o)
    0x08007140   0x08007140   0x00000244   Code   RO         2204    CL$$btod_mult_common  c_w.l(btod.o)
    0x08007384   0x08007384   0x00000030   Code   RO         2236    i.__ARM_fpclassify  m_wm.l(fpclassify.o)
    0x080073b4   0x080073b4   0x0000000e   Code   RO         2090    i._is_digit         c_w.l(__printf_wp.o)
    0x080073c2   0x080073c2   0x00000002   PAD
    0x080073c4   0x080073c4   0x0000002c   Code   RO         2220    locale$$code        c_w.l(lc_numeric_c.o)
    0x080073f0   0x080073f0   0x0000002c   Code   RO         2248    locale$$code        c_w.l(lc_ctype_c.o)
    0x0800741c   0x0800741c   0x000002b4   Code   RO         2010    x$fpl$ddiv          fz_wm.l(ddiv.o)
    0x080076d0   0x080076d0   0x0000005a   Code   RO         2013    x$fpl$dfixu         fz_wm.l(dfixu.o)
    0x0800772a   0x0800772a   0x00000002   PAD
    0x0800772c   0x0800772c   0x00000154   Code   RO         2023    x$fpl$dmul          fz_wm.l(dmul.o)
    0x08007880   0x08007880   0x0000009c   Code   RO         2127    x$fpl$dnaninf       fz_wm.l(dnaninf.o)
    0x0800791c   0x0800791c   0x0000000c   Code   RO         2129    x$fpl$dretinf       fz_wm.l(dretinf.o)
    0x08007928   0x08007928   0x00000056   Code   RO         2025    x$fpl$f2d           fz_wm.l(f2d.o)
    0x0800797e   0x0800797e   0x0000008c   Code   RO         2131    x$fpl$fnaninf       fz_wm.l(fnaninf.o)
    0x08007a0a   0x08007a0a   0x0000001a   Code   RO         2320    x$fpl$fpinit        fz_wm.l(fpinit.o)
    0x08007a24   0x08007a24   0x00000004   Code   RO         2135    x$fpl$printf1       fz_wm.l(printf1.o)
    0x08007a28   0x08007a28   0x00000004   Code   RO         2137    x$fpl$printf2       fz_wm.l(printf2.o)
    0x08007a2c   0x08007a2c   0x00000000   Code   RO         2143    x$fpl$usenofp       fz_wm.l(usenofp.o)
    0x08007a2c   0x08007a2c   0x00000008   Data   RO         2049    .constdata          c_w.l(_printf_wctomb.o)
    0x08007a34   0x08007a34   0x00000028   Data   RO         2078    .constdata          c_w.l(_printf_hex_int_ll_ptr.o)
    0x08007a5c   0x08007a5c   0x00000011   Data   RO         2098    .constdata          c_w.l(__printf_flags_ss_wp.o)
    0x08007a6d   0x08007a6d   0x00000026   Data   RO         2170    .constdata          c_w.l(_printf_fp_hex.o)
    0x08007a93   0x08007a93   0x00000001   PAD
    0x08007a94   0x08007a94   0x00000094   Data   RO         2193    .constdata          c_w.l(bigflt0.o)
    0x08007b28   0x08007b28   0x00000024   Data   RO         1872    .rodata..L__const.SixPosition_cor.NJZ  errorcor.o
    0x08007b4c   0x08007b4c   0x00000024   Data   RO         1884    .rodata..L__const.SixPosition_cor.NJZ.12  errorcor.o
    0x08007b70   0x08007b70   0x00000024   Data   RO         1887    .rodata..L__const.SixPosition_cor.NJZ.15  errorcor.o
    0x08007b94   0x08007b94   0x00000024   Data   RO         1875    .rodata..L__const.SixPosition_cor.NJZ.3  errorcor.o
    0x08007bb8   0x08007bb8   0x00000024   Data   RO         1878    .rodata..L__const.SixPosition_cor.NJZ.6  errorcor.o
    0x08007bdc   0x08007bdc   0x00000024   Data   RO         1881    .rodata..L__const.SixPosition_cor.NJZ.9  errorcor.o
    0x08007c00   0x08007c00   0x0000000c   Data   RO         1870    .rodata..L__const.SixPosition_cor.acc_bias  errorcor.o
    0x08007c0c   0x08007c0c   0x0000000c   Data   RO         1873    .rodata..L__const.SixPosition_cor.acc_bias.1  errorcor.o
    0x08007c18   0x08007c18   0x0000000c   Data   RO         1882    .rodata..L__const.SixPosition_cor.acc_bias.10  errorcor.o
    0x08007c24   0x08007c24   0x0000000c   Data   RO         1885    .rodata..L__const.SixPosition_cor.acc_bias.13  errorcor.o
    0x08007c30   0x08007c30   0x0000000c   Data   RO         1876    .rodata..L__const.SixPosition_cor.acc_bias.4  errorcor.o
    0x08007c3c   0x08007c3c   0x0000000c   Data   RO         1879    .rodata..L__const.SixPosition_cor.acc_bias.7  errorcor.o
    0x08007c48   0x08007c48   0x0000000c   Data   RO         1871    .rodata..L__const.SixPosition_cor.acc_scale  errorcor.o
    0x08007c54   0x08007c54   0x0000000c   Data   RO         1883    .rodata..L__const.SixPosition_cor.acc_scale.11  errorcor.o
    0x08007c60   0x08007c60   0x0000000c   Data   RO         1886    .rodata..L__const.SixPosition_cor.acc_scale.14  errorcor.o
    0x08007c6c   0x08007c6c   0x0000000c   Data   RO         1874    .rodata..L__const.SixPosition_cor.acc_scale.2  errorcor.o
    0x08007c78   0x08007c78   0x0000000c   Data   RO         1877    .rodata..L__const.SixPosition_cor.acc_scale.5  errorcor.o
    0x08007c84   0x08007c84   0x0000000c   Data   RO         1880    .rodata..L__const.SixPosition_cor.acc_scale.8  errorcor.o
    0x08007c90   0x08007c90   0x00000024   Data   RO         1890    .rodata..L__const.gyro_calibration.B  errorcor.o
    0x08007cb4   0x08007cb4   0x00000024   Data   RO         1893    .rodata..L__const.gyro_calibration.B.18  errorcor.o
    0x08007cd8   0x08007cd8   0x00000024   Data   RO         1896    .rodata..L__const.gyro_calibration.B.21  errorcor.o
    0x08007cfc   0x08007cfc   0x00000024   Data   RO         1899    .rodata..L__const.gyro_calibration.B.24  errorcor.o
    0x08007d20   0x08007d20   0x00000024   Data   RO         1902    .rodata..L__const.gyro_calibration.B.27  errorcor.o
    0x08007d44   0x08007d44   0x0000000c   Data   RO         1888    .rodata..L__const.gyro_calibration.gyro_bias  errorcor.o
    0x08007d50   0x08007d50   0x0000000c   Data   RO         1891    .rodata..L__const.gyro_calibration.gyro_bias.16  errorcor.o
    0x08007d5c   0x08007d5c   0x0000000c   Data   RO         1894    .rodata..L__const.gyro_calibration.gyro_bias.19  errorcor.o
    0x08007d68   0x08007d68   0x0000000c   Data   RO         1897    .rodata..L__const.gyro_calibration.gyro_bias.22  errorcor.o
    0x08007d74   0x08007d74   0x0000000c   Data   RO         1900    .rodata..L__const.gyro_calibration.gyro_bias.25  errorcor.o
    0x08007d80   0x08007d80   0x0000000c   Data   RO         1889    .rodata..L__const.gyro_calibration.gyro_scale  errorcor.o
    0x08007d8c   0x08007d8c   0x0000000c   Data   RO         1892    .rodata..L__const.gyro_calibration.gyro_scale.17  errorcor.o
    0x08007d98   0x08007d98   0x0000000c   Data   RO         1895    .rodata..L__const.gyro_calibration.gyro_scale.20  errorcor.o
    0x08007da4   0x08007da4   0x0000000c   Data   RO         1898    .rodata..L__const.gyro_calibration.gyro_scale.23  errorcor.o
    0x08007db0   0x08007db0   0x0000000c   Data   RO         1901    .rodata..L__const.gyro_calibration.gyro_scale.26  errorcor.o
    0x08007dbc   0x08007dbc   0x00000008   Data   RO          461    .rodata.crm_clocks_freq_get.ahb_apb1_div_table  at32f435_437_crm.o
    0x08007dc4   0x08007dc4   0x00000008   Data   RO          462    .rodata.crm_clocks_freq_get.ahb_apb2_div_table  at32f435_437_crm.o
    0x08007dcc   0x08007dcc   0x00000006   Data   RO          463    .rodata.crm_clocks_freq_get.pll_fr_table  at32f435_437_crm.o
    0x08007dd2   0x08007dd2   0x00000010   Data   RO          460    .rodata.crm_clocks_freq_get.sclk_ahb_div_table  at32f435_437_crm.o
    0x08007de2   0x08007de2   0x000000ce   Data   RO         1962    .rodata.str1.1      option.o
    0x08007eb0   0x08007eb0   0x00000006   Data   RO         1780    .rodata.system_core_clock_update.pll_fr_table  system_at32f435_437.o
    0x08007eb6   0x08007eb6   0x00000010   Data   RO         1779    .rodata.system_core_clock_update.sys_ahb_div_table  system_at32f435_437.o
    0x08007ec6   0x08007ec6   0x00000002   PAD
    0x08007ec8   0x08007ec8   0x00000020   Data   RO         2381    Region$$Table       anon$$obj.o
    0x08007ee8   0x08007ee8   0x0000001c   Data   RO         2219    locale$$data        c_w.l(lc_numeric_c.o)
    0x08007f04   0x08007f04   0x00000110   Data   RO         2247    locale$$data        c_w.l(lc_ctype_c.o)


    Execution Region RW_IRAM1 (Exec base: 0x20000000, Load base: 0x08008018, Size: 0x000105a0, Max: 0x00060000, ABSOLUTE)

    Exec Addr    Load Addr    Size         Type   Attr      Idx    E Section Name        Object

    0x20000000   0x08008018   0x00000060   Data   RW          116    .data.mean_cofe     main.o
    0x20000060   0x08008078   0x00000004   Data   RW         1778    .data.system_core_clock  system_at32f435_437.o
    0x20000064   0x0800807c   0x00000004   PAD
    0x20000068        -       0x00000060   Zero   RW         2239    .bss                c_w.l(libspace.o)
    0x200000c8        -       0x00000034   Zero   RW          131    .bss.WG200G         main.o
    0x200000fc        -       0x00000010   Zero   RW           97    .bss.accx_          main.o
    0x2000010c        -       0x00000010   Zero   RW           98    .bss.accy_          main.o
    0x2000011c        -       0x00000010   Zero   RW           99    .bss.accz_          main.o
    0x2000012c        -       0x0000001c   Zero   RW         1922    .bss.adxl375_regs_data  adxl375.o
    0x20000148        -       0x0000001c   Zero   RW          120    .bss.asm330_data1_  main.o
    0x20000164        -       0x0000001c   Zero   RW          127    .bss.asm330_data2_  main.o
    0x20000180        -       0x0000001c   Zero   RW          128    .bss.asm330_data3_  main.o
    0x2000019c        -       0x0000001c   Zero   RW          129    .bss.asm330_data4_  main.o
    0x200001b8        -       0x0000001c   Zero   RW          119    .bss.asm330_data_mean_  main.o
    0x200001d4        -       0x00000005   Zero   RW         1932    .bss.buff           jump2app.o
    0x200001d9        -       0x00000001   Zero   RW           40    .bss.buff_count     at32f435_437_int.o
    0x200001da        -       0x00000002   Zero   RW           43    .bss.buff_head      at32f435_437_int.o
    0x200001dc        -       0x00000040   Zero   RW           36    .bss.buff_uart1     at32f435_437_int.o
    0x2000021c        -       0x00000100   Zero   RW          118    .bss.ch_buf         main.o
    0x2000031c        -       0x00000002   Zero   RW           42    .bss.check          at32f435_437_int.o
    0x2000031e        -       0x00000001   Zero   RW           39    .bss.cmd_flag       at32f435_437_int.o
    0x2000031f        -       0x0000000d   Zero   RW           28    .bss.commandBuf_    at32f435_437_int.o
    0x2000032c        -       0x00000001   Zero   RW           29    .bss.commandSize_   at32f435_437_int.o
    0x2000032d        -       0x00000001   Zero   RW          121    .bss.dataSend_22.fromframe  main.o
    0x2000032e   0x0800807c   0x00000002   PAD
    0x20000330        -       0x00000004   Zero   RW          126    .bss.delat_time     main.o
    0x20000334        -       0x00000010   Zero   RW          100    .bss.gyrox_         main.o
    0x20000344        -       0x00000010   Zero   RW          101    .bss.gyroy_         main.o
    0x20000354        -       0x00000010   Zero   RW          102    .bss.gyroz_         main.o
    0x20000364        -       0x00000001   Zero   RW          123    .bss.hz100_cnt      main.o
    0x20000365        -       0x00000001   Zero   RW          122    .bss.hz200_cnt      main.o
    0x20000366        -       0x00000001   Zero   RW          124    .bss.hz50_cnt       main.o
    0x20000367   0x0800807c   0x00000001   PAD
    0x20000368        -       0x00000002   Zero   RW           96    .bss.imu_simple_time  main.o
    0x2000036a   0x0800807c   0x00000002   PAD
    0x2000036c        -       0x00000004   Zero   RW           47    .bss.ir_rise_now    at32f435_437_int.o
    0x20000370        -       0x00000001   Zero   RW         1933    .bss.jumpToApp.i    jump2app.o
    0x20000371   0x0800807c   0x00000003   PAD
    0x20000374        -       0x00000004   Zero   RW           44    .bss.rbegintime     at32f435_437_int.o
    0x20000378        -       0x00000001   Zero   RW           37    .bss.rcmd_flag      at32f435_437_int.o
    0x20000379        -       0x00000014   Zero   RW           27    .bss.settingBuf     at32f435_437_int.o
    0x2000038d        -       0x00000001   Zero   RW           31    .bss.settingCnt     at32f435_437_int.o
    0x2000038e        -       0x00000001   Zero   RW           30    .bss.settingFlag    at32f435_437_int.o
    0x2000038f        -       0x00000001   Zero   RW           35    .bss.settingRate    at32f435_437_int.o
    0x20000390        -       0x00000001   Zero   RW           41    .bss.srcount        at32f435_437_int.o
    0x20000391   0x0800807c   0x00000003   PAD
    0x20000394        -       0x00000004   Zero   RW          152    .bss.timebase_ticks  wk_system.o
    0x20000398        -       0x00000001   Zero   RW           25    .bss.timer10ms      at32f435_437_int.o
    0x20000399        -       0x00000001   Zero   RW           24    .bss.timer5ms       at32f435_437_int.o
    0x2000039a        -       0x00000002   Zero   RW           26    .bss.timerCnt       at32f435_437_int.o
    0x2000039c   0x0800807c   0x00000004   PAD
    0x200003a0        -       0x00000200   Zero   RW         1765    HEAP                startup_at32f435_437.o
    0x200005a0        -       0x00010000   Zero   RW         1764    STACK               startup_at32f435_437.o


==============================================================================

Image component sizes


      Code (inc. data)   RO Data    RW Data    ZI Data      Debug   Object Name

       204          0          0          0         28       3908   adxl375.o
      1616         28          0          0          0       5753   asm330lhhx.o
      1316          6         38          0          0      27307   at32f435_437_crm.o
       500          0          0          0          0      15470   at32f435_437_dma.o
       388          0          0          0          0       3456   at32f435_437_exint.o
      1170          0          0          0          0      13799   at32f435_437_flash.o
       424          0          0          0          0      11974   at32f435_437_gpio.o
       868          0          0          0        121       5019   at32f435_437_int.o
       468          0          0          0          0       7094   at32f435_437_misc.o
       228          4          0          0          0       6991   at32f435_437_scfg.o
       580          0          0          0          0      12875   at32f435_437_spi.o
      1100          0          0          0          0      12089   at32f435_437_usart.o
      1946          0          0          0          0      33973   at32f435_437_wk_config.o
        68          0          0          0          0       2970   atspi.o
        78          0          0          0          0       3009   atusart.o
      4704          0        660          0          0       5282   errorcor.o
       194          0          0          0          6       1461   jump2app.o
      2086         32          0         96        554       8931   main.o
      2922          0        206          0          0       5824   option.o
        64         26        524          0      66048        864   startup_at32f435_437.o
       520          0         22          4          0      11624   system_at32f435_437.o
       180          0          0          0          4       1964   wk_system.o

    ----------------------------------------------------------------------
     21742         96       1484        100      66780     201637   Object Totals
         0          0         32          0          0          0   (incl. Generated)
       118          0          2          0         19          0   (incl. Padding)

    ----------------------------------------------------------------------

      Code (inc. data)   RO Data    RW Data    ZI Data      Debug   Library Member Name

         8          0          0          0          0         68   __main.o
       392          4         17          0          0         92   __printf_flags_ss_wp.o
        14          0          0          0          0         68   __printf_wp.o
         0          0          0          0          0          0   __rtentry.o
        12          0          0          0          0          0   __rtentry2.o
         6          0          0          0          0          0   __rtentry4.o
        52          8          0          0          0          0   __scatter.o
        26          0          0          0          0          0   __scatter_copy.o
        28          0          0          0          0          0   __scatter_zi.o
        72          0          0          0          0         96   _c16rtomb.o
         6          0          0          0          0          0   _printf_a.o
         6          0          0          0          0          0   _printf_c.o
        44          0          0          0          0        108   _printf_char.o
        48          6          0          0          0         96   _printf_char_common.o
        40          0          0          0          0         68   _printf_charcount.o
         6          0          0          0          0          0   _printf_d.o
       120         16          0          0          0         92   _printf_dec.o
         6          0          0          0          0          0   _printf_e.o
         6          0          0          0          0          0   _printf_f.o
      1052          0          0          0          0        148   _printf_fp_dec.o
       764          8         38          0          0        100   _printf_fp_hex.o
       128         16          0          0          0         84   _printf_fp_infnan.o
         6          0          0          0          0          0   _printf_g.o
       148          4         40          0          0        160   _printf_hex_int_ll_ptr.o
         6          0          0          0          0          0   _printf_i.o
       178          0          0          0          0         88   _printf_intcommon.o
        10          0          0          0          0          0   _printf_l.o
         6          0          0          0          0          0   _printf_lc.o
        10          0          0          0          0          0   _printf_ll.o
         6          0          0          0          0          0   _printf_lld.o
         6          0          0          0          0          0   _printf_lli.o
         6          0          0          0          0          0   _printf_llo.o
         6          0          0          0          0          0   _printf_llu.o
         6          0          0          0          0          0   _printf_llx.o
       124         16          0          0          0         92   _printf_longlong_dec.o
         6          0          0          0          0          0   _printf_ls.o
         6          0          0          0          0          0   _printf_n.o
         6          0          0          0          0          0   _printf_o.o
       112          8          0          0          0        124   _printf_oct_int_ll.o
         6          0          0          0          0          0   _printf_p.o
        78          0          0          0          0        108   _printf_pad.o
         0          0          0          0          0          0   _printf_percent.o
         4          0          0          0          0          0   _printf_percent_end.o
         6          0          0          0          0          0   _printf_s.o
        82          0          0          0          0         80   _printf_str.o
        36          0          0          0          0         84   _printf_truncate.o
         6          0          0          0          0          0   _printf_u.o
        44          0          0          0          0        108   _printf_wchar.o
       188          6          8          0          0         92   _printf_wctomb.o
         6          0          0          0          0          0   _printf_x.o
        10          0          0          0          0         68   _sputc.o
       228          4        148          0          0         96   bigflt0.o
      1936        128          0          0          0        668   btod.o
        18          0          0          0          0         80   exit.o
         6          0          0          0          0        152   heapauxi.o
         0          0          0          0          0          0   indicate_semi.o
        44         10        272          0          0         76   lc_ctype_c.o
        44         10         28          0          0         76   lc_numeric_c.o
         2          0          0          0          0          0   libinit.o
        34          0          0          0          0          0   libinit2.o
         2          0          0          0          0          0   libshutdown.o
         2          0          0          0          0          0   libshutdown2.o
         8          4          0          0         96         68   libspace.o
       138          0          0          0          0         80   lludiv10.o
       240          0          0          0          0        100   lludivv7m.o
        16          4          0          0          0         76   rt_ctype_table.o
         8          4          0          0          0         68   rt_locale_intlibspace.o
        68          0          0          0          0         68   rt_memclr.o
        78          0          0          0          0         80   rt_memclr_w.o
       138          0          0          0          0         68   rt_memcpy_v6.o
       100          0          0          0          0         80   rt_memcpy_w.o
         2          0          0          0          0          0   rtexit.o
        10          0          0          0          0          0   rtexit2.o
        44          6          0          0          0         84   sprintf.o
       124          0          0          0          0         88   strcmpv7em.o
        62          0          0          0          0         76   strlen.o
        12          4          0          0          0         68   sys_exit.o
        74          0          0          0          0         80   sys_stackheap_outer.o
         2          0          0          0          0         68   use_no_semi.o
       692        140          0          0          0        264   ddiv.o
        90          4          0          0          0        140   dfixu.o
       340         12          0          0          0        152   dmul.o
       156          4          0          0          0        140   dnaninf.o
        12          0          0          0          0        116   dretinf.o
        86          4          0          0          0        132   f2d.o
       140          4          0          0          0        132   fnaninf.o
        26          0          0          0          0        116   fpinit.o
         4          0          0          0          0        116   printf1.o
         4          0          0          0          0        116   printf2.o
         0          0          0          0          0          0   usenofp.o
        48          0          0          0          0        124   fpclassify.o

    ----------------------------------------------------------------------
      9010        434        552          0         96       5872   Library Totals
        22          0          1          0          0          0   (incl. Padding)

    ----------------------------------------------------------------------

      Code (inc. data)   RO Data    RW Data    ZI Data      Debug   Library Name

      7390        266        551          0         96       4324   c_w.l
      1550        168          0          0          0       1424   fz_wm.l
        48          0          0          0          0        124   m_wm.l

    ----------------------------------------------------------------------
      9010        434        552          0         96       5872   Library Totals

    ----------------------------------------------------------------------

==============================================================================


      Code (inc. data)   RO Data    RW Data    ZI Data      Debug   

     30752        530       2036        100      66876     203869   Grand Totals
     30752        530       2036        100      66876     203869   ELF Image Totals
     30752        530       2036        100          0          0   ROM Totals

==============================================================================

    Total RO  Size (Code + RO Data)                32788 (  32.02kB)
    Total RW  Size (RW Data + ZI Data)             66976 (  65.41kB)
    Total ROM Size (Code + RO Data + RW Data)      32888 (  32.12kB)

==============================================================================

